Archive member included to satisfy reference by file (symbol)

C:/ST/STM32CubeIDE_1.17.0/STM32CubeIDE/plugins/com.st.stm32cube.ide.mcu.externaltools.gnu-tools-for-stm32.12.3.rel1.win32_1.1.0.202410251130/tools/bin/../lib/gcc/arm-none-eabi/12.3.1/../../../../arm-none-eabi/lib/thumb/v8-m.main+fp/hard\libc_nano.a(libc_a-exit.o)
                              C:/ST/STM32CubeIDE_1.17.0/STM32CubeIDE/plugins/com.st.stm32cube.ide.mcu.externaltools.gnu-tools-for-stm32.12.3.rel1.win32_1.1.0.202410251130/tools/bin/../lib/gcc/arm-none-eabi/12.3.1/../../../../arm-none-eabi/lib/thumb/v8-m.main+fp/hard/crt0.o (exit)
C:/ST/STM32CubeIDE_1.17.0/STM32CubeIDE/plugins/com.st.stm32cube.ide.mcu.externaltools.gnu-tools-for-stm32.12.3.rel1.win32_1.1.0.202410251130/tools/bin/../lib/gcc/arm-none-eabi/12.3.1/../../../../arm-none-eabi/lib/thumb/v8-m.main+fp/hard\libc_nano.a(libc_a-nano-vfprintf_float.o)
                              (_printf_float)
C:/ST/STM32CubeIDE_1.17.0/STM32CubeIDE/plugins/com.st.stm32cube.ide.mcu.externaltools.gnu-tools-for-stm32.12.3.rel1.win32_1.1.0.202410251130/tools/bin/../lib/gcc/arm-none-eabi/12.3.1/../../../../arm-none-eabi/lib/thumb/v8-m.main+fp/hard\libc_nano.a(libc_a-nano-vfprintf_i.o)
                              C:/ST/STM32CubeIDE_1.17.0/STM32CubeIDE/plugins/com.st.stm32cube.ide.mcu.externaltools.gnu-tools-for-stm32.12.3.rel1.win32_1.1.0.202410251130/tools/bin/../lib/gcc/arm-none-eabi/12.3.1/../../../../arm-none-eabi/lib/thumb/v8-m.main+fp/hard\libc_nano.a(libc_a-nano-vfprintf_float.o) (_printf_common)
C:/ST/STM32CubeIDE_1.17.0/STM32CubeIDE/plugins/com.st.stm32cube.ide.mcu.externaltools.gnu-tools-for-stm32.12.3.rel1.win32_1.1.0.202410251130/tools/bin/../lib/gcc/arm-none-eabi/12.3.1/../../../../arm-none-eabi/lib/thumb/v8-m.main+fp/hard\libc_nano.a(libc_a-nano-vfscanf_float.o)
                              (_scanf_float)
C:/ST/STM32CubeIDE_1.17.0/STM32CubeIDE/plugins/com.st.stm32cube.ide.mcu.externaltools.gnu-tools-for-stm32.12.3.rel1.win32_1.1.0.202410251130/tools/bin/../lib/gcc/arm-none-eabi/12.3.1/../../../../arm-none-eabi/lib/thumb/v8-m.main+fp/hard\libc_nano.a(libc_a-findfp.o)
                              C:/ST/STM32CubeIDE_1.17.0/STM32CubeIDE/plugins/com.st.stm32cube.ide.mcu.externaltools.gnu-tools-for-stm32.12.3.rel1.win32_1.1.0.202410251130/tools/bin/../lib/gcc/arm-none-eabi/12.3.1/../../../../arm-none-eabi/lib/thumb/v8-m.main+fp/hard\libc_nano.a(libc_a-exit.o) (__stdio_exit_handler)
C:/ST/STM32CubeIDE_1.17.0/STM32CubeIDE/plugins/com.st.stm32cube.ide.mcu.externaltools.gnu-tools-for-stm32.12.3.rel1.win32_1.1.0.202410251130/tools/bin/../lib/gcc/arm-none-eabi/12.3.1/../../../../arm-none-eabi/lib/thumb/v8-m.main+fp/hard\libc_nano.a(libc_a-fwalk.o)
                              C:/ST/STM32CubeIDE_1.17.0/STM32CubeIDE/plugins/com.st.stm32cube.ide.mcu.externaltools.gnu-tools-for-stm32.12.3.rel1.win32_1.1.0.202410251130/tools/bin/../lib/gcc/arm-none-eabi/12.3.1/../../../../arm-none-eabi/lib/thumb/v8-m.main+fp/hard\libc_nano.a(libc_a-findfp.o) (_fwalk_sglue)
C:/ST/STM32CubeIDE_1.17.0/STM32CubeIDE/plugins/com.st.stm32cube.ide.mcu.externaltools.gnu-tools-for-stm32.12.3.rel1.win32_1.1.0.202410251130/tools/bin/../lib/gcc/arm-none-eabi/12.3.1/../../../../arm-none-eabi/lib/thumb/v8-m.main+fp/hard\libc_nano.a(libc_a-sprintf.o)
                              C:/ST/STM32CubeIDE_1.17.0/STM32CubeIDE/plugins/com.st.stm32cube.ide.mcu.externaltools.gnu-tools-for-stm32.12.3.rel1.win32_1.1.0.202410251130/tools/bin/../lib/gcc/arm-none-eabi/12.3.1/../../../../arm-none-eabi/lib/thumb/v8-m.main+fp/hard\libc_nano.a(libc_a-nano-vfscanf_float.o) (sprintf)
C:/ST/STM32CubeIDE_1.17.0/STM32CubeIDE/plugins/com.st.stm32cube.ide.mcu.externaltools.gnu-tools-for-stm32.12.3.rel1.win32_1.1.0.202410251130/tools/bin/../lib/gcc/arm-none-eabi/12.3.1/../../../../arm-none-eabi/lib/thumb/v8-m.main+fp/hard\libc_nano.a(libc_a-stdio.o)
                              C:/ST/STM32CubeIDE_1.17.0/STM32CubeIDE/plugins/com.st.stm32cube.ide.mcu.externaltools.gnu-tools-for-stm32.12.3.rel1.win32_1.1.0.202410251130/tools/bin/../lib/gcc/arm-none-eabi/12.3.1/../../../../arm-none-eabi/lib/thumb/v8-m.main+fp/hard\libc_nano.a(libc_a-findfp.o) (__sread)
C:/ST/STM32CubeIDE_1.17.0/STM32CubeIDE/plugins/com.st.stm32cube.ide.mcu.externaltools.gnu-tools-for-stm32.12.3.rel1.win32_1.1.0.202410251130/tools/bin/../lib/gcc/arm-none-eabi/12.3.1/../../../../arm-none-eabi/lib/thumb/v8-m.main+fp/hard\libc_nano.a(libc_a-memmove.o)
                              ./Drivers/STM32H5xx_HAL_Driver/Src/stm32h5xx_hal_dma_ex.o (memmove)
C:/ST/STM32CubeIDE_1.17.0/STM32CubeIDE/plugins/com.st.stm32cube.ide.mcu.externaltools.gnu-tools-for-stm32.12.3.rel1.win32_1.1.0.202410251130/tools/bin/../lib/gcc/arm-none-eabi/12.3.1/../../../../arm-none-eabi/lib/thumb/v8-m.main+fp/hard\libc_nano.a(libc_a-memset.o)
[...]
Memory Configuration

Name             Origin             Length             Attributes
RAM              0x20000000         0x00044000         xrw
FLASH            0x08000000         0x00040000         xr
*default*        0x00000000         0xffffffff

Linker script and memory map

LOAD C:/ST/STM32CubeIDE_1.17.0/STM32CubeIDE/plugins/com.st.stm32cube.ide.mcu.externaltools.gnu-tools-for-stm32.12.3.rel1.win32_1.1.0.202410251130/tools/bin/../lib/gcc/arm-none-eabi/12.3.1/thumb/v8-m.main+fp/hard/crti.o
LOAD C:/ST/STM32CubeIDE_1.17.0/STM32CubeIDE/plugins/com.st.stm32cube.ide.mcu.externaltools.gnu-tools-for-stm32.12.3.rel1.win32_1.1.0.202410251130/tools/bin/../lib/gcc/arm-none-eabi/12.3.1/thumb/v8-m.main+fp/hard/crtbegin.o
LOAD C:/ST/STM32CubeIDE_1.17.0/STM32CubeIDE/plugins/com.st.stm32cube.ide.mcu.externaltools.gnu-tools-for-stm32.12.3.rel1.win32_1.1.0.202410251130/tools/bin/../lib/gcc/arm-none-eabi/12.3.1/../../../../arm-none-eabi/lib/thumb/v8-m.main+fp/hard/crt0.o
LOAD ./Core/Src/adc.o
LOAD ./Core/Src/fdcan.o
LOAD ./Core/Src/gpdma.o
LOAD ./Core/Src/gpio.o
LOAD ./Core/Src/i2c.o
LOAD ./Core/Src/main.o
LOAD ./Core/Src/memorymap.o
LOAD ./Core/Src/stm32h5xx_hal_msp.o
LOAD ./Core/Src/stm32h5xx_it.o
LOAD ./Core/Src/syscalls.o
LOAD ./Core/Src/sysmem.o
LOAD ./Core/Src/system_stm32h5xx.o
LOAD ./Core/Src/tim.o
LOAD ./Core/Src/usb.o
LOAD ./Core/Startup/startup_stm32h523ccux.o
LOAD ./Custom/adxl_mgr.o
LOAD ./Custom/analog_mgr.o
LOAD ./Custom/can_conv_funcs.o
LOAD ./Custom/can_mgr.o
LOAD ./Custom/custom_main.o
LOAD ./Custom/usb_mgr.o
LOAD ./Drivers/STM32H5xx_HAL_Driver/Src/stm32h5xx_hal.o
LOAD ./Drivers/STM32H5xx_HAL_Driver/Src/stm32h5xx_hal_adc.o
LOAD ./Drivers/STM32H5xx_HAL_Driver/Src/stm32h5xx_hal_adc_ex.o
LOAD ./Drivers/STM32H5xx_HAL_Driver/Src/stm32h5xx_hal_cortex.o
LOAD ./Drivers/STM32H5xx_HAL_Driver/Src/stm32h5xx_hal_dma.o
LOAD ./Drivers/STM32H5xx_HAL_Driver/Src/stm32h5xx_hal_dma_ex.o
LOAD ./Drivers/STM32H5xx_HAL_Driver/Src/stm32h5xx_hal_exti.o
LOAD ./Drivers/STM32H5xx_HAL_Driver/Src/stm32h5xx_hal_fdcan.o
LOAD ./Drivers/STM32H5xx_HAL_Driver/Src/stm32h5xx_hal_flash.o
LOAD ./Drivers/STM32H5xx_HAL_Driver/Src/stm32h5xx_hal_flash_ex.o
LOAD ./Drivers/STM32H5xx_HAL_Driver/Src/stm32h5xx_hal_gpio.o
LOAD ./Drivers/STM32H5xx_HAL_Driver/Src/stm32h5xx_hal_i2c.o
LOAD ./Drivers/STM32H5xx_HAL_Driver/Src/stm32h5xx_hal_i2c_ex.o
LOAD ./Drivers/STM32H5xx_HAL_Driver/Src/stm32h5xx_hal_pcd.o
LOAD ./Drivers/STM32H5xx_HAL_Driver/Src/stm32h5xx_hal_pcd_ex.o
LOAD ./Drivers/STM32H5xx_HAL_Driver/Src/stm32h5xx_hal_pwr.o
LOAD ./Drivers/STM32H5xx_HAL_Driver/Src/stm32h5xx_hal_pwr_ex.o
LOAD ./Drivers/STM32H5xx_HAL_Driver/Src/stm32h5xx_hal_rcc.o
LOAD ./Drivers/STM32H5xx_HAL_Driver/Src/stm32h5xx_hal_rcc_ex.o
LOAD ./Drivers/STM32H5xx_HAL_Driver/Src/stm32h5xx_hal_tim.o
LOAD ./Drivers/STM32H5xx_HAL_Driver/Src/stm32h5xx_hal_tim_ex.o
LOAD ./Drivers/STM32H5xx_HAL_Driver/Src/stm32h5xx_ll_usb.o
LOAD ./USB_Device/App/usb_device.o
LOAD ./USB_Device/App/usbd_cdc.o
LOAD ./USB_Device/App/usbd_cdc_if.o
LOAD ./USB_Device/App/usbd_core.o
LOAD ./USB_Device/App/usbd_ctlreq.o
LOAD ./USB_Device/App/usbd_desc.o
LOAD ./USB_Device/App/usbd_ioreq.o
LOAD ./USB_Device/Target/usbd_conf.o
LOAD ./linked_files/lib_modbus.o
START GROUP
LOAD C:/ST/STM32CubeIDE_1.17.0/STM32CubeIDE/plugins/com.st.stm32cube.ide.mcu.externaltools.gnu-tools-for-stm32.12.3.rel1.win32_1.1.0.202410251130/tools/bin/../lib/gcc/arm-none-eabi/12.3.1/../../../../arm-none-eabi/lib/thumb/v8-m.main+fp/hard\libc_nano.a
LOAD C:/ST/STM32CubeIDE_1.17.0/STM32CubeIDE/plugins/com.st.stm32cube.ide.mcu.externaltools.gnu-tools-for-stm32.12.3.rel1.win32_1.1.0.202410251130/tools/bin/../lib/gcc/arm-none-eabi/12.3.1/../../../../arm-none-eabi/lib/thumb/v8-m.main+fp/hard\libm.a
END GROUP
START GROUP
LOAD C:/ST/STM32CubeIDE_1.17.0/STM32CubeIDE/plugins/com.st.stm32cube.ide.mcu.externaltools.gnu-tools-for-stm32.12.3.rel1.win32_1.1.0.202410251130/tools/bin/../lib/gcc/arm-none-eabi/12.3.1/thumb/v8-m.main+fp/hard\libgcc.a
LOAD C:/ST/STM32CubeIDE_1.17.0/STM32CubeIDE/plugins/com.st.stm32cube.ide.mcu.externaltools.gnu-tools-for-stm32.12.3.rel1.win32_1.1.0.202410251130/tools/bin/../lib/gcc/arm-none-eabi/12.3.1/../../../../arm-none-eabi/lib/thumb/v8-m.main+fp/hard\libc_nano.a
END GROUP
START GROUP
LOAD C:/ST/STM32CubeIDE_1.17.0/STM32CubeIDE/plugins/com.st.stm32cube.ide.mcu.externaltools.gnu-tools-for-stm32.12.3.rel1.win32_1.1.0.202410251130/tools/bin/../lib/gcc/arm-none-eabi/12.3.1/thumb/v8-m.main+fp/hard\libgcc.a
LOAD C:/ST/STM32CubeIDE_1.17.0/STM32CubeIDE/plugins/com.st.stm32cube.ide.mcu.externaltools.gnu-tools-for-stm32.12.3.rel1.win32_1.1.0.202410251130/tools/bin/../lib/gcc/arm-none-eabi/12.3.1/../../../../arm-none-eabi/lib/thumb/v8-m.main+fp/hard\libc_nano.a
LOAD C:/ST/STM32CubeIDE_1.17.0/STM32CubeIDE/plugins/com.st.stm32cube.ide.mcu.externaltools.gnu-tools-for-stm32.12.3.rel1.win32_1.1.0.202410251130/tools/bin/../lib/gcc/arm-none-eabi/12.3.1/../../../../arm-none-eabi/lib/thumb/v8-m.main+fp/hard\libnosys.a
END GROUP
START GROUP
LOAD C:/ST/STM32CubeIDE_1.17.0/STM32CubeIDE/plugins/com.st.stm32cube.ide.mcu.externaltools.gnu-tools-for-stm32.12.3.rel1.win32_1.1.0.202410251130/tools/bin/../lib/gcc/arm-none-eabi/12.3.1/thumb/v8-m.main+fp/hard\libgcc.a
LOAD C:/ST/STM32CubeIDE_1.17.0/STM32CubeIDE/plugins/com.st.stm32cube.ide.mcu.externaltools.gnu-tools-for-stm32.12.3.rel1.win32_1.1.0.202410251130/tools/bin/../lib/gcc/arm-none-eabi/12.3.1/../../../../arm-none-eabi/lib/thumb/v8-m.main+fp/hard\libc_nano.a
LOAD C:/ST/STM32CubeIDE_1.17.0/STM32CubeIDE/plugins/com.st.stm32cube.ide.mcu.externaltools.gnu-tools-for-stm32.12.3.rel1.win32_1.1.0.202410251130/tools/bin/../lib/gcc/arm-none-eabi/12.3.1/../../../../arm-none-eabi/lib/thumb/v8-m.main+fp/hard\libnosys.a
END GROUP
LOAD C:/ST/STM32CubeIDE_1.17.0/STM32CubeIDE/plugins/com.st.stm32cube.ide.mcu.externaltools.gnu-tools-for-stm32.12.3.rel1.win32_1.1.0.202410251130/tools/bin/../lib/gcc/arm-none-eabi/12.3.1/thumb/v8-m.main+fp/hard/crtend.o
LOAD C:/ST/STM32CubeIDE_1.17.0/STM32CubeIDE/plugins/com.st.stm32cube.ide.mcu.externaltools.gnu-tools-for-stm32.12.3.rel1.win32_1.1.0.202410251130/tools/bin/../lib/gcc/arm-none-eabi/12.3.1/thumb/v8-m.main+fp/hard/crtn.o
                0x20044000                        _estack = (ORIGIN (RAM) + LENGTH (RAM))
                0x00000200                        _Min_Heap_Size = 0x200
                0x00000400                        _Min_Stack_Size = 0x400

.isr_vector     0x08000000      0x254
                0x08000000                        . = ALIGN (0x4)
 *(.isr_vector)
 .isr_vector    0x08000000      0x254 ./Core/Startup/startup_stm32h523ccux.o
                0x08000000                g_pfnVectors
                0x08000254                        . = ALIGN (0x4)

.text           0x08000258     0xe818
                0x08000258                        . = ALIGN (0x4)
 *(.text)
 .text          0x08000258       0x40 C:/ST/STM32CubeIDE_1.17.0/STM32CubeIDE/plugins/com.st.stm32cube.ide.mcu.externaltools.gnu-tools-for-stm32.12.3.rel1.win32_1.1.0.202410251130/tools/bin/../lib/gcc/arm-none-eabi/12.3.1/thumb/v8-m.main+fp/hard/crtbegin.o
 .text          0x08000298       0x10 C:/ST/STM32CubeIDE_1.17.0/STM32CubeIDE/plugins/com.st.stm32cube.ide.mcu.externaltools.gnu-tools-for-stm32.12.3.rel1.win32_1.1.0.202410251130/tools/bin/../lib/gcc/arm-none-eabi/12.3.1/../../../../arm-none-eabi/lib/thumb/v8-m.main+fp/hard\libc_nano.a(libc_a-strlen.o)
                0x08000298                strlen
 .text          0x080002a8      0x378 C:/ST/STM32CubeIDE_1.17.0/STM32CubeIDE/plugins/com.st.stm32cube.ide.mcu.externaltools.gnu-tools-for-stm32.12.3.rel1.win32_1.1.0.202410251130/tools/bin/../lib/gcc/arm-none-eabi/12.3.1/thumb/v8-m.main+fp/hard\libgcc.a(_arm_addsubdf3.o)
                0x080002a8                __aeabi_drsub
                0x080002b0                __aeabi_dsub
                0x080002b0                __subdf3
                0x080002b4                __aeabi_dadd
                0x080002b4                __adddf3
                0x0800052c                __floatunsidf
                0x0800052c                __aeabi_ui2d
                0x0800054c                __floatsidf
                0x0800054c                __aeabi_i2d
                0x08000570                __aeabi_f2d
                0x08000570                __extendsfdf2
                0x080005b4                __floatundidf
                0x080005b4                __aeabi_ul2d
                0x080005c4                __floatdidf
                0x080005c4                __aeabi_l2d
 .text          0x08000620      0x424 C:/ST/STM32CubeIDE_1.17.0/STM32CubeIDE/plugins/com.st.stm32cube.ide.mcu.externaltools.gnu-tools-for-stm32.12.3.rel1.win32_1.1.0.202410251130/tools/bin/../lib/gcc/arm-none-eabi/12.3.1/thumb/v8-m.main+fp/hard\libgcc.a(_arm_muldivdf3.o)
                0x08000620                __aeabi_dmul
                0x08000620                __muldf3
                0x08000874                __divdf3
                0x08000874                __aeabi_ddiv
 .text          0x08000a44      0x110 C:/ST/STM32CubeIDE_1.17.0/STM32CubeIDE/plugins/com.st.stm32cube.ide.mcu.externaltools.gnu-tools-for-stm32.12.3.rel1.win32_1.1.0.202410251130/tools/bin/../lib/gcc/arm-none-eabi/12.3.1/thumb/v8-m.main+fp/hard\libgcc.a(_arm_cmpdf2.o)
                0x08000a44                __gtdf2
                0x08000a44                __gedf2
                0x08000a4c                __ltdf2
                0x08000a4c                __ledf2
                0x08000a54                __nedf2
                0x08000a54                __eqdf2
                0x08000a54                __cmpdf2
                0x08000ad0                __aeabi_cdrcmple
                0x08000ae0                __aeabi_cdcmpeq
                0x08000ae0                __aeabi_cdcmple
                0x08000af0                __aeabi_dcmpeq
                0x08000b04                __aeabi_dcmplt
                0x08000b18                __aeabi_dcmple
                0x08000b2c                __aeabi_dcmpge
                0x08000b40                __aeabi_dcmpgt
 .text          0x08000b54       0x2c C:/ST/STM32CubeIDE_1.17.0/STM32CubeIDE/plugins/com.st.stm32cube.ide.mcu.externaltools.gnu-tools-for-stm32.12.3.rel1.win32_1.1.0.202410251130/tools/bin/../lib/gcc/arm-none-eabi/12.3.1/thumb/v8-m.main+fp/hard\libgcc.a(_arm_unorddf2.o)
                0x08000b54                __unorddf2
                0x08000b54                __aeabi_dcmpun
 .text          0x08000b80       0x50 C:/ST/STM32CubeIDE_1.17.0/STM32CubeIDE/plugins/com.st.stm32cube.ide.mcu.externaltools.gnu-tools-for-stm32.12.3.rel1.win32_1.1.0.202410251130/tools/bin/../lib/gcc/arm-none-eabi/12.3.1/thumb/v8-m.main+fp/hard\libgcc.a(_arm_fixdfsi.o)
                0x08000b80                __aeabi_d2iz
                0x08000b80                __fixdfsi
 .text          0x08000bd0       0x40 C:/ST/STM32CubeIDE_1.17.0/STM32CubeIDE/plugins/com.st.stm32cube.ide.mcu.externaltools.gnu-tools-for-stm32.12.3.rel1.win32_1.1.0.202410251130/tools/bin/../lib/gcc/arm-none-eabi/12.3.1/thumb/v8-m.main+fp/hard\libgcc.a(_arm_fixunsdfsi.o)
                0x08000bd0                __aeabi_d2uiz
                0x08000bd0                __fixunsdfsi
 .text          0x08000c10       0xa0 C:/ST/STM32CubeIDE_1.17.0/STM32CubeIDE/plugins/com.st.stm32cube.ide.mcu.externaltools.gnu-tools-for-stm32.12.3.rel1.win32_1.1.0.202410251130/tools/bin/../lib/gcc/arm-none-eabi/12.3.1/thumb/v8-m.main+fp/hard\libgcc.a(_arm_truncdfsf2.o)
                0x08000c10                __truncdfsf2
                0x08000c10                __aeabi_d2f
 .text          0x08000cb0       0x30 C:/ST/STM32CubeIDE_1.17.0/STM32CubeIDE/plugins/com.st.stm32cube.ide.mcu.externaltools.gnu-tools-for-stm32.12.3.rel1.win32_1.1.0.202410251130/tools/bin/../lib/gcc/arm-none-eabi/12.3.1/thumb/v8-m.main+fp/hard\libgcc.a(_fixdfdi.o)
                0x08000cb0                __fixdfdi
                0x08000cb0                __aeabi_d2lz
 .text          0x08000ce0       0x3c C:/ST/STM32CubeIDE_1.17.0/STM32CubeIDE/plugins/com.st.stm32cube.ide.mcu.externaltools.gnu-tools-for-stm32.12.3.rel1.win32_1.1.0.202410251130/tools/bin/../lib/gcc/arm-none-eabi/12.3.1/thumb/v8-m.main+fp/hard\libgcc.a(_fixunsdfdi.o)
                0x08000ce0                __fixunsdfdi
                0x08000ce0                __aeabi_d2ulz
 *(.text*)
 .text.MX_ADC1_Init
                0x08000d1c      0x108 ./Core/Src/adc.o
                0x08000d1c                MX_ADC1_Init
 *fill*         0x08000e24        0x4 
 .text.HAL_ADC_MspInit
                0x08000e28      0x184 ./Core/Src/adc.o
                0x08000e28                HAL_ADC_MspInit
 .text.MX_FDCAN1_Init
                0x08000fac       0x84 ./Core/Src/fdcan.o
                0x08000fac                MX_FDCAN1_Init
 .text.HAL_FDCAN_MspInit
                0x08001030       0xcc ./Core/Src/fdcan.o
                0x08001030                HAL_FDCAN_MspInit
 .text.MX_GPDMA1_Init
                0x080010fc       0x38 ./Core/Src/gpdma.o
                0x080010fc                MX_GPDMA1_Init
 .text.MX_GPIO_Init
                0x08001134       0xd0 ./Core/Src/gpio.o
                0x08001134                MX_GPIO_Init
 .text.MX_I2C2_Init
                0x08001204       0x70 ./Core/Src/i2c.o
                0x08001204                MX_I2C2_Init
 .text.MX_I2C3_Init
                0x08001274       0x70 ./Core/Src/i2c.o
                0x08001274                MX_I2C3_Init
 *fill*         0x080012e4        0x4 
 .text.HAL_I2C_MspInit
                0x080012e8      0x194 ./Core/Src/i2c.o
                0x080012e8                HAL_I2C_MspInit
 .text.SystemClock_Config
                0x0800147c       0xb0 ./Core/Src/main.o
                0x0800147c                SystemClock_Config
 .text.startup.main
                0x0800152c       0x38 ./Core/Src/main.o
                0x0800152c                main
 .text.Error_Handler
                0x08001564        0x4 ./Core/Src/main.o
                0x08001564                Error_Handler
 .text.HAL_MspInit
                0x08001568        0x4 ./Core/Src/stm32h5xx_hal_msp.o
                0x08001568                HAL_MspInit
 .text.NMI_Handler
                0x0800156c        0x4 ./Core/Src/stm32h5xx_it.o
                0x0800156c                NMI_Handler
 .text.HardFault_Handler
                0x08001570        0x4 ./Core/Src/stm32h5xx_it.o
                0x08001570                HardFault_Handler
 .text.MemManage_Handler
                0x08001574        0x4 ./Core/Src/stm32h5xx_it.o
                0x08001574                MemManage_Handler
 .text.BusFault_Handler
                0x08001578        0x4 ./Core/Src/stm32h5xx_it.o
                0x08001578                BusFault_Handler
 .text.UsageFault_Handler
                0x0800157c        0x4 ./Core/Src/stm32h5xx_it.o
                0x0800157c                UsageFault_Handler
 .text.SVC_Handler
                0x08001580        0x4 ./Core/Src/stm32h5xx_it.o
                0x08001580                SVC_Handler
 .text.DebugMon_Handler
                0x08001584        0x4 ./Core/Src/stm32h5xx_it.o
                0x08001584                DebugMon_Handler
 .text.PendSV_Handler
                0x08001588        0x4 ./Core/Src/stm32h5xx_it.o
                0x08001588                PendSV_Handler
 .text.SysTick_Handler
                0x0800158c        0x4 ./Core/Src/stm32h5xx_it.o
                0x0800158c                SysTick_Handler
 .text.GPDMA1_Channel0_IRQHandler
                0x08001590        0xc ./Core/Src/stm32h5xx_it.o
                0x08001590                GPDMA1_Channel0_IRQHandler
 .text.FDCAN1_IT0_IRQHandler
                0x0800159c        0xc ./Core/Src/stm32h5xx_it.o
                0x0800159c                FDCAN1_IT0_IRQHandler
 .text.TIM6_IRQHandler
                0x080015a8        0xc ./Core/Src/stm32h5xx_it.o
                0x080015a8                TIM6_IRQHandler
 .text.TIM7_IRQHandler
                0x080015b4       0x14 ./Core/Src/stm32h5xx_it.o
                0x080015b4                TIM7_IRQHandler
 .text.I2C2_EV_IRQHandler
                0x080015c8        0xc ./Core/Src/stm32h5xx_it.o
                0x080015c8                I2C2_EV_IRQHandler
 .text.I2C2_ER_IRQHandler
                0x080015d4        0xc ./Core/Src/stm32h5xx_it.o
                0x080015d4                I2C2_ER_IRQHandler
 .text.USB_DRD_FS_IRQHandler
                0x080015e0        0xc ./Core/Src/stm32h5xx_it.o
                0x080015e0                USB_DRD_FS_IRQHandler
 .text.I2C3_EV_IRQHandler
                0x080015ec        0xc ./Core/Src/stm32h5xx_it.o
                0x080015ec                I2C3_EV_IRQHandler
 .text.I2C3_ER_IRQHandler
                0x080015f8        0xc ./Core/Src/stm32h5xx_it.o
                0x080015f8                I2C3_ER_IRQHandler
 .text._getpid  0x08001604        0x4 ./Core/Src/syscalls.o
                0x08001604                _getpid
 .text._kill    0x08001608       0x14 ./Core/Src/syscalls.o
                0x08001608                _kill
 .text._exit    0x0800161c        0xc ./Core/Src/syscalls.o
                0x0800161c                _exit
 .text._read    0x08001628       0x1c ./Core/Src/syscalls.o
                0x08001628                _read
 .text._write   0x08001644       0x1c ./Core/Src/syscalls.o
                0x08001644                _write
 .text._close   0x08001660        0x8 ./Core/Src/syscalls.o
                0x08001660                _close
 .text._fstat   0x08001668        0xc ./Core/Src/syscalls.o
                0x08001668                _fstat
 .text._isatty  0x08001674        0x4 ./Core/Src/syscalls.o
                0x08001674                _isatty
 .text._lseek   0x08001678        0x4 ./Core/Src/syscalls.o
                0x08001678                _lseek
 .text._sbrk    0x0800167c       0x48 ./Core/Src/sysmem.o
                0x0800167c                _sbrk
 .text.SystemInit
                0x080016c4       0x9c ./Core/Src/system_stm32h5xx.o
                0x080016c4                SystemInit
 .text.MX_TIM6_Init
                0x08001760       0x54 ./Core/Src/tim.o
                0x08001760                MX_TIM6_Init
 .text.MX_TIM7_Init
                0x080017b4       0x54 ./Core/Src/tim.o
                0x080017b4                MX_TIM7_Init
 .text.HAL_TIM_Base_MspInit
                0x08001808       0x84 ./Core/Src/tim.o
                0x08001808                HAL_TIM_Base_MspInit
 .text.MX_USB_PCD_Init
                0x0800188c       0x34 ./Core/Src/usb.o
                0x0800188c                MX_USB_PCD_Init
 .text.Reset_Handler
                0x080018c0       0x50 ./Core/Startup/startup_stm32h523ccux.o
                0x080018c0                Reset_Handler
 .text.Default_Handler
                0x08001910        0x2 ./Core/Startup/startup_stm32h523ccux.o
                0x08001910                EXTI2_IRQHandler
                0x08001910                TIM8_TRG_COM_IRQHandler
                0x08001910                TIM8_CC_IRQHandler
                0x08001910                EXTI5_IRQHandler
                0x08001910                I3C1_ER_IRQHandler
                0x08001910                SPI4_IRQHandler
                0x08001910                GPDMA2_Channel1_IRQHandler
                0x08001910                FLASH_S_IRQHandler
                0x08001910                EXTI13_IRQHandler
                0x08001910                TIM1_CC_IRQHandler
                0x08001910                GPDMA2_Channel3_IRQHandler
                0x08001910                TAMP_IRQHandler
                0x08001910                EXTI12_IRQHandler
                0x08001910                EXTI3_IRQHandler
                0x08001910                GPDMA1_Channel5_IRQHandler
                0x08001910                EXTI8_IRQHandler
                0x08001910                GPDMA2_Channel5_IRQHandler
                0x08001910                LPTIM2_IRQHandler
                0x08001910                GPDMA2_Channel2_IRQHandler
                0x08001910                EXTI0_IRQHandler
                0x08001910                FPU_IRQHandler
                0x08001910                GPDMA1_Channel3_IRQHandler
                0x08001910                GPDMA1_Channel7_IRQHandler
                0x08001910                FDCAN1_IT1_IRQHandler
                0x08001910                RAMCFG_IRQHandler
                0x08001910                DCACHE1_IRQHandler
                0x08001910                SPI1_IRQHandler
                0x08001910                OCTOSPI1_IRQHandler
                0x08001910                GPDMA1_Channel2_IRQHandler
                0x08001910                TIM8_UP_IRQHandler
                0x08001910                RCC_S_IRQHandler
                0x08001910                ADC1_IRQHandler
                0x08001910                USART6_IRQHandler
                0x08001910                I3C2_ER_IRQHandler
                0x08001910                EXTI15_IRQHandler
                0x08001910                USART3_IRQHandler
                0x08001910                RTC_IRQHandler
                0x08001910                EXTI9_IRQHandler
                0x08001910                UART5_IRQHandler
                0x08001910                TIM4_IRQHandler
                0x08001910                I3C2_EV_IRQHandler
                0x08001910                I2C1_EV_IRQHandler
                0x08001910                GPDMA1_Channel1_IRQHandler
                0x08001910                UART4_IRQHandler
                0x08001910                SecureFault_Handler
                0x08001910                TIM3_IRQHandler
                0x08001910                RCC_IRQHandler
                0x08001910                TIM1_TRG_COM_IRQHandler
                0x08001910                Default_Handler
                0x08001910                CEC_IRQHandler
                0x08001910                GPDMA2_Channel4_IRQHandler
                0x08001910                TIM12_IRQHandler
                0x08001910                SDMMC1_IRQHandler
                0x08001910                TIM5_IRQHandler
                0x08001910                UCPD1_IRQHandler
                0x08001910                I3C1_EV_IRQHandler
                0x08001910                TIM15_IRQHandler
                0x08001910                PVD_AVD_IRQHandler
                0x08001910                ADC2_IRQHandler
                0x08001910                SPI2_IRQHandler
                0x08001910                EXTI14_IRQHandler
                0x08001910                EXTI11_IRQHandler
                0x08001910                CRS_IRQHandler
                0x08001910                EXTI4_IRQHandler
                0x08001910                GPDMA2_Channel0_IRQHandler
                0x08001910                RTC_S_IRQHandler
                0x08001910                RNG_IRQHandler
                0x08001910                FDCAN2_IT1_IRQHandler
                0x08001910                GPDMA2_Channel6_IRQHandler
                0x08001910                TIM1_UP_IRQHandler
                0x08001910                WWDG_IRQHandler
                0x08001910                FDCAN2_IT0_IRQHandler
                0x08001910                IWDG_IRQHandler
                0x08001910                LPUART1_IRQHandler
                0x08001910                TIM2_IRQHandler
                0x08001910                GPDMA1_Channel4_IRQHandler
                0x08001910                EXTI7_IRQHandler
                0x08001910                TIM1_BRK_IRQHandler
                0x08001910                EXTI1_IRQHandler
                0x08001910                DAC1_IRQHandler
                0x08001910                DTS_IRQHandler
                0x08001910                GTZC_IRQHandler
                0x08001910                USART2_IRQHandler
                0x08001910                GPDMA1_Channel6_IRQHandler
                0x08001910                GPDMA2_Channel7_IRQHandler
                0x08001910                TIM8_BRK_IRQHandler
                0x08001910                FLASH_IRQHandler
                0x08001910                USART1_IRQHandler
                0x08001910                EXTI10_IRQHandler
                0x08001910                SPI3_IRQHandler
                0x08001910                I2C1_ER_IRQHandler
                0x08001910                FMC_IRQHandler
                0x08001910                EXTI6_IRQHandler
                0x08001910                LPTIM1_IRQHandler
                0x08001910                DCMI_PSSI_IRQHandler
                0x08001910                ICACHE_IRQHandler
                0x08001910                HASH_IRQHandler
 *fill*         0x08001912        0x6 
 .text.adxl_MemRxCpltCallback
                0x08001918      0x184 ./Custom/adxl_mgr.o
                0x08001918                adxl_MemRxCpltCallback
 .text.adxl_MemTxCpltCallback
                0x08001a9c       0x54 ./Custom/adxl_mgr.o
                0x08001a9c                adxl_MemTxCpltCallback
 .text.adxl_init
                0x08001af0       0x44 ./Custom/adxl_mgr.o
                0x08001af0                adxl_init
 .text.adxl_mainloop
                0x08001b34      0x15c ./Custom/adxl_mgr.o
                0x08001b34                adxl_mainloop
 .text.analog_init
                0x08001c90       0x14 ./Custom/analog_mgr.o
                0x08001c90                analog_init
 .text.HAL_ADC_ConvCpltCallback
                0x08001ca4       0x20 ./Custom/analog_mgr.o
                0x08001ca4                HAL_ADC_ConvCpltCallback
 .text.can_ConvPercent
                0x08001cc4       0x20 ./Custom/can_conv_funcs.o
                0x08001cc4                can_ConvPercent
 .text.can_ConvAbsoluteMAP
                0x08001ce4        0x4 ./Custom/can_conv_funcs.o
                0x08001ce4                can_ConvAbsoluteMAP
 .text.can_ConvVehicleSpeed
                0x08001ce8        0x4 ./Custom/can_conv_funcs.o
                0x08001ce8                can_ConvVehicleSpeed
 .text.can_ConvertRPM
                0x08001cec       0x14 ./Custom/can_conv_funcs.o
                0x08001cec                can_ConvertRPM
 .text.can_ConvTemp1
                0x08001d00       0x2c ./Custom/can_conv_funcs.o
                0x08001d00                can_ConvTemp1
 .text.can_ConvTemp2
                0x08001d2c       0x28 ./Custom/can_conv_funcs.o
                0x08001d2c                can_ConvTemp2
 .text.can_ConvFuelTrim
                0x08001d54       0x30 ./Custom/can_conv_funcs.o
                0x08001d54                can_ConvFuelTrim
 .text.can_ConvO2Group3
                0x08001d84       0x24 ./Custom/can_conv_funcs.o
                0x08001d84                can_ConvO2Group3
 .text.can_ConvTimingAdvance
                0x08001da8       0x30 ./Custom/can_conv_funcs.o
                0x08001da8                can_ConvTimingAdvance
 .text.can_ConvTargetAFR
                0x08001dd8       0x20 ./Custom/can_conv_funcs.o
                0x08001dd8                can_ConvTargetAFR
 .text.can_ConvMazdaOilTemp
                0x08001df8       0x30 ./Custom/can_conv_funcs.o
                0x08001df8                can_ConvMazdaOilTemp
 .text.can_ConvMazdaAtfTemp
                0x08001e28       0x1c ./Custom/can_conv_funcs.o
                0x08001e28                can_ConvMazdaAtfTemp
 .text.HAL_FDCAN_RxFifo0Callback
                0x08001e44       0x60 ./Custom/can_mgr.o
                0x08001e44                HAL_FDCAN_RxFifo0Callback
 .text.can_sendRequest
                0x08001ea4       0x68 ./Custom/can_mgr.o
                0x08001ea4                can_sendRequest
 .text.can_onDataReceived
                0x08001f0c       0x94 ./Custom/can_mgr.o
                0x08001f0c                can_onDataReceived
 .text.can_Init
                0x08001fa0       0x2c ./Custom/can_mgr.o
                0x08001fa0                can_Init
 .text.can_timingloop
                0x08001fcc        0x4 ./Custom/can_mgr.o
                0x08001fcc                can_timingloop
 .text.can_1sloop
                0x08001fd0        0x4 ./Custom/can_mgr.o
                0x08001fd0                can_1sloop
 .text.can_mainloop
                0x08001fd4      0x1a8 ./Custom/can_mgr.o
                0x08001fd4                can_mainloop
 .text.Get10kTick
                0x0800217c        0xc ./Custom/custom_main.o
                0x0800217c                Get10kTick
 .text.timing_loop
                0x08002188       0x50 ./Custom/custom_main.o
                0x08002188                timing_loop
 .text.custom_init
                0x080021d8       0x2c ./Custom/custom_main.o
                0x080021d8                custom_init
 .text.mainloop
                0x08002204       0x54 ./Custom/custom_main.o
                0x08002204                mainloop
 .text.HAL_I2C_MemRxCpltCallback
                0x08002258       0x14 ./Custom/custom_main.o
                0x08002258                HAL_I2C_MemRxCpltCallback
 .text.HAL_I2C_MemTxCpltCallback
                0x0800226c       0x14 ./Custom/custom_main.o
                0x0800226c                HAL_I2C_MemTxCpltCallback
 .text.usb_OnDataReceived.part.0
                0x08002280       0xe8 ./Custom/usb_mgr.o
 .text.USB_CDC_RxHandler
                0x08002368       0x28 ./Custom/usb_mgr.o
                0x08002368                USB_CDC_RxHandler
 .text.usb_mainloop
                0x08002390       0x20 ./Custom/usb_mgr.o
                0x08002390                usb_mainloop
 .text.HAL_InitTick
                0x080023b0       0xa0 ./Drivers/STM32H5xx_HAL_Driver/Src/stm32h5xx_hal.o
                0x080023b0                HAL_InitTick
 .text.HAL_Init
                0x08002450       0x4c ./Drivers/STM32H5xx_HAL_Driver/Src/stm32h5xx_hal.o
                0x08002450                HAL_Init
 .text.HAL_IncTick
                0x0800249c       0x18 ./Drivers/STM32H5xx_HAL_Driver/Src/stm32h5xx_hal.o
                0x0800249c                HAL_IncTick
 .text.HAL_GetTick
                0x080024b4        0xc ./Drivers/STM32H5xx_HAL_Driver/Src/stm32h5xx_hal.o
                0x080024b4                HAL_GetTick
 .text.HAL_ADC_Init
                0x080024c0      0x1c0 ./Drivers/STM32H5xx_HAL_Driver/Src/stm32h5xx_hal_adc.o
                0x080024c0                HAL_ADC_Init
 .text.HAL_ADC_ConvHalfCpltCallback
                0x08002680        0x4 ./Drivers/STM32H5xx_HAL_Driver/Src/stm32h5xx_hal_adc.o
                0x08002680                HAL_ADC_ConvHalfCpltCallback
 .text.ADC_DMAHalfConvCplt
                0x08002684        0xc ./Drivers/STM32H5xx_HAL_Driver/Src/stm32h5xx_hal_adc.o
                0x08002684                ADC_DMAHalfConvCplt
 .text.HAL_ADC_ErrorCallback
                0x08002690        0x4 ./Drivers/STM32H5xx_HAL_Driver/Src/stm32h5xx_hal_adc.o
                0x08002690                HAL_ADC_ErrorCallback
 .text.ADC_DMAConvCplt
                0x08002694       0x6c ./Drivers/STM32H5xx_HAL_Driver/Src/stm32h5xx_hal_adc.o
                0x08002694                ADC_DMAConvCplt
 .text.ADC_DMAError
                0x08002700       0x1c ./Drivers/STM32H5xx_HAL_Driver/Src/stm32h5xx_hal_adc.o
                0x08002700                ADC_DMAError
 .text.HAL_ADC_ConfigChannel
                0x0800271c      0x4c4 ./Drivers/STM32H5xx_HAL_Driver/Src/stm32h5xx_hal_adc.o
                0x0800271c                HAL_ADC_ConfigChannel
 .text.ADC_Enable
                0x08002be0       0xc4 ./Drivers/STM32H5xx_HAL_Driver/Src/stm32h5xx_hal_adc.o
                0x08002be0                ADC_Enable
 .text.HAL_ADC_Start_DMA
                0x08002ca4      0x148 ./Drivers/STM32H5xx_HAL_Driver/Src/stm32h5xx_hal_adc.o
                0x08002ca4                HAL_ADC_Start_DMA
 .text.HAL_NVIC_SetPriorityGrouping
                0x08002dec       0x24 ./Drivers/STM32H5xx_HAL_Driver/Src/stm32h5xx_hal_cortex.o
                0x08002dec                HAL_NVIC_SetPriorityGrouping
 .text.HAL_NVIC_SetPriority
                0x08002e10       0x78 ./Drivers/STM32H5xx_HAL_Driver/Src/stm32h5xx_hal_cortex.o
                0x08002e10                HAL_NVIC_SetPriority
 .text.HAL_NVIC_EnableIRQ
                0x08002e88       0x1c ./Drivers/STM32H5xx_HAL_Driver/Src/stm32h5xx_hal_cortex.o
                0x08002e88                HAL_NVIC_EnableIRQ
 .text.HAL_SYSTICK_Config
                0x08002ea4       0x20 ./Drivers/STM32H5xx_HAL_Driver/Src/stm32h5xx_hal_cortex.o
                0x08002ea4                HAL_SYSTICK_Config
 .text.HAL_SYSTICK_CLKSourceConfig
                0x08002ec4       0x7c ./Drivers/STM32H5xx_HAL_Driver/Src/stm32h5xx_hal_cortex.o
                0x08002ec4                HAL_SYSTICK_CLKSourceConfig
 .text.HAL_SYSTICK_GetCLKSourceConfig
                0x08002f40       0x34 ./Drivers/STM32H5xx_HAL_Driver/Src/stm32h5xx_hal_cortex.o
                0x08002f40                HAL_SYSTICK_GetCLKSourceConfig
 .text.HAL_DMA_Start_IT
                0x08002f74       0x90 ./Drivers/STM32H5xx_HAL_Driver/Src/stm32h5xx_hal_dma.o
                0x08002f74                HAL_DMA_Start_IT
 .text.HAL_DMA_Abort_IT
                0x08003004       0x2c ./Drivers/STM32H5xx_HAL_Driver/Src/stm32h5xx_hal_dma.o
                0x08003004                HAL_DMA_Abort_IT
 .text.HAL_DMA_IRQHandler
                0x08003030      0x180 ./Drivers/STM32H5xx_HAL_Driver/Src/stm32h5xx_hal_dma.o
                0x08003030                HAL_DMA_IRQHandler
 .text.HAL_DMA_GetState
                0x080031b0        0x8 ./Drivers/STM32H5xx_HAL_Driver/Src/stm32h5xx_hal_dma.o
                0x080031b0                HAL_DMA_GetState
 .text.HAL_DMA_ConfigChannelAttributes
                0x080031b8       0x3c ./Drivers/STM32H5xx_HAL_Driver/Src/stm32h5xx_hal_dma.o
                0x080031b8                HAL_DMA_ConfigChannelAttributes
 .text.DMA_List_FindNode
                0x080031f4       0xd0 ./Drivers/STM32H5xx_HAL_Driver/Src/stm32h5xx_hal_dma_ex.o
 .text.HAL_DMAEx_List_Init
                0x080032c4      0x1e0 ./Drivers/STM32H5xx_HAL_Driver/Src/stm32h5xx_hal_dma_ex.o
                0x080032c4                HAL_DMAEx_List_Init
 .text.HAL_DMAEx_List_Start_IT
                0x080034a4       0xc4 ./Drivers/STM32H5xx_HAL_Driver/Src/stm32h5xx_hal_dma_ex.o
                0x080034a4                HAL_DMAEx_List_Start_IT
 .text.HAL_DMAEx_List_BuildNode
                0x08003568      0x144 ./Drivers/STM32H5xx_HAL_Driver/Src/stm32h5xx_hal_dma_ex.o
                0x08003568                HAL_DMAEx_List_BuildNode
 .text.HAL_DMAEx_List_GetNodeConfig
                0x080036ac       0xfc ./Drivers/STM32H5xx_HAL_Driver/Src/stm32h5xx_hal_dma_ex.o
                0x080036ac                HAL_DMAEx_List_GetNodeConfig
 .text.HAL_DMAEx_List_InsertNode
                0x080037a8      0x134 ./Drivers/STM32H5xx_HAL_Driver/Src/stm32h5xx_hal_dma_ex.o
                0x080037a8                HAL_DMAEx_List_InsertNode
 .text.HAL_DMAEx_List_SetCircularMode
                0x080038dc       0xa0 ./Drivers/STM32H5xx_HAL_Driver/Src/stm32h5xx_hal_dma_ex.o
                0x080038dc                HAL_DMAEx_List_SetCircularMode
 .text.HAL_DMAEx_List_LinkQ
                0x0800397c       0xac ./Drivers/STM32H5xx_HAL_Driver/Src/stm32h5xx_hal_dma_ex.o
                0x0800397c                HAL_DMAEx_List_LinkQ
 .text.HAL_DMAEx_GetFifoLevel
                0x08003a28        0xc ./Drivers/STM32H5xx_HAL_Driver/Src/stm32h5xx_hal_dma_ex.o
                0x08003a28                HAL_DMAEx_GetFifoLevel
 *fill*         0x08003a34        0x4 
 .text.HAL_FDCAN_Init
                0x08003a38      0x26c ./Drivers/STM32H5xx_HAL_Driver/Src/stm32h5xx_hal_fdcan.o
                0x08003a38                HAL_FDCAN_Init
 .text.HAL_FDCAN_ConfigFilter
                0x08003ca4       0x58 ./Drivers/STM32H5xx_HAL_Driver/Src/stm32h5xx_hal_fdcan.o
                0x08003ca4                HAL_FDCAN_ConfigFilter
 .text.HAL_FDCAN_ConfigGlobalFilter
                0x08003cfc       0x44 ./Drivers/STM32H5xx_HAL_Driver/Src/stm32h5xx_hal_fdcan.o
                0x08003cfc                HAL_FDCAN_ConfigGlobalFilter
 .text.HAL_FDCAN_Start
                0x08003d40       0x34 ./Drivers/STM32H5xx_HAL_Driver/Src/stm32h5xx_hal_fdcan.o
                0x08003d40                HAL_FDCAN_Start
 .text.HAL_FDCAN_AddMessageToTxFifoQ
                0x08003d74       0xc4 ./Drivers/STM32H5xx_HAL_Driver/Src/stm32h5xx_hal_fdcan.o
                0x08003d74                HAL_FDCAN_AddMessageToTxFifoQ
 .text.HAL_FDCAN_GetRxMessage
                0x08003e38      0x144 ./Drivers/STM32H5xx_HAL_Driver/Src/stm32h5xx_hal_fdcan.o
                0x08003e38                HAL_FDCAN_GetRxMessage
 .text.HAL_FDCAN_ActivateNotification
                0x08003f7c       0xf8 ./Drivers/STM32H5xx_HAL_Driver/Src/stm32h5xx_hal_fdcan.o
                0x08003f7c                HAL_FDCAN_ActivateNotification
 .text.HAL_FDCAN_TxEventFifoCallback
                0x08004074        0x4 ./Drivers/STM32H5xx_HAL_Driver/Src/stm32h5xx_hal_fdcan.o
                0x08004074                HAL_FDCAN_TxEventFifoCallback
 .text.HAL_FDCAN_RxFifo1Callback
                0x08004078        0x4 ./Drivers/STM32H5xx_HAL_Driver/Src/stm32h5xx_hal_fdcan.o
                0x08004078                HAL_FDCAN_RxFifo1Callback
 .text.HAL_FDCAN_TxFifoEmptyCallback
                0x0800407c        0x4 ./Drivers/STM32H5xx_HAL_Driver/Src/stm32h5xx_hal_fdcan.o
                0x0800407c                HAL_FDCAN_TxFifoEmptyCallback
 .text.HAL_FDCAN_TxBufferCompleteCallback
                0x08004080        0x4 ./Drivers/STM32H5xx_HAL_Driver/Src/stm32h5xx_hal_fdcan.o
                0x08004080                HAL_FDCAN_TxBufferCompleteCallback
 .text.HAL_FDCAN_TxBufferAbortCallback
                0x08004084        0x4 ./Drivers/STM32H5xx_HAL_Driver/Src/stm32h5xx_hal_fdcan.o
                0x08004084                HAL_FDCAN_TxBufferAbortCallback
 .text.HAL_FDCAN_TimestampWraparoundCallback
                0x08004088        0x4 ./Drivers/STM32H5xx_HAL_Driver/Src/stm32h5xx_hal_fdcan.o
                0x08004088                HAL_FDCAN_TimestampWraparoundCallback
 .text.HAL_FDCAN_TimeoutOccurredCallback
                0x0800408c        0x4 ./Drivers/STM32H5xx_HAL_Driver/Src/stm32h5xx_hal_fdcan.o
                0x0800408c                HAL_FDCAN_TimeoutOccurredCallback
 .text.HAL_FDCAN_HighPriorityMessageCallback
                0x08004090        0x4 ./Drivers/STM32H5xx_HAL_Driver/Src/stm32h5xx_hal_fdcan.o
                0x08004090                HAL_FDCAN_HighPriorityMessageCallback
 .text.HAL_FDCAN_ErrorCallback
                0x08004094        0x4 ./Drivers/STM32H5xx_HAL_Driver/Src/stm32h5xx_hal_fdcan.o
                0x08004094                HAL_FDCAN_ErrorCallback
 .text.HAL_FDCAN_ErrorStatusCallback
                0x08004098        0x4 ./Drivers/STM32H5xx_HAL_Driver/Src/stm32h5xx_hal_fdcan.o
                0x08004098                HAL_FDCAN_ErrorStatusCallback
 .text.HAL_FDCAN_IRQHandler
                0x0800409c      0x18c ./Drivers/STM32H5xx_HAL_Driver/Src/stm32h5xx_hal_fdcan.o
                0x0800409c                HAL_FDCAN_IRQHandler
 .text.HAL_GPIO_Init
                0x08004228      0x194 ./Drivers/STM32H5xx_HAL_Driver/Src/stm32h5xx_hal_gpio.o
                0x08004228                HAL_GPIO_Init
 .text.HAL_GPIO_WritePin
                0x080043bc        0xc ./Drivers/STM32H5xx_HAL_Driver/Src/stm32h5xx_hal_gpio.o
                0x080043bc                HAL_GPIO_WritePin
 .text.HAL_GPIO_TogglePin
                0x080043c8       0x14 ./Drivers/STM32H5xx_HAL_Driver/Src/stm32h5xx_hal_gpio.o
                0x080043c8                HAL_GPIO_TogglePin
 .text.HAL_I2C_Init
                0x080043dc       0xb4 ./Drivers/STM32H5xx_HAL_Driver/Src/stm32h5xx_hal_i2c.o
                0x080043dc                HAL_I2C_Init
 .text.HAL_I2C_Mem_Write_IT
                0x08004490       0xcc ./Drivers/STM32H5xx_HAL_Driver/Src/stm32h5xx_hal_i2c.o
                0x08004490                HAL_I2C_Mem_Write_IT
 .text.HAL_I2C_Mem_Read_IT
                0x0800455c       0xc4 ./Drivers/STM32H5xx_HAL_Driver/Src/stm32h5xx_hal_i2c.o
                0x0800455c                HAL_I2C_Mem_Read_IT
 .text.HAL_I2C_EV_IRQHandler
                0x08004620       0x10 ./Drivers/STM32H5xx_HAL_Driver/Src/stm32h5xx_hal_i2c.o
                0x08004620                HAL_I2C_EV_IRQHandler
 .text.HAL_I2C_MasterTxCpltCallback
                0x08004630        0x4 ./Drivers/STM32H5xx_HAL_Driver/Src/stm32h5xx_hal_i2c.o
                0x08004630                HAL_I2C_MasterTxCpltCallback
 .text.HAL_I2C_MasterRxCpltCallback
                0x08004634        0x4 ./Drivers/STM32H5xx_HAL_Driver/Src/stm32h5xx_hal_i2c.o
                0x08004634                HAL_I2C_MasterRxCpltCallback
 .text.HAL_I2C_SlaveTxCpltCallback
                0x08004638        0x4 ./Drivers/STM32H5xx_HAL_Driver/Src/stm32h5xx_hal_i2c.o
                0x08004638                HAL_I2C_SlaveTxCpltCallback
 .text.HAL_I2C_SlaveRxCpltCallback
                0x0800463c        0x4 ./Drivers/STM32H5xx_HAL_Driver/Src/stm32h5xx_hal_i2c.o
                0x0800463c                HAL_I2C_SlaveRxCpltCallback
 .text.I2C_ITSlaveSeqCplt
                0x08004640       0xa8 ./Drivers/STM32H5xx_HAL_Driver/Src/stm32h5xx_hal_i2c.o
 .text.HAL_I2C_AddrCallback
                0x080046e8        0x4 ./Drivers/STM32H5xx_HAL_Driver/Src/stm32h5xx_hal_i2c.o
                0x080046e8                HAL_I2C_AddrCallback
 .text.I2C_ITAddrCplt.part.0.constprop.0
                0x080046ec       0x64 ./Drivers/STM32H5xx_HAL_Driver/Src/stm32h5xx_hal_i2c.o
 .text.HAL_I2C_ListenCpltCallback
                0x08004750        0x4 ./Drivers/STM32H5xx_HAL_Driver/Src/stm32h5xx_hal_i2c.o
                0x08004750                HAL_I2C_ListenCpltCallback
 .text.HAL_I2C_ErrorCallback
                0x08004754        0x4 ./Drivers/STM32H5xx_HAL_Driver/Src/stm32h5xx_hal_i2c.o
                0x08004754                HAL_I2C_ErrorCallback
 .text.HAL_I2C_AbortCpltCallback
                0x08004758        0x4 ./Drivers/STM32H5xx_HAL_Driver/Src/stm32h5xx_hal_i2c.o
                0x08004758                HAL_I2C_AbortCpltCallback
 .text.I2C_DMAAbort
                0x0800475c       0x40 ./Drivers/STM32H5xx_HAL_Driver/Src/stm32h5xx_hal_i2c.o
 .text.I2C_ITError
                0x0800479c      0x168 ./Drivers/STM32H5xx_HAL_Driver/Src/stm32h5xx_hal_i2c.o
 .text.I2C_ITMasterCplt
                0x08004904      0x128 ./Drivers/STM32H5xx_HAL_Driver/Src/stm32h5xx_hal_i2c.o
 .text.I2C_Mem_ISR_IT
                0x08004a2c      0x1d8 ./Drivers/STM32H5xx_HAL_Driver/Src/stm32h5xx_hal_i2c.o
 .text.HAL_I2C_ER_IRQHandler
                0x08004c04       0x7c ./Drivers/STM32H5xx_HAL_Driver/Src/stm32h5xx_hal_i2c.o
                0x08004c04                HAL_I2C_ER_IRQHandler
 .text.I2C_ITSlaveCplt.constprop.0
                0x08004c80      0x2b8 ./Drivers/STM32H5xx_HAL_Driver/Src/stm32h5xx_hal_i2c.o
 .text.I2C_Slave_ISR_IT
                0x08004f38      0x1ac ./Drivers/STM32H5xx_HAL_Driver/Src/stm32h5xx_hal_i2c.o
 .text.HAL_I2CEx_ConfigAnalogFilter
                0x080050e4       0x54 ./Drivers/STM32H5xx_HAL_Driver/Src/stm32h5xx_hal_i2c_ex.o
                0x080050e4                HAL_I2CEx_ConfigAnalogFilter
 .text.HAL_I2CEx_ConfigDigitalFilter
                0x08005138       0x58 ./Drivers/STM32H5xx_HAL_Driver/Src/stm32h5xx_hal_i2c_ex.o
                0x08005138                HAL_I2CEx_ConfigDigitalFilter
 .text.HAL_PCD_Init
                0x08005190      0x20c ./Drivers/STM32H5xx_HAL_Driver/Src/stm32h5xx_hal_pcd.o
                0x08005190                HAL_PCD_Init
 .text.HAL_PCD_Start
                0x0800539c       0x2c ./Drivers/STM32H5xx_HAL_Driver/Src/stm32h5xx_hal_pcd.o
                0x0800539c                HAL_PCD_Start
 .text.HAL_PCD_IRQHandler
                0x080053c8      0xa74 ./Drivers/STM32H5xx_HAL_Driver/Src/stm32h5xx_hal_pcd.o
                0x080053c8                HAL_PCD_IRQHandler
 .text.HAL_PCD_SetAddress
                0x08005e3c       0x28 ./Drivers/STM32H5xx_HAL_Driver/Src/stm32h5xx_hal_pcd.o
                0x08005e3c                HAL_PCD_SetAddress
 .text.HAL_PCD_EP_Open
                0x08005e64       0x7c ./Drivers/STM32H5xx_HAL_Driver/Src/stm32h5xx_hal_pcd.o
                0x08005e64                HAL_PCD_EP_Open
 .text.HAL_PCD_EP_Close
                0x08005ee0       0x74 ./Drivers/STM32H5xx_HAL_Driver/Src/stm32h5xx_hal_pcd.o
                0x08005ee0                HAL_PCD_EP_Close
 .text.HAL_PCD_EP_Receive
                0x08005f54       0x34 ./Drivers/STM32H5xx_HAL_Driver/Src/stm32h5xx_hal_pcd.o
                0x08005f54                HAL_PCD_EP_Receive
 .text.HAL_PCD_EP_GetRxCount
                0x08005f88       0x14 ./Drivers/STM32H5xx_HAL_Driver/Src/stm32h5xx_hal_pcd.o
                0x08005f88                HAL_PCD_EP_GetRxCount
 .text.HAL_PCD_EP_Transmit
                0x08005f9c       0x3c ./Drivers/STM32H5xx_HAL_Driver/Src/stm32h5xx_hal_pcd.o
                0x08005f9c                HAL_PCD_EP_Transmit
 .text.HAL_PCD_EP_SetStall
                0x08005fd8       0x7c ./Drivers/STM32H5xx_HAL_Driver/Src/stm32h5xx_hal_pcd.o
                0x08005fd8                HAL_PCD_EP_SetStall
 .text.HAL_PCD_EP_ClrStall
                0x08006054       0x80 ./Drivers/STM32H5xx_HAL_Driver/Src/stm32h5xx_hal_pcd.o
                0x08006054                HAL_PCD_EP_ClrStall
 .text.HAL_PCDEx_PMAConfig
                0x080060d4       0x3c ./Drivers/STM32H5xx_HAL_Driver/Src/stm32h5xx_hal_pcd_ex.o
                0x080060d4                HAL_PCDEx_PMAConfig
 .text.HAL_PCDEx_ActivateLPM
                0x08006110       0x28 ./Drivers/STM32H5xx_HAL_Driver/Src/stm32h5xx_hal_pcd_ex.o
                0x08006110                HAL_PCDEx_ActivateLPM
 .text.HAL_PCDEx_LPM_Callback
                0x08006138        0x4 ./Drivers/STM32H5xx_HAL_Driver/Src/stm32h5xx_hal_pcd_ex.o
                0x08006138                HAL_PCDEx_LPM_Callback
 .text.HAL_PWREx_EnableVddUSB
                0x0800613c       0x10 ./Drivers/STM32H5xx_HAL_Driver/Src/stm32h5xx_hal_pwr_ex.o
                0x0800613c                HAL_PWREx_EnableVddUSB
 .text.HAL_RCC_GetSysClockFreq.part.0
                0x0800614c      0x128 ./Drivers/STM32H5xx_HAL_Driver/Src/stm32h5xx_hal_rcc.o
 .text.HAL_RCC_OscConfig
                0x08006274      0x6a4 ./Drivers/STM32H5xx_HAL_Driver/Src/stm32h5xx_hal_rcc.o
                0x08006274                HAL_RCC_OscConfig
 .text.HAL_RCC_ClockConfig
                0x08006918      0x2ac ./Drivers/STM32H5xx_HAL_Driver/Src/stm32h5xx_hal_rcc.o
                0x08006918                HAL_RCC_ClockConfig
 .text.HAL_RCC_GetSysClockFreq
                0x08006bc4       0x5c ./Drivers/STM32H5xx_HAL_Driver/Src/stm32h5xx_hal_rcc.o
                0x08006bc4                HAL_RCC_GetSysClockFreq
 .text.RCCEx_PLL2_Config
                0x08006c20       0xd8 ./Drivers/STM32H5xx_HAL_Driver/Src/stm32h5xx_hal_rcc_ex.o
 .text.RCCEx_PLL3_Config
                0x08006cf8       0xd8 ./Drivers/STM32H5xx_HAL_Driver/Src/stm32h5xx_hal_rcc_ex.o
 .text.HAL_RCCEx_PeriphCLKConfig
                0x08006dd0      0xb60 ./Drivers/STM32H5xx_HAL_Driver/Src/stm32h5xx_hal_rcc_ex.o
                0x08006dd0                HAL_RCCEx_PeriphCLKConfig
 .text.HAL_TIM_Base_Init
                0x08007930      0x1a0 ./Drivers/STM32H5xx_HAL_Driver/Src/stm32h5xx_hal_tim.o
                0x08007930                HAL_TIM_Base_Init
 .text.HAL_TIM_Base_Start_IT
                0x08007ad0       0xc8 ./Drivers/STM32H5xx_HAL_Driver/Src/stm32h5xx_hal_tim.o
                0x08007ad0                HAL_TIM_Base_Start_IT
 .text.HAL_TIM_PeriodElapsedCallback
                0x08007b98        0x4 ./Drivers/STM32H5xx_HAL_Driver/Src/stm32h5xx_hal_tim.o
                0x08007b98                HAL_TIM_PeriodElapsedCallback
 .text.HAL_TIM_OC_DelayElapsedCallback
                0x08007b9c        0x4 ./Drivers/STM32H5xx_HAL_Driver/Src/stm32h5xx_hal_tim.o
                0x08007b9c                HAL_TIM_OC_DelayElapsedCallback
 .text.HAL_TIM_IC_CaptureCallback
                0x08007ba0        0x4 ./Drivers/STM32H5xx_HAL_Driver/Src/stm32h5xx_hal_tim.o
                0x08007ba0                HAL_TIM_IC_CaptureCallback
 .text.HAL_TIM_PWM_PulseFinishedCallback
                0x08007ba4        0x4 ./Drivers/STM32H5xx_HAL_Driver/Src/stm32h5xx_hal_tim.o
                0x08007ba4                HAL_TIM_PWM_PulseFinishedCallback
 .text.HAL_TIM_TriggerCallback
                0x08007ba8        0x4 ./Drivers/STM32H5xx_HAL_Driver/Src/stm32h5xx_hal_tim.o
                0x08007ba8                HAL_TIM_TriggerCallback
 .text.HAL_TIM_IRQHandler
                0x08007bac      0x1c8 ./Drivers/STM32H5xx_HAL_Driver/Src/stm32h5xx_hal_tim.o
                0x08007bac                HAL_TIM_IRQHandler
 .text.HAL_TIMEx_MasterConfigSynchronization
                0x08007d74       0xfc ./Drivers/STM32H5xx_HAL_Driver/Src/stm32h5xx_hal_tim_ex.o
                0x08007d74                HAL_TIMEx_MasterConfigSynchronization
 .text.HAL_TIMEx_CommutCallback
                0x08007e70        0x4 ./Drivers/STM32H5xx_HAL_Driver/Src/stm32h5xx_hal_tim_ex.o
                0x08007e70                HAL_TIMEx_CommutCallback
 .text.HAL_TIMEx_BreakCallback
                0x08007e74        0x4 ./Drivers/STM32H5xx_HAL_Driver/Src/stm32h5xx_hal_tim_ex.o
                0x08007e74                HAL_TIMEx_BreakCallback
 .text.HAL_TIMEx_Break2Callback
                0x08007e78        0x4 ./Drivers/STM32H5xx_HAL_Driver/Src/stm32h5xx_hal_tim_ex.o
                0x08007e78                HAL_TIMEx_Break2Callback
 .text.HAL_TIMEx_EncoderIndexCallback
                0x08007e7c        0x4 ./Drivers/STM32H5xx_HAL_Driver/Src/stm32h5xx_hal_tim_ex.o
                0x08007e7c                HAL_TIMEx_EncoderIndexCallback
 .text.HAL_TIMEx_DirectionChangeCallback
                0x08007e80        0x4 ./Drivers/STM32H5xx_HAL_Driver/Src/stm32h5xx_hal_tim_ex.o
                0x08007e80                HAL_TIMEx_DirectionChangeCallback
 .text.HAL_TIMEx_IndexErrorCallback
                0x08007e84        0x4 ./Drivers/STM32H5xx_HAL_Driver/Src/stm32h5xx_hal_tim_ex.o
                0x08007e84                HAL_TIMEx_IndexErrorCallback
 .text.HAL_TIMEx_TransitionErrorCallback
                0x08007e88        0x4 ./Drivers/STM32H5xx_HAL_Driver/Src/stm32h5xx_hal_tim_ex.o
                0x08007e88                HAL_TIMEx_TransitionErrorCallback
 .text.USB_CoreInit
                0x08007e8c       0x30 ./Drivers/STM32H5xx_HAL_Driver/Src/stm32h5xx_ll_usb.o
                0x08007e8c                USB_CoreInit
 .text.USB_EnableGlobalInt
                0x08007ebc       0x10 ./Drivers/STM32H5xx_HAL_Driver/Src/stm32h5xx_ll_usb.o
                0x08007ebc                USB_EnableGlobalInt
 .text.USB_DisableGlobalInt
                0x08007ecc       0x14 ./Drivers/STM32H5xx_HAL_Driver/Src/stm32h5xx_ll_usb.o
                0x08007ecc                USB_DisableGlobalInt
 .text.USB_SetCurrentMode
                0x08007ee0       0x24 ./Drivers/STM32H5xx_HAL_Driver/Src/stm32h5xx_ll_usb.o
                0x08007ee0                USB_SetCurrentMode
 .text.USB_DevInit
                0x08007f04       0x2c ./Drivers/STM32H5xx_HAL_Driver/Src/stm32h5xx_ll_usb.o
                0x08007f04                USB_DevInit
 .text.USB_ActivateEndpoint
                0x08007f30      0x2f8 ./Drivers/STM32H5xx_HAL_Driver/Src/stm32h5xx_ll_usb.o
                0x08007f30                USB_ActivateEndpoint
 .text.USB_DeactivateEndpoint
                0x08008228      0x164 ./Drivers/STM32H5xx_HAL_Driver/Src/stm32h5xx_ll_usb.o
                0x08008228                USB_DeactivateEndpoint
 .text.USB_EPStartXfer
                0x0800838c      0x6b0 ./Drivers/STM32H5xx_HAL_Driver/Src/stm32h5xx_ll_usb.o
                0x0800838c                USB_EPStartXfer
 .text.USB_EPSetStall
                0x08008a3c       0x44 ./Drivers/STM32H5xx_HAL_Driver/Src/stm32h5xx_ll_usb.o
                0x08008a3c                USB_EPSetStall
 .text.USB_EPClearStall
                0x08008a80       0x94 ./Drivers/STM32H5xx_HAL_Driver/Src/stm32h5xx_ll_usb.o
                0x08008a80                USB_EPClearStall
 .text.USB_SetDevAddress
                0x08008b14        0xc ./Drivers/STM32H5xx_HAL_Driver/Src/stm32h5xx_ll_usb.o
                0x08008b14                USB_SetDevAddress
 .text.USB_DevConnect
                0x08008b20       0x10 ./Drivers/STM32H5xx_HAL_Driver/Src/stm32h5xx_ll_usb.o
                0x08008b20                USB_DevConnect
 .text.USB_DevDisconnect
                0x08008b30       0x10 ./Drivers/STM32H5xx_HAL_Driver/Src/stm32h5xx_ll_usb.o
                0x08008b30                USB_DevDisconnect
 .text.USB_ReadInterrupts
                0x08008b40        0x4 ./Drivers/STM32H5xx_HAL_Driver/Src/stm32h5xx_ll_usb.o
                0x08008b40                USB_ReadInterrupts
 .text.USB_WritePMA
                0x08008b44       0x60 ./Drivers/STM32H5xx_HAL_Driver/Src/stm32h5xx_ll_usb.o
                0x08008b44                USB_WritePMA
 .text.USB_ReadPMA
                0x08008ba4       0x64 ./Drivers/STM32H5xx_HAL_Driver/Src/stm32h5xx_ll_usb.o
                0x08008ba4                USB_ReadPMA
 .text.MX_USB_Device_Init
                0x08008c08       0x74 ./USB_Device/App/usb_device.o
                0x08008c08                MX_USB_Device_Init
 .text.USBD_CDC_EP0_RxReady
                0x08008c7c       0x38 ./USB_Device/App/usbd_cdc.o
 .text.USBD_CDC_GetDeviceQualifierDescriptor
                0x08008cb4       0x10 ./USB_Device/App/usbd_cdc.o
                0x08008cb4                USBD_CDC_GetDeviceQualifierDescriptor
 .text.USBD_CDC_GetFSCfgDesc
                0x08008cc4       0x48 ./USB_Device/App/usbd_cdc.o
 .text.USBD_CDC_GetHSCfgDesc
                0x08008d0c       0x48 ./USB_Device/App/usbd_cdc.o
 .text.USBD_CDC_DataOut
                0x08008d54       0x3c ./USB_Device/App/usbd_cdc.o
 .text.USBD_CDC_DataIn
                0x08008d90       0x68 ./USB_Device/App/usbd_cdc.o
 .text.USBD_CDC_Setup
                0x08008df8       0xfc ./USB_Device/App/usbd_cdc.o
 .text.USBD_CDC_DeInit
                0x08008ef4       0x60 ./USB_Device/App/usbd_cdc.o
 .text.USBD_CDC_Init
                0x08008f54       0xdc ./USB_Device/App/usbd_cdc.o
 .text.USBD_CDC_GetOtherSpeedCfgDesc
                0x08009030       0x48 ./USB_Device/App/usbd_cdc.o
 .text.USBD_CDC_RegisterInterface
                0x08009078       0x18 ./USB_Device/App/usbd_cdc.o
                0x08009078                USBD_CDC_RegisterInterface
 .text.USBD_CDC_SetTxBuffer
                0x08009090       0x1c ./USB_Device/App/usbd_cdc.o
                0x08009090                USBD_CDC_SetTxBuffer
 .text.USBD_CDC_SetRxBuffer
                0x080090ac       0x18 ./USB_Device/App/usbd_cdc.o
                0x080090ac                USBD_CDC_SetRxBuffer
 .text.USBD_CDC_TransmitPacket
                0x080090c4       0x38 ./USB_Device/App/usbd_cdc.o
                0x080090c4                USBD_CDC_TransmitPacket
 .text.USBD_CDC_ReceivePacket
                0x080090fc       0x34 ./USB_Device/App/usbd_cdc.o
                0x080090fc                USBD_CDC_ReceivePacket
 .text.CDC_DeInit_FS
                0x08009130        0x4 ./USB_Device/App/usbd_cdc_if.o
 .text.CDC_Control_FS
                0x08009134        0x4 ./USB_Device/App/usbd_cdc_if.o
 .text.CDC_TransmitCplt_FS
                0x08009138        0x4 ./USB_Device/App/usbd_cdc_if.o
 .text.CDC_Receive_FS
                0x0800913c       0x34 ./USB_Device/App/usbd_cdc_if.o
 .text.CDC_Init_FS
                0x08009170       0x28 ./USB_Device/App/usbd_cdc_if.o
 .text.CDC_Transmit_FS
                0x08009198       0x2c ./USB_Device/App/usbd_cdc_if.o
                0x08009198                CDC_Transmit_FS
 .text.USBD_Init
                0x080091c4       0x28 ./USB_Device/App/usbd_core.o
                0x080091c4                USBD_Init
 .text.USBD_RegisterClass
                0x080091ec       0x38 ./USB_Device/App/usbd_core.o
                0x080091ec                USBD_RegisterClass
 .text.USBD_Start
                0x08009224        0x4 ./USB_Device/App/usbd_core.o
                0x08009224                USBD_Start
 .text.USBD_SetClassConfig
                0x08009228       0x10 ./USB_Device/App/usbd_core.o
                0x08009228                USBD_SetClassConfig
 .text.USBD_ClrClassConfig
                0x08009238       0x14 ./USB_Device/App/usbd_core.o
                0x08009238                USBD_ClrClassConfig
 .text.USBD_LL_SetupStage
                0x0800924c       0x60 ./USB_Device/App/usbd_core.o
                0x0800924c                USBD_LL_SetupStage
 .text.USBD_LL_DataOutStage
                0x080092ac       0x80 ./USB_Device/App/usbd_core.o
                0x080092ac                USBD_LL_DataOutStage
 .text.USBD_LL_DataInStage
                0x0800932c       0xc0 ./USB_Device/App/usbd_core.o
                0x0800932c                USBD_LL_DataInStage
 .text.USBD_LL_Reset
                0x080093ec       0x5c ./USB_Device/App/usbd_core.o
                0x080093ec                USBD_LL_Reset
 .text.USBD_LL_SetSpeed
                0x08009448        0x8 ./USB_Device/App/usbd_core.o
                0x08009448                USBD_LL_SetSpeed
 .text.USBD_LL_Suspend
                0x08009450       0x20 ./USB_Device/App/usbd_core.o
                0x08009450                USBD_LL_Suspend
 .text.USBD_LL_Resume
                0x08009470       0x18 ./USB_Device/App/usbd_core.o
                0x08009470                USBD_LL_Resume
 .text.USBD_LL_SOF
                0x08009488       0x20 ./USB_Device/App/usbd_core.o
                0x08009488                USBD_LL_SOF
 .text.USBD_CoreFindIF
                0x080094a8        0x4 ./USB_Device/App/usbd_core.o
                0x080094a8                USBD_CoreFindIF
 .text.USBD_CoreFindEP
                0x080094ac        0x4 ./USB_Device/App/usbd_core.o
                0x080094ac                USBD_CoreFindEP
 .text.USBD_GetEpDesc
                0x080094b0       0x38 ./USB_Device/App/usbd_core.o
                0x080094b0                USBD_GetEpDesc
 .text.USBD_StdDevReq
                0x080094e8      0x350 ./USB_Device/App/usbd_ctlreq.o
                0x080094e8                USBD_StdDevReq
 .text.USBD_StdItfReq
                0x08009838       0x78 ./USB_Device/App/usbd_ctlreq.o
                0x08009838                USBD_StdItfReq
 .text.USBD_StdEPReq
                0x080098b0      0x158 ./USB_Device/App/usbd_ctlreq.o
                0x080098b0                USBD_StdEPReq
 .text.USBD_ParseSetupRequest
                0x08009a08       0x18 ./USB_Device/App/usbd_ctlreq.o
                0x08009a08                USBD_ParseSetupRequest
 .text.USBD_CtlError
                0x08009a20       0x18 ./USB_Device/App/usbd_ctlreq.o
                0x08009a20                USBD_CtlError
 .text.USBD_GetString
                0x08009a38       0x60 ./USB_Device/App/usbd_ctlreq.o
                0x08009a38                USBD_GetString
 .text.USBD_CDC_DeviceDescriptor
                0x08009a98        0xc ./USB_Device/App/usbd_desc.o
                0x08009a98                USBD_CDC_DeviceDescriptor
 .text.USBD_CDC_LangIDStrDescriptor
                0x08009aa4        0xc ./USB_Device/App/usbd_desc.o
                0x08009aa4                USBD_CDC_LangIDStrDescriptor
 .text.USBD_CDC_ManufacturerStrDescriptor
                0x08009ab0       0x1c ./USB_Device/App/usbd_desc.o
                0x08009ab0                USBD_CDC_ManufacturerStrDescriptor
 .text.USBD_CDC_ProductStrDescriptor
                0x08009acc       0x1c ./USB_Device/App/usbd_desc.o
                0x08009acc                USBD_CDC_ProductStrDescriptor
 .text.USBD_CDC_ConfigStrDescriptor
                0x08009ae8       0x1c ./USB_Device/App/usbd_desc.o
                0x08009ae8                USBD_CDC_ConfigStrDescriptor
 .text.USBD_CDC_InterfaceStrDescriptor
                0x08009b04       0x1c ./USB_Device/App/usbd_desc.o
                0x08009b04                USBD_CDC_InterfaceStrDescriptor
 .text.USBD_CDC_SerialStrDescriptor
                0x08009b20      0x154 ./USB_Device/App/usbd_desc.o
                0x08009b20                USBD_CDC_SerialStrDescriptor
 .text.USBD_CtlSendData
                0x08009c74       0x20 ./USB_Device/App/usbd_ioreq.o
                0x08009c74                USBD_CtlSendData
 .text.USBD_CtlContinueSendData
                0x08009c94       0x14 ./USB_Device/App/usbd_ioreq.o
                0x08009c94                USBD_CtlContinueSendData
 .text.USBD_CtlPrepareRx
                0x08009ca8       0x20 ./USB_Device/App/usbd_ioreq.o
                0x08009ca8                USBD_CtlPrepareRx
 .text.USBD_CtlContinueRx
                0x08009cc8       0x14 ./USB_Device/App/usbd_ioreq.o
                0x08009cc8                USBD_CtlContinueRx
 .text.USBD_CtlSendStatus
                0x08009cdc       0x18 ./USB_Device/App/usbd_ioreq.o
                0x08009cdc                USBD_CtlSendStatus
 .text.USBD_CtlReceiveStatus
                0x08009cf4       0x18 ./USB_Device/App/usbd_ioreq.o
                0x08009cf4                USBD_CtlReceiveStatus
 *fill*         0x08009d0c        0x4 
 .text.HAL_PCD_MspInit
                0x08009d10       0x78 ./USB_Device/Target/usbd_conf.o
                0x08009d10                HAL_PCD_MspInit
 .text.HAL_PCD_SetupStageCallback
                0x08009d88       0x10 ./USB_Device/Target/usbd_conf.o
                0x08009d88                HAL_PCD_SetupStageCallback
 .text.HAL_PCD_DataOutStageCallback
                0x08009d98       0x14 ./USB_Device/Target/usbd_conf.o
                0x08009d98                HAL_PCD_DataOutStageCallback
 .text.HAL_PCD_DataInStageCallback
                0x08009dac       0x14 ./USB_Device/Target/usbd_conf.o
                0x08009dac                HAL_PCD_DataInStageCallback
 .text.HAL_PCD_SOFCallback
                0x08009dc0        0x8 ./USB_Device/Target/usbd_conf.o
                0x08009dc0                HAL_PCD_SOFCallback
 .text.HAL_PCD_ResetCallback
                0x08009dc8       0x24 ./USB_Device/Target/usbd_conf.o
                0x08009dc8                HAL_PCD_ResetCallback
 .text.HAL_PCD_SuspendCallback
                0x08009dec       0x38 ./USB_Device/Target/usbd_conf.o
                0x08009dec                HAL_PCD_SuspendCallback
 .text.HAL_PCD_ResumeCallback
                0x08009e24       0x1c ./USB_Device/Target/usbd_conf.o
                0x08009e24                HAL_PCD_ResumeCallback
 .text.USBD_LL_Init
                0x08009e40       0x80 ./USB_Device/Target/usbd_conf.o
                0x08009e40                USBD_LL_Init
 .text.USBD_LL_Start
                0x08009ec0       0x18 ./USB_Device/Target/usbd_conf.o
                0x08009ec0                USBD_LL_Start
 .text.USBD_LL_OpenEP
                0x08009ed8       0x1c ./USB_Device/Target/usbd_conf.o
                0x08009ed8                USBD_LL_OpenEP
 .text.USBD_LL_CloseEP
                0x08009ef4       0x18 ./USB_Device/Target/usbd_conf.o
                0x08009ef4                USBD_LL_CloseEP
 .text.USBD_LL_StallEP
                0x08009f0c       0x18 ./USB_Device/Target/usbd_conf.o
                0x08009f0c                USBD_LL_StallEP
 .text.USBD_LL_ClearStallEP
                0x08009f24       0x18 ./USB_Device/Target/usbd_conf.o
                0x08009f24                USBD_LL_ClearStallEP
 .text.USBD_LL_IsStallEP
                0x08009f3c       0x28 ./USB_Device/Target/usbd_conf.o
                0x08009f3c                USBD_LL_IsStallEP
 .text.USBD_LL_SetUSBAddress
                0x08009f64       0x18 ./USB_Device/Target/usbd_conf.o
                0x08009f64                USBD_LL_SetUSBAddress
 .text.USBD_LL_Transmit
                0x08009f7c       0x18 ./USB_Device/Target/usbd_conf.o
                0x08009f7c                USBD_LL_Transmit
 .text.USBD_LL_PrepareReceive
                0x08009f94       0x18 ./USB_Device/Target/usbd_conf.o
                0x08009f94                USBD_LL_PrepareReceive
 .text.USBD_LL_GetRxDataSize
                0x08009fac        0x8 ./USB_Device/Target/usbd_conf.o
                0x08009fac                USBD_LL_GetRxDataSize
 .text.USBD_static_malloc
                0x08009fb4        0x8 ./USB_Device/Target/usbd_conf.o
                0x08009fb4                USBD_static_malloc
 .text.USBD_static_free
                0x08009fbc        0x4 ./USB_Device/Target/usbd_conf.o
                0x08009fbc                USBD_static_free
 .text.crc_modbus
                0x08009fc0      0x104 ./linked_files/lib_modbus.o
                0x08009fc0                crc_modbus
 .text.modbus_read
                0x0800a0c4       0x38 ./linked_files/lib_modbus.o
                0x0800a0c4                modbus_read
 .text.modbus_write
                0x0800a0fc       0x44 ./linked_files/lib_modbus.o
                0x0800a0fc                modbus_write
 .text.__cvt    0x0800a140       0xca C:/ST/STM32CubeIDE_1.17.0/STM32CubeIDE/plugins/com.st.stm32cube.ide.mcu.externaltools.gnu-tools-for-stm32.12.3.rel1.win32_1.1.0.202410251130/tools/bin/../lib/gcc/arm-none-eabi/12.3.1/../../../../arm-none-eabi/lib/thumb/v8-m.main+fp/hard\libc_nano.a(libc_a-nano-vfprintf_float.o)
                0x0800a140                __cvt
 .text.__exponent
                0x0800a20a       0x72 C:/ST/STM32CubeIDE_1.17.0/STM32CubeIDE/plugins/com.st.stm32cube.ide.mcu.externaltools.gnu-tools-for-stm32.12.3.rel1.win32_1.1.0.202410251130/tools/bin/../lib/gcc/arm-none-eabi/12.3.1/../../../../arm-none-eabi/lib/thumb/v8-m.main+fp/hard\libc_nano.a(libc_a-nano-vfprintf_float.o)
                0x0800a20a                __exponent
 .text._printf_float
                0x0800a27c      0x454 C:/ST/STM32CubeIDE_1.17.0/STM32CubeIDE/plugins/com.st.stm32cube.ide.mcu.externaltools.gnu-tools-for-stm32.12.3.rel1.win32_1.1.0.202410251130/tools/bin/../lib/gcc/arm-none-eabi/12.3.1/../../../../arm-none-eabi/lib/thumb/v8-m.main+fp/hard\libc_nano.a(libc_a-nano-vfprintf_float.o)
                0x0800a27c                _printf_float
 .text._printf_common
                0x0800a6d0       0xe4 C:/ST/STM32CubeIDE_1.17.0/STM32CubeIDE/plugins/com.st.stm32cube.ide.mcu.externaltools.gnu-tools-for-stm32.12.3.rel1.win32_1.1.0.202410251130/tools/bin/../lib/gcc/arm-none-eabi/12.3.1/../../../../arm-none-eabi/lib/thumb/v8-m.main+fp/hard\libc_nano.a(libc_a-nano-vfprintf_i.o)
                0x0800a6d0                _printf_common
 .text._printf_i
                0x0800a7b4      0x240 C:/ST/STM32CubeIDE_1.17.0/STM32CubeIDE/plugins/com.st.stm32cube.ide.mcu.externaltools.gnu-tools-for-stm32.12.3.rel1.win32_1.1.0.202410251130/tools/bin/../lib/gcc/arm-none-eabi/12.3.1/../../../../arm-none-eabi/lib/thumb/v8-m.main+fp/hard\libc_nano.a(libc_a-nano-vfprintf_i.o)
                0x0800a7b4                _printf_i
 .text._scanf_float
                0x0800a9f4      0x424 C:/ST/STM32CubeIDE_1.17.0/STM32CubeIDE/plugins/com.st.stm32cube.ide.mcu.externaltools.gnu-tools-for-stm32.12.3.rel1.win32_1.1.0.202410251130/tools/bin/../lib/gcc/arm-none-eabi/12.3.1/../../../../arm-none-eabi/lib/thumb/v8-m.main+fp/hard\libc_nano.a(libc_a-nano-vfscanf_float.o)
                0x0800a9f4                _scanf_float
 .text.std      0x0800ae18       0x6c C:/ST/STM32CubeIDE_1.17.0/STM32CubeIDE/plugins/com.st.stm32cube.ide.mcu.externaltools.gnu-tools-for-stm32.12.3.rel1.win32_1.1.0.202410251130/tools/bin/../lib/gcc/arm-none-eabi/12.3.1/../../../../arm-none-eabi/lib/thumb/v8-m.main+fp/hard\libc_nano.a(libc_a-findfp.o)
 .text.stdio_exit_handler
                0x0800ae84       0x18 C:/ST/STM32CubeIDE_1.17.0/STM32CubeIDE/plugins/com.st.stm32cube.ide.mcu.externaltools.gnu-tools-for-stm32.12.3.rel1.win32_1.1.0.202410251130/tools/bin/../lib/gcc/arm-none-eabi/12.3.1/../../../../arm-none-eabi/lib/thumb/v8-m.main+fp/hard\libc_nano.a(libc_a-findfp.o)
 .text.cleanup_stdio
                0x0800ae9c       0x40 C:/ST/STM32CubeIDE_1.17.0/STM32CubeIDE/plugins/com.st.stm32cube.ide.mcu.externaltools.gnu-tools-for-stm32.12.3.rel1.win32_1.1.0.202410251130/tools/bin/../lib/gcc/arm-none-eabi/12.3.1/../../../../arm-none-eabi/lib/thumb/v8-m.main+fp/hard\libc_nano.a(libc_a-findfp.o)
 .text.global_stdio_init.part.0
                0x0800aedc       0x3c C:/ST/STM32CubeIDE_1.17.0/STM32CubeIDE/plugins/com.st.stm32cube.ide.mcu.externaltools.gnu-tools-for-stm32.12.3.rel1.win32_1.1.0.202410251130/tools/bin/../lib/gcc/arm-none-eabi/12.3.1/../../../../arm-none-eabi/lib/thumb/v8-m.main+fp/hard\libc_nano.a(libc_a-findfp.o)
 .text.__sfp_lock_acquire
                0x0800af18        0xc C:/ST/STM32CubeIDE_1.17.0/STM32CubeIDE/plugins/com.st.stm32cube.ide.mcu.externaltools.gnu-tools-for-stm32.12.3.rel1.win32_1.1.0.202410251130/tools/bin/../lib/gcc/arm-none-eabi/12.3.1/../../../../arm-none-eabi/lib/thumb/v8-m.main+fp/hard\libc_nano.a(libc_a-findfp.o)
                0x0800af18                __sfp_lock_acquire
 .text.__sfp_lock_release
                0x0800af24        0xc C:/ST/STM32CubeIDE_1.17.0/STM32CubeIDE/plugins/com.st.stm32cube.ide.mcu.externaltools.gnu-tools-for-stm32.12.3.rel1.win32_1.1.0.202410251130/tools/bin/../lib/gcc/arm-none-eabi/12.3.1/../../../../arm-none-eabi/lib/thumb/v8-m.main+fp/hard\libc_nano.a(libc_a-findfp.o)
                0x0800af24                __sfp_lock_release
 .text.__sinit  0x0800af30       0x30 C:/ST/STM32CubeIDE_1.17.0/STM32CubeIDE/plugins/com.st.stm32cube.ide.mcu.externaltools.gnu-tools-for-stm32.12.3.rel1.win32_1.1.0.202410251130/tools/bin/../lib/gcc/arm-none-eabi/12.3.1/../../../../arm-none-eabi/lib/thumb/v8-m.main+fp/hard\libc_nano.a(libc_a-findfp.o)
                0x0800af30                __sinit
 .text._fwalk_sglue
                0x0800af60       0x3c C:/ST/STM32CubeIDE_1.17.0/STM32CubeIDE/plugins/com.st.stm32cube.ide.mcu.externaltools.gnu-tools-for-stm32.12.3.rel1.win32_1.1.0.202410251130/tools/bin/../lib/gcc/arm-none-eabi/12.3.1/../../../../arm-none-eabi/lib/thumb/v8-m.main+fp/hard\libc_nano.a(libc_a-fwalk.o)
                0x0800af60                _fwalk_sglue
 .text.sprintf  0x0800af9c       0x40 C:/ST/STM32CubeIDE_1.17.0/STM32CubeIDE/plugins/com.st.stm32cube.ide.mcu.externaltools.gnu-tools-for-stm32.12.3.rel1.win32_1.1.0.202410251130/tools/bin/../lib/gcc/arm-none-eabi/12.3.1/../../../../arm-none-eabi/lib/thumb/v8-m.main+fp/hard\libc_nano.a(libc_a-sprintf.o)
                0x0800af9c                siprintf
                0x0800af9c                sprintf
 .text.__sread  0x0800afdc       0x22 C:/ST/STM32CubeIDE_1.17.0/STM32CubeIDE/plugins/com.st.stm32cube.ide.mcu.externaltools.gnu-tools-for-stm32.12.3.rel1.win32_1.1.0.202410251130/tools/bin/../lib/gcc/arm-none-eabi/12.3.1/../../../../arm-none-eabi/lib/thumb/v8-m.main+fp/hard\libc_nano.a(libc_a-stdio.o)
                0x0800afdc                __sread
 .text.__swrite
                0x0800affe       0x38 C:/ST/STM32CubeIDE_1.17.0/STM32CubeIDE/plugins/com.st.stm32cube.ide.mcu.externaltools.gnu-tools-for-stm32.12.3.rel1.win32_1.1.0.202410251130/tools/bin/../lib/gcc/arm-none-eabi/12.3.1/../../../../arm-none-eabi/lib/thumb/v8-m.main+fp/hard\libc_nano.a(libc_a-stdio.o)
                0x0800affe                __swrite
 .text.__sseek  0x0800b036       0x24 C:/ST/STM32CubeIDE_1.17.0/STM32CubeIDE/plugins/com.st.stm32cube.ide.mcu.externaltools.gnu-tools-for-stm32.12.3.rel1.win32_1.1.0.202410251130/tools/bin/../lib/gcc/arm-none-eabi/12.3.1/../../../../arm-none-eabi/lib/thumb/v8-m.main+fp/hard\libc_nano.a(libc_a-stdio.o)
                0x0800b036                __sseek
 .text.__sclose
                0x0800b05a        0x8 C:/ST/STM32CubeIDE_1.17.0/STM32CubeIDE/plugins/com.st.stm32cube.ide.mcu.externaltools.gnu-tools-for-stm32.12.3.rel1.win32_1.1.0.202410251130/tools/bin/../lib/gcc/arm-none-eabi/12.3.1/../../../../arm-none-eabi/lib/thumb/v8-m.main+fp/hard\libc_nano.a(libc_a-stdio.o)
                0x0800b05a                __sclose
 .text.memmove  0x0800b062       0x34 C:/ST/STM32CubeIDE_1.17.0/STM32CubeIDE/plugins/com.st.stm32cube.ide.mcu.externaltools.gnu-tools-for-stm32.12.3.rel1.win32_1.1.0.202410251130/tools/bin/../lib/gcc/arm-none-eabi/12.3.1/../../../../arm-none-eabi/lib/thumb/v8-m.main+fp/hard\libc_nano.a(libc_a-memmove.o)
                0x0800b062                memmove
 .text.memset   0x0800b096       0x10 C:/ST/STM32CubeIDE_1.17.0/STM32CubeIDE/plugins/com.st.stm32cube.ide.mcu.externaltools.gnu-tools-for-stm32.12.3.rel1.win32_1.1.0.202410251130/tools/bin/../lib/gcc/arm-none-eabi/12.3.1/../../../../arm-none-eabi/lib/thumb/v8-m.main+fp/hard\libc_nano.a(libc_a-memset.o)
                0x0800b096                memset
 *fill*         0x0800b0a6        0x2 
 .text._localeconv_r
                0x0800b0a8        0x8 C:/ST/STM32CubeIDE_1.17.0/STM32CubeIDE/plugins/com.st.stm32cube.ide.mcu.externaltools.gnu-tools-for-stm32.12.3.rel1.win32_1.1.0.202410251130/tools/bin/../lib/gcc/arm-none-eabi/12.3.1/../../../../arm-none-eabi/lib/thumb/v8-m.main+fp/hard\libc_nano.a(libc_a-localeconv.o)
                0x0800b0a8                _localeconv_r
 .text._close_r
                0x0800b0b0       0x20 C:/ST/STM32CubeIDE_1.17.0/STM32CubeIDE/plugins/com.st.stm32cube.ide.mcu.externaltools.gnu-tools-for-stm32.12.3.rel1.win32_1.1.0.202410251130/tools/bin/../lib/gcc/arm-none-eabi/12.3.1/../../../../arm-none-eabi/lib/thumb/v8-m.main+fp/hard\libc_nano.a(libc_a-closer.o)
                0x0800b0b0                _close_r
 .text._lseek_r
                0x0800b0d0       0x24 C:/ST/STM32CubeIDE_1.17.0/STM32CubeIDE/plugins/com.st.stm32cube.ide.mcu.externaltools.gnu-tools-for-stm32.12.3.rel1.win32_1.1.0.202410251130/tools/bin/../lib/gcc/arm-none-eabi/12.3.1/../../../../arm-none-eabi/lib/thumb/v8-m.main+fp/hard\libc_nano.a(libc_a-lseekr.o)
                0x0800b0d0                _lseek_r
 .text._read_r  0x0800b0f4       0x24 C:/ST/STM32CubeIDE_1.17.0/STM32CubeIDE/plugins/com.st.stm32cube.ide.mcu.externaltools.gnu-tools-for-stm32.12.3.rel1.win32_1.1.0.202410251130/tools/bin/../lib/gcc/arm-none-eabi/12.3.1/../../../../arm-none-eabi/lib/thumb/v8-m.main+fp/hard\libc_nano.a(libc_a-readr.o)
                0x0800b0f4                _read_r
 .text._write_r
                0x0800b118       0x24 C:/ST/STM32CubeIDE_1.17.0/STM32CubeIDE/plugins/com.st.stm32cube.ide.mcu.externaltools.gnu-tools-for-stm32.12.3.rel1.win32_1.1.0.202410251130/tools/bin/../lib/gcc/arm-none-eabi/12.3.1/../../../../arm-none-eabi/lib/thumb/v8-m.main+fp/hard\libc_nano.a(libc_a-writer.o)
                0x0800b118                _write_r
 .text.__errno  0x0800b13c        0xc C:/ST/STM32CubeIDE_1.17.0/STM32CubeIDE/plugins/com.st.stm32cube.ide.mcu.externaltools.gnu-tools-for-stm32.12.3.rel1.win32_1.1.0.202410251130/tools/bin/../lib/gcc/arm-none-eabi/12.3.1/../../../../arm-none-eabi/lib/thumb/v8-m.main+fp/hard\libc_nano.a(libc_a-errno.o)
                0x0800b13c                __errno
 .text.__libc_init_array
                0x0800b148       0x48 C:/ST/STM32CubeIDE_1.17.0/STM32CubeIDE/plugins/com.st.stm32cube.ide.mcu.externaltools.gnu-tools-for-stm32.12.3.rel1.win32_1.1.0.202410251130/tools/bin/../lib/gcc/arm-none-eabi/12.3.1/../../../../arm-none-eabi/lib/thumb/v8-m.main+fp/hard\libc_nano.a(libc_a-init.o)
                0x0800b148                __libc_init_array
 .text.__retarget_lock_init_recursive
                0x0800b190        0x2 C:/ST/STM32CubeIDE_1.17.0/STM32CubeIDE/plugins/com.st.stm32cube.ide.mcu.externaltools.gnu-tools-for-stm32.12.3.rel1.win32_1.1.0.202410251130/tools/bin/../lib/gcc/arm-none-eabi/12.3.1/../../../../arm-none-eabi/lib/thumb/v8-m.main+fp/hard\libc_nano.a(libc_a-lock.o)
                0x0800b190                __retarget_lock_init_recursive
 .text.__retarget_lock_acquire_recursive
                0x0800b192        0x2 C:/ST/STM32CubeIDE_1.17.0/STM32CubeIDE/plugins/com.st.stm32cube.ide.mcu.externaltools.gnu-tools-for-stm32.12.3.rel1.win32_1.1.0.202410251130/tools/bin/../lib/gcc/arm-none-eabi/12.3.1/../../../../arm-none-eabi/lib/thumb/v8-m.main+fp/hard\libc_nano.a(libc_a-lock.o)
                0x0800b192                __retarget_lock_acquire_recursive
 .text.__retarget_lock_release_recursive
                0x0800b194        0x2 C:/ST/STM32CubeIDE_1.17.0/STM32CubeIDE/plugins/com.st.stm32cube.ide.mcu.externaltools.gnu-tools-for-stm32.12.3.rel1.win32_1.1.0.202410251130/tools/bin/../lib/gcc/arm-none-eabi/12.3.1/../../../../arm-none-eabi/lib/thumb/v8-m.main+fp/hard\libc_nano.a(libc_a-lock.o)
                0x0800b194                __retarget_lock_release_recursive
 .text.memchr   0x0800b196       0x1c C:/ST/STM32CubeIDE_1.17.0/STM32CubeIDE/plugins/com.st.stm32cube.ide.mcu.externaltools.gnu-tools-for-stm32.12.3.rel1.win32_1.1.0.202410251130/tools/bin/../lib/gcc/arm-none-eabi/12.3.1/../../../../arm-none-eabi/lib/thumb/v8-m.main+fp/hard\libc_nano.a(libc_a-memchr-stub.o)
                0x0800b196                memchr
 .text.memcpy   0x0800b1b2       0x1a C:/ST/STM32CubeIDE_1.17.0/STM32CubeIDE/plugins/com.st.stm32cube.ide.mcu.externaltools.gnu-tools-for-stm32.12.3.rel1.win32_1.1.0.202410251130/tools/bin/../lib/gcc/arm-none-eabi/12.3.1/../../../../arm-none-eabi/lib/thumb/v8-m.main+fp/hard\libc_nano.a(libc_a-memcpy-stub.o)
                0x0800b1b2                memcpy
 .text.nanf     0x0800b1cc        0xc C:/ST/STM32CubeIDE_1.17.0/STM32CubeIDE/plugins/com.st.stm32cube.ide.mcu.externaltools.gnu-tools-for-stm32.12.3.rel1.win32_1.1.0.202410251130/tools/bin/../lib/gcc/arm-none-eabi/12.3.1/../../../../arm-none-eabi/lib/thumb/v8-m.main+fp/hard\libc_nano.a(libm_a-sf_nan.o)
                0x0800b1cc                nanf
 .text.quorem   0x0800b1d8      0x11a C:/ST/STM32CubeIDE_1.17.0/STM32CubeIDE/plugins/com.st.stm32cube.ide.mcu.externaltools.gnu-tools-for-stm32.12.3.rel1.win32_1.1.0.202410251130/tools/bin/../lib/gcc/arm-none-eabi/12.3.1/../../../../arm-none-eabi/lib/thumb/v8-m.main+fp/hard\libc_nano.a(libc_a-dtoa.o)
 *fill*         0x0800b2f2        0x6 
 .text._dtoa_r  0x0800b2f8      0xb88 C:/ST/STM32CubeIDE_1.17.0/STM32CubeIDE/plugins/com.st.stm32cube.ide.mcu.externaltools.gnu-tools-for-stm32.12.3.rel1.win32_1.1.0.202410251130/tools/bin/../lib/gcc/arm-none-eabi/12.3.1/../../../../arm-none-eabi/lib/thumb/v8-m.main+fp/hard\libc_nano.a(libc_a-dtoa.o)
                0x0800b2f8                _dtoa_r
 .text._free_r  0x0800be80       0x94 C:/ST/STM32CubeIDE_1.17.0/STM32CubeIDE/plugins/com.st.stm32cube.ide.mcu.externaltools.gnu-tools-for-stm32.12.3.rel1.win32_1.1.0.202410251130/tools/bin/../lib/gcc/arm-none-eabi/12.3.1/../../../../arm-none-eabi/lib/thumb/v8-m.main+fp/hard\libc_nano.a(libc_a-freer.o)
                0x0800be80                _free_r
 .text.malloc   0x0800bf14       0x10 C:/ST/STM32CubeIDE_1.17.0/STM32CubeIDE/plugins/com.st.stm32cube.ide.mcu.externaltools.gnu-tools-for-stm32.12.3.rel1.win32_1.1.0.202410251130/tools/bin/../lib/gcc/arm-none-eabi/12.3.1/../../../../arm-none-eabi/lib/thumb/v8-m.main+fp/hard\libc_nano.a(libc_a-malloc.o)
                0x0800bf14                malloc
 .text.sbrk_aligned
                0x0800bf24       0x44 C:/ST/STM32CubeIDE_1.17.0/STM32CubeIDE/plugins/com.st.stm32cube.ide.mcu.externaltools.gnu-tools-for-stm32.12.3.rel1.win32_1.1.0.202410251130/tools/bin/../lib/gcc/arm-none-eabi/12.3.1/../../../../arm-none-eabi/lib/thumb/v8-m.main+fp/hard\libc_nano.a(libc_a-mallocr.o)
 .text._malloc_r
                0x0800bf68      0x100 C:/ST/STM32CubeIDE_1.17.0/STM32CubeIDE/plugins/com.st.stm32cube.ide.mcu.externaltools.gnu-tools-for-stm32.12.3.rel1.win32_1.1.0.202410251130/tools/bin/../lib/gcc/arm-none-eabi/12.3.1/../../../../arm-none-eabi/lib/thumb/v8-m.main+fp/hard\libc_nano.a(libc_a-mallocr.o)
                0x0800bf68                _malloc_r
 .text.__malloc_lock
                0x0800c068        0xc C:/ST/STM32CubeIDE_1.17.0/STM32CubeIDE/plugins/com.st.stm32cube.ide.mcu.externaltools.gnu-tools-for-stm32.12.3.rel1.win32_1.1.0.202410251130/tools/bin/../lib/gcc/arm-none-eabi/12.3.1/../../../../arm-none-eabi/lib/thumb/v8-m.main+fp/hard\libc_nano.a(libc_a-mlock.o)
                0x0800c068                __malloc_lock
 .text.__malloc_unlock
                0x0800c074        0xc C:/ST/STM32CubeIDE_1.17.0/STM32CubeIDE/plugins/com.st.stm32cube.ide.mcu.externaltools.gnu-tools-for-stm32.12.3.rel1.win32_1.1.0.202410251130/tools/bin/../lib/gcc/arm-none-eabi/12.3.1/../../../../arm-none-eabi/lib/thumb/v8-m.main+fp/hard\libc_nano.a(libc_a-mlock.o)
                0x0800c074                __malloc_unlock
 .text._Balloc  0x0800c080       0x80 C:/ST/STM32CubeIDE_1.17.0/STM32CubeIDE/plugins/com.st.stm32cube.ide.mcu.externaltools.gnu-tools-for-stm32.12.3.rel1.win32_1.1.0.202410251130/tools/bin/../lib/gcc/arm-none-eabi/12.3.1/../../../../arm-none-eabi/lib/thumb/v8-m.main+fp/hard\libc_nano.a(libc_a-mprec.o)
                0x0800c080                _Balloc
 .text._Bfree   0x0800c100       0x44 C:/ST/STM32CubeIDE_1.17.0/STM32CubeIDE/plugins/com.st.stm32cube.ide.mcu.externaltools.gnu-tools-for-stm32.12.3.rel1.win32_1.1.0.202410251130/tools/bin/../lib/gcc/arm-none-eabi/12.3.1/../../../../arm-none-eabi/lib/thumb/v8-m.main+fp/hard\libc_nano.a(libc_a-mprec.o)
                0x0800c100                _Bfree
 .text.__multadd
                0x0800c144       0x90 C:/ST/STM32CubeIDE_1.17.0/STM32CubeIDE/plugins/com.st.stm32cube.ide.mcu.externaltools.gnu-tools-for-stm32.12.3.rel1.win32_1.1.0.202410251130/tools/bin/../lib/gcc/arm-none-eabi/12.3.1/../../../../arm-none-eabi/lib/thumb/v8-m.main+fp/hard\libc_nano.a(libc_a-mprec.o)
                0x0800c144                __multadd
 .text.__s2b    0x0800c1d4       0x94 C:/ST/STM32CubeIDE_1.17.0/STM32CubeIDE/plugins/com.st.stm32cube.ide.mcu.externaltools.gnu-tools-for-stm32.12.3.rel1.win32_1.1.0.202410251130/tools/bin/../lib/gcc/arm-none-eabi/12.3.1/../../../../arm-none-eabi/lib/thumb/v8-m.main+fp/hard\libc_nano.a(libc_a-mprec.o)
                0x0800c1d4                __s2b
 .text.__hi0bits
                0x0800c268       0x3e C:/ST/STM32CubeIDE_1.17.0/STM32CubeIDE/plugins/com.st.stm32cube.ide.mcu.externaltools.gnu-tools-for-stm32.12.3.rel1.win32_1.1.0.202410251130/tools/bin/../lib/gcc/arm-none-eabi/12.3.1/../../../../arm-none-eabi/lib/thumb/v8-m.main+fp/hard\libc_nano.a(libc_a-mprec.o)
                0x0800c268                __hi0bits
 .text.__lo0bits
                0x0800c2a6       0x5a C:/ST/STM32CubeIDE_1.17.0/STM32CubeIDE/plugins/com.st.stm32cube.ide.mcu.externaltools.gnu-tools-for-stm32.12.3.rel1.win32_1.1.0.202410251130/tools/bin/../lib/gcc/arm-none-eabi/12.3.1/../../../../arm-none-eabi/lib/thumb/v8-m.main+fp/hard\libc_nano.a(libc_a-mprec.o)
                0x0800c2a6                __lo0bits
 .text.__i2b    0x0800c300       0x2c C:/ST/STM32CubeIDE_1.17.0/STM32CubeIDE/plugins/com.st.stm32cube.ide.mcu.externaltools.gnu-tools-for-stm32.12.3.rel1.win32_1.1.0.202410251130/tools/bin/../lib/gcc/arm-none-eabi/12.3.1/../../../../arm-none-eabi/lib/thumb/v8-m.main+fp/hard\libc_nano.a(libc_a-mprec.o)
                0x0800c300                __i2b
 .text.__multiply
                0x0800c32c      0x154 C:/ST/STM32CubeIDE_1.17.0/STM32CubeIDE/plugins/com.st.stm32cube.ide.mcu.externaltools.gnu-tools-for-stm32.12.3.rel1.win32_1.1.0.202410251130/tools/bin/../lib/gcc/arm-none-eabi/12.3.1/../../../../arm-none-eabi/lib/thumb/v8-m.main+fp/hard\libc_nano.a(libc_a-mprec.o)
                0x0800c32c                __multiply
 .text.__pow5mult
                0x0800c480       0xb4 C:/ST/STM32CubeIDE_1.17.0/STM32CubeIDE/plugins/com.st.stm32cube.ide.mcu.externaltools.gnu-tools-for-stm32.12.3.rel1.win32_1.1.0.202410251130/tools/bin/../lib/gcc/arm-none-eabi/12.3.1/../../../../arm-none-eabi/lib/thumb/v8-m.main+fp/hard\libc_nano.a(libc_a-mprec.o)
                0x0800c480                __pow5mult
 .text.__lshift
                0x0800c534       0xd8 C:/ST/STM32CubeIDE_1.17.0/STM32CubeIDE/plugins/com.st.stm32cube.ide.mcu.externaltools.gnu-tools-for-stm32.12.3.rel1.win32_1.1.0.202410251130/tools/bin/../lib/gcc/arm-none-eabi/12.3.1/../../../../arm-none-eabi/lib/thumb/v8-m.main+fp/hard\libc_nano.a(libc_a-mprec.o)
                0x0800c534                __lshift
 .text.__mcmp   0x0800c60c       0x36 C:/ST/STM32CubeIDE_1.17.0/STM32CubeIDE/plugins/com.st.stm32cube.ide.mcu.externaltools.gnu-tools-for-stm32.12.3.rel1.win32_1.1.0.202410251130/tools/bin/../lib/gcc/arm-none-eabi/12.3.1/../../../../arm-none-eabi/lib/thumb/v8-m.main+fp/hard\libc_nano.a(libc_a-mprec.o)
                0x0800c60c                __mcmp
 *fill*         0x0800c642        0x2 
 .text.__mdiff  0x0800c644      0x130 C:/ST/STM32CubeIDE_1.17.0/STM32CubeIDE/plugins/com.st.stm32cube.ide.mcu.externaltools.gnu-tools-for-stm32.12.3.rel1.win32_1.1.0.202410251130/tools/bin/../lib/gcc/arm-none-eabi/12.3.1/../../../../arm-none-eabi/lib/thumb/v8-m.main+fp/hard\libc_nano.a(libc_a-mprec.o)
                0x0800c644                __mdiff
 .text.__ulp    0x0800c774       0x4c C:/ST/STM32CubeIDE_1.17.0/STM32CubeIDE/plugins/com.st.stm32cube.ide.mcu.externaltools.gnu-tools-for-stm32.12.3.rel1.win32_1.1.0.202410251130/tools/bin/../lib/gcc/arm-none-eabi/12.3.1/../../../../arm-none-eabi/lib/thumb/v8-m.main+fp/hard\libc_nano.a(libc_a-mprec.o)
                0x0800c774                __ulp
 .text.__b2d    0x0800c7c0       0x9c C:/ST/STM32CubeIDE_1.17.0/STM32CubeIDE/plugins/com.st.stm32cube.ide.mcu.externaltools.gnu-tools-for-stm32.12.3.rel1.win32_1.1.0.202410251130/tools/bin/../lib/gcc/arm-none-eabi/12.3.1/../../../../arm-none-eabi/lib/thumb/v8-m.main+fp/hard\libc_nano.a(libc_a-mprec.o)
                0x0800c7c0                __b2d
 .text.__d2b    0x0800c85c       0xb0 C:/ST/STM32CubeIDE_1.17.0/STM32CubeIDE/plugins/com.st.stm32cube.ide.mcu.externaltools.gnu-tools-for-stm32.12.3.rel1.win32_1.1.0.202410251130/tools/bin/../lib/gcc/arm-none-eabi/12.3.1/../../../../arm-none-eabi/lib/thumb/v8-m.main+fp/hard\libc_nano.a(libc_a-mprec.o)
                0x0800c85c                __d2b
 .text.__ratio  0x0800c90c       0x64 C:/ST/STM32CubeIDE_1.17.0/STM32CubeIDE/plugins/com.st.stm32cube.ide.mcu.externaltools.gnu-tools-for-stm32.12.3.rel1.win32_1.1.0.202410251130/tools/bin/../lib/gcc/arm-none-eabi/12.3.1/../../../../arm-none-eabi/lib/thumb/v8-m.main+fp/hard\libc_nano.a(libc_a-mprec.o)
                0x0800c90c                __ratio
 .text.__copybits
                0x0800c970       0x46 C:/ST/STM32CubeIDE_1.17.0/STM32CubeIDE/plugins/com.st.stm32cube.ide.mcu.externaltools.gnu-tools-for-stm32.12.3.rel1.win32_1.1.0.202410251130/tools/bin/../lib/gcc/arm-none-eabi/12.3.1/../../../../arm-none-eabi/lib/thumb/v8-m.main+fp/hard\libc_nano.a(libc_a-mprec.o)
                0x0800c970                __copybits
 .text.__any_on
                0x0800c9b6       0x42 C:/ST/STM32CubeIDE_1.17.0/STM32CubeIDE/plugins/com.st.stm32cube.ide.mcu.externaltools.gnu-tools-for-stm32.12.3.rel1.win32_1.1.0.202410251130/tools/bin/../lib/gcc/arm-none-eabi/12.3.1/../../../../arm-none-eabi/lib/thumb/v8-m.main+fp/hard\libc_nano.a(libc_a-mprec.o)
                0x0800c9b6                __any_on
 .text.sulp     0x0800c9f8       0x3c C:/ST/STM32CubeIDE_1.17.0/STM32CubeIDE/plugins/com.st.stm32cube.ide.mcu.externaltools.gnu-tools-for-stm32.12.3.rel1.win32_1.1.0.202410251130/tools/bin/../lib/gcc/arm-none-eabi/12.3.1/../../../../arm-none-eabi/lib/thumb/v8-m.main+fp/hard\libc_nano.a(libc_a-strtod.o)
 *fill*         0x0800ca34        0x4 
 .text._strtod_l
                0x0800ca38      0xbc8 C:/ST/STM32CubeIDE_1.17.0/STM32CubeIDE/plugins/com.st.stm32cube.ide.mcu.externaltools.gnu-tools-for-stm32.12.3.rel1.win32_1.1.0.202410251130/tools/bin/../lib/gcc/arm-none-eabi/12.3.1/../../../../arm-none-eabi/lib/thumb/v8-m.main+fp/hard\libc_nano.a(libc_a-strtod.o)
                0x0800ca38                _strtod_l
 .text._strtod_r
                0x0800d600        0xc C:/ST/STM32CubeIDE_1.17.0/STM32CubeIDE/plugins/com.st.stm32cube.ide.mcu.externaltools.gnu-tools-for-stm32.12.3.rel1.win32_1.1.0.202410251130/tools/bin/../lib/gcc/arm-none-eabi/12.3.1/../../../../arm-none-eabi/lib/thumb/v8-m.main+fp/hard\libc_nano.a(libc_a-strtod.o)
                0x0800d600                _strtod_r
 .text._strtol_l.constprop.0
                0x0800d60c       0xf4 C:/ST/STM32CubeIDE_1.17.0/STM32CubeIDE/plugins/com.st.stm32cube.ide.mcu.externaltools.gnu-tools-for-stm32.12.3.rel1.win32_1.1.0.202410251130/tools/bin/../lib/gcc/arm-none-eabi/12.3.1/../../../../arm-none-eabi/lib/thumb/v8-m.main+fp/hard\libc_nano.a(libc_a-strtol.o)
 .text._strtol_r
                0x0800d700        0x4 C:/ST/STM32CubeIDE_1.17.0/STM32CubeIDE/plugins/com.st.stm32cube.ide.mcu.externaltools.gnu-tools-for-stm32.12.3.rel1.win32_1.1.0.202410251130/tools/bin/../lib/gcc/arm-none-eabi/12.3.1/../../../../arm-none-eabi/lib/thumb/v8-m.main+fp/hard\libc_nano.a(libc_a-strtol.o)
                0x0800d700                _strtol_r
 .text.__ssputs_r
                0x0800d704       0xb6 C:/ST/STM32CubeIDE_1.17.0/STM32CubeIDE/plugins/com.st.stm32cube.ide.mcu.externaltools.gnu-tools-for-stm32.12.3.rel1.win32_1.1.0.202410251130/tools/bin/../lib/gcc/arm-none-eabi/12.3.1/../../../../arm-none-eabi/lib/thumb/v8-m.main+fp/hard\libc_nano.a(libc_a-nano-svfprintf.o)
                0x0800d704                __ssputs_r
 *fill*         0x0800d7ba        0x2 
 .text._svfprintf_r
                0x0800d7bc      0x1f8 C:/ST/STM32CubeIDE_1.17.0/STM32CubeIDE/plugins/com.st.stm32cube.ide.mcu.externaltools.gnu-tools-for-stm32.12.3.rel1.win32_1.1.0.202410251130/tools/bin/../lib/gcc/arm-none-eabi/12.3.1/../../../../arm-none-eabi/lib/thumb/v8-m.main+fp/hard\libc_nano.a(libc_a-nano-svfprintf.o)
                0x0800d7bc                _svfiprintf_r
                0x0800d7bc                _svfprintf_r
 .text.__sflush_r
                0x0800d9b4      0x108 C:/ST/STM32CubeIDE_1.17.0/STM32CubeIDE/plugins/com.st.stm32cube.ide.mcu.externaltools.gnu-tools-for-stm32.12.3.rel1.win32_1.1.0.202410251130/tools/bin/../lib/gcc/arm-none-eabi/12.3.1/../../../../arm-none-eabi/lib/thumb/v8-m.main+fp/hard\libc_nano.a(libc_a-fflush.o)
                0x0800d9b4                __sflush_r
 .text._fflush_r
                0x0800dabc       0x50 C:/ST/STM32CubeIDE_1.17.0/STM32CubeIDE/plugins/com.st.stm32cube.ide.mcu.externaltools.gnu-tools-for-stm32.12.3.rel1.win32_1.1.0.202410251130/tools/bin/../lib/gcc/arm-none-eabi/12.3.1/../../../../arm-none-eabi/lib/thumb/v8-m.main+fp/hard\libc_nano.a(libc_a-fflush.o)
                0x0800dabc                _fflush_r
 .text.strncmp  0x0800db0c       0x24 C:/ST/STM32CubeIDE_1.17.0/STM32CubeIDE/plugins/com.st.stm32cube.ide.mcu.externaltools.gnu-tools-for-stm32.12.3.rel1.win32_1.1.0.202410251130/tools/bin/../lib/gcc/arm-none-eabi/12.3.1/../../../../arm-none-eabi/lib/thumb/v8-m.main+fp/hard\libc_nano.a(libc_a-strncmp.o)
                0x0800db0c                strncmp
 .text._sbrk_r  0x0800db30       0x20 C:/ST/STM32CubeIDE_1.17.0/STM32CubeIDE/plugins/com.st.stm32cube.ide.mcu.externaltools.gnu-tools-for-stm32.12.3.rel1.win32_1.1.0.202410251130/tools/bin/../lib/gcc/arm-none-eabi/12.3.1/../../../../arm-none-eabi/lib/thumb/v8-m.main+fp/hard\libc_nano.a(libc_a-sbrkr.o)
                0x0800db30                _sbrk_r
 .text.nan      0x0800db50       0x10 C:/ST/STM32CubeIDE_1.17.0/STM32CubeIDE/plugins/com.st.stm32cube.ide.mcu.externaltools.gnu-tools-for-stm32.12.3.rel1.win32_1.1.0.202410251130/tools/bin/../lib/gcc/arm-none-eabi/12.3.1/../../../../arm-none-eabi/lib/thumb/v8-m.main+fp/hard\libc_nano.a(libm_a-s_nan.o)
                0x0800db50                nan
 .text.__assert_func
                0x0800db60       0x3c C:/ST/STM32CubeIDE_1.17.0/STM32CubeIDE/plugins/com.st.stm32cube.ide.mcu.externaltools.gnu-tools-for-stm32.12.3.rel1.win32_1.1.0.202410251130/tools/bin/../lib/gcc/arm-none-eabi/12.3.1/../../../../arm-none-eabi/lib/thumb/v8-m.main+fp/hard\libc_nano.a(libc_a-assert.o)
                0x0800db60                __assert_func
 .text._calloc_r
                0x0800db9c       0x28 C:/ST/STM32CubeIDE_1.17.0/STM32CubeIDE/plugins/com.st.stm32cube.ide.mcu.externaltools.gnu-tools-for-stm32.12.3.rel1.win32_1.1.0.202410251130/tools/bin/../lib/gcc/arm-none-eabi/12.3.1/../../../../arm-none-eabi/lib/thumb/v8-m.main+fp/hard\libc_nano.a(libc_a-callocr.o)
                0x0800db9c                _calloc_r
 .text.rshift   0x0800dbc4       0xa2 C:/ST/STM32CubeIDE_1.17.0/STM32CubeIDE/plugins/com.st.stm32cube.ide.mcu.externaltools.gnu-tools-for-stm32.12.3.rel1.win32_1.1.0.202410251130/tools/bin/../lib/gcc/arm-none-eabi/12.3.1/../../../../arm-none-eabi/lib/thumb/v8-m.main+fp/hard\libc_nano.a(libc_a-gdtoa-gethex.o)
 .text.__hexdig_fun
                0x0800dc66       0x2a C:/ST/STM32CubeIDE_1.17.0/STM32CubeIDE/plugins/com.st.stm32cube.ide.mcu.externaltools.gnu-tools-for-stm32.12.3.rel1.win32_1.1.0.202410251130/tools/bin/../lib/gcc/arm-none-eabi/12.3.1/../../../../arm-none-eabi/lib/thumb/v8-m.main+fp/hard\libc_nano.a(libc_a-gdtoa-gethex.o)
                0x0800dc66                __hexdig_fun
 .text.__gethex
                0x0800dc90      0x41c C:/ST/STM32CubeIDE_1.17.0/STM32CubeIDE/plugins/com.st.stm32cube.ide.mcu.externaltools.gnu-tools-for-stm32.12.3.rel1.win32_1.1.0.202410251130/tools/bin/../lib/gcc/arm-none-eabi/12.3.1/../../../../arm-none-eabi/lib/thumb/v8-m.main+fp/hard\libc_nano.a(libc_a-gdtoa-gethex.o)
                0x0800dc90                __gethex
 .text.L_shift  0x0800e0ac       0x24 C:/ST/STM32CubeIDE_1.17.0/STM32CubeIDE/plugins/com.st.stm32cube.ide.mcu.externaltools.gnu-tools-for-stm32.12.3.rel1.win32_1.1.0.202410251130/tools/bin/../lib/gcc/arm-none-eabi/12.3.1/../../../../arm-none-eabi/lib/thumb/v8-m.main+fp/hard\libc_nano.a(libc_a-gdtoa-hexnan.o)
 .text.__match  0x0800e0d0       0x28 C:/ST/STM32CubeIDE_1.17.0/STM32CubeIDE/plugins/com.st.stm32cube.ide.mcu.externaltools.gnu-tools-for-stm32.12.3.rel1.win32_1.1.0.202410251130/tools/bin/../lib/gcc/arm-none-eabi/12.3.1/../../../../arm-none-eabi/lib/thumb/v8-m.main+fp/hard\libc_nano.a(libc_a-gdtoa-hexnan.o)
                0x0800e0d0                __match
 .text.__hexnan
                0x0800e0f8      0x136 C:/ST/STM32CubeIDE_1.17.0/STM32CubeIDE/plugins/com.st.stm32cube.ide.mcu.externaltools.gnu-tools-for-stm32.12.3.rel1.win32_1.1.0.202410251130/tools/bin/../lib/gcc/arm-none-eabi/12.3.1/../../../../arm-none-eabi/lib/thumb/v8-m.main+fp/hard\libc_nano.a(libc_a-gdtoa-hexnan.o)
                0x0800e0f8                __hexnan
 .text.__ascii_mbtowc