Archive member included to satisfy reference by file (symbol)

C:/ST/STM32CubeIDE_1.19.0/STM32CubeIDE/plugins/com.st.stm32cube.ide.mcu.externaltools.gnu-tools-for-stm32.13.3.rel1.win32_1.0.0.202411081344/tools/bin/../lib/gcc/arm-none-eabi/13.3.1/../../../../arm-none-eabi/lib/thumb/v8-m.main+fp/hard\libc_nano.a(libc_a-exit.o)
                              C:/ST/STM32CubeIDE_1.19.0/STM32CubeIDE/plugins/com.st.stm32cube.ide.mcu.externaltools.gnu-tools-for-stm32.13.3.rel1.win32_1.0.0.202411081344/tools/bin/../lib/gcc/arm-none-eabi/13.3.1/../../../../arm-none-eabi/lib/thumb/v8-m.main+fp/hard/crt0.o (exit)
C:/ST/STM32CubeIDE_1.19.0/STM32CubeIDE/plugins/com.st.stm32cube.ide.mcu.externaltools.gnu-tools-for-stm32.13.3.rel1.win32_1.0.0.202411081344/tools/bin/../lib/gcc/arm-none-eabi/13.3.1/../../../../arm-none-eabi/lib/thumb/v8-m.main+fp/hard\libc_nano.a(libc_a-nano-vfprintf_float.o)
                              (_printf_float)
C:/ST/STM32CubeIDE_1.19.0/STM32CubeIDE/plugins/com.st.stm32cube.ide.mcu.externaltools.gnu-tools-for-stm32.13.3.rel1.win32_1.0.0.202411081344/tools/bin/../lib/gcc/arm-none-eabi/13.3.1/../../../../arm-none-eabi/lib/thumb/v8-m.main+fp/hard\libc_nano.a(libc_a-nano-vfprintf_i.o)
                              C:/ST/STM32CubeIDE_1.19.0/STM32CubeIDE/plugins/com.st.stm32cube.ide.mcu.externaltools.gnu-tools-for-stm32.13.3.rel1.win32_1.0.0.202411081344/tools/bin/../lib/gcc/arm-none-eabi/13.3.1/../../../../arm-none-eabi/lib/thumb/v8-m.main+fp/hard\libc_nano.a(libc_a-nano-vfprintf_float.o) (_printf_common)
C:/ST/STM32CubeIDE_1.19.0/STM32CubeIDE/plugins/com.st.stm32cube.ide.mcu.externaltools.gnu-tools-for-stm32.13.3.rel1.win32_1.0.0.202411081344/tools/bin/../lib/gcc/arm-none-eabi/13.3.1/../../../../arm-none-eabi/lib/thumb/v8-m.main+fp/hard\libc_nano.a(libc_a-nano-vfscanf_float.o)
                              (_scanf_float)
C:/ST/STM32CubeIDE_1.19.0/STM32CubeIDE/plugins/com.st.stm32cube.ide.mcu.externaltools.gnu-tools-for-stm32.13.3.rel1.win32_1.0.0.202411081344/tools/bin/../lib/gcc/arm-none-eabi/13.3.1/../../../../arm-none-eabi/lib/thumb/v8-m.main+fp/hard\libc_nano.a(libc_a-findfp.o)
                              C:/ST/STM32CubeIDE_1.19.0/STM32CubeIDE/plugins/com.st.stm32cube.ide.mcu.externaltools.gnu-tools-for-stm32.13.3.rel1.win32_1.0.0.202411081344/tools/bin/../lib/gcc/arm-none-eabi/13.3.1/../../../../arm-none-eabi/lib/thumb/v8-m.main+fp/hard\libc_nano.a(libc_a-exit.o) (__stdio_exit_handler)
C:/ST/STM32CubeIDE_1.19.0/STM32CubeIDE/plugins/com.st.stm32cube.ide.mcu.externaltools.gnu-tools-for-stm32.13.3.rel1.win32_1.0.0.202411081344/tools/bin/../lib/gcc/arm-none-eabi/13.3.1/../../../../arm-none-eabi/lib/thumb/v8-m.main+fp/hard\libc_nano.a(libc_a-fwalk.o)
                              C:/ST/STM32CubeIDE_1.19.0/STM32CubeIDE/plugins/com.st.stm32cube.ide.mcu.externaltools.gnu-tools-for-stm32.13.3.rel1.win32_1.0.0.202411081344/tools/bin/../lib/gcc/arm-none-eabi/13.3.1/../../../../arm-none-eabi/lib/thumb/v8-m.main+fp/hard\libc_nano.a(libc_a-findfp.o) (_fwalk_sglue)
C:/ST/STM32CubeIDE_1.19.0/STM32CubeIDE/plugins/com.st.stm32cube.ide.mcu.externaltools.gnu-tools-for-stm32.13.3.rel1.win32_1.0.0.202411081344/tools/bin/../lib/gcc/arm-none-eabi/13.3.1/../../../../arm-none-eabi/lib/thumb/v8-m.main+fp/hard\libc_nano.a(libc_a-sprintf.o)
                              ./Custom/lcd_mgr.o (sprintf)
C:/ST/STM32CubeIDE_1.19.0/STM32CubeIDE/plugins/com.st.stm32cube.ide.mcu.externaltools.gnu-tools-for-stm32.13.3.rel1.win32_1.0.0.202411081344/tools/bin/../lib/gcc/arm-none-eabi/13.3.1/../../../../arm-none-eabi/lib/thumb/v8-m.main+fp/hard\libc_nano.a(libc_a-stdio.o)
                              C:/ST/STM32CubeIDE_1.19.0/STM32CubeIDE/plugins/com.st.stm32cube.ide.mcu.externaltools.gnu-tools-for-stm32.13.3.rel1.win32_1.0.0.202411081344/tools/bin/../lib/gcc/arm-none-eabi/13.3.1/../../../../arm-none-eabi/lib/thumb/v8-m.main+fp/hard\libc_nano.a(libc_a-findfp.o) (__sread)
C:/ST/STM32CubeIDE_1.19.0/STM32CubeIDE/plugins/com.st.stm32cube.ide.mcu.externaltools.gnu-tools-for-stm32.13.3.rel1.win32_1.0.0.202411081344/tools/bin/../lib/gcc/arm-none-eabi/13.3.1/../../../../arm-none-eabi/lib/thumb/v8-m.main+fp/hard\libc_nano.a(libc_a-memmove.o)
                              ./Drivers/STM32H5xx_HAL_Driver/Src/stm32h5xx_hal_dma_ex.o (memmove)
C:/ST/STM32CubeIDE_1.19.0/STM32CubeIDE/plugins/com.st.stm32cube.ide.mcu.externaltools.gnu-tools-for-stm32.13.3.rel1.win32_1.0.0.202411081344/tools/bin/../lib/gcc/arm-none-eabi/13.3.1/../../../../arm-none-eabi/lib/thumb/v8-m.main+fp/hard\libc_nano.a(libc_a-memset.o)
                              C:/ST/STM32CubeIDE_1.19.0/STM32CubeIDE/plugins/com.st.stm32cube.ide.mcu.externaltools.gnu-tools-for-stm32.13.3.rel1.win32_1.0.0.202411081344/tools/bin/../lib/gcc/arm-none-eabi/13.3.1/../../../../arm-none-eabi/lib/thumb/v8-m.main+fp/hard/crt0.o (memset)
[...]
Memory Configuration

Name             Origin             Length             Attributes
RAM              0x20000000         0x00044000         xrw
FLASH            0x08000000         0x00080000         xr
*default*        0x00000000         0xffffffff

Linker script and memory map

LOAD C:/ST/STM32CubeIDE_1.19.0/STM32CubeIDE/plugins/com.st.stm32cube.ide.mcu.externaltools.gnu-tools-for-stm32.13.3.rel1.win32_1.0.0.202411081344/tools/bin/../lib/gcc/arm-none-eabi/13.3.1/thumb/v8-m.main+fp/hard/crti.o
LOAD C:/ST/STM32CubeIDE_1.19.0/STM32CubeIDE/plugins/com.st.stm32cube.ide.mcu.externaltools.gnu-tools-for-stm32.13.3.rel1.win32_1.0.0.202411081344/tools/bin/../lib/gcc/arm-none-eabi/13.3.1/thumb/v8-m.main+fp/hard/crtbegin.o
LOAD C:/ST/STM32CubeIDE_1.19.0/STM32CubeIDE/plugins/com.st.stm32cube.ide.mcu.externaltools.gnu-tools-for-stm32.13.3.rel1.win32_1.0.0.202411081344/tools/bin/../lib/gcc/arm-none-eabi/13.3.1/../../../../arm-none-eabi/lib/thumb/v8-m.main+fp/hard/crt0.o
LOAD ./Core/Src/adc.o
LOAD ./Core/Src/fdcan.o
LOAD ./Core/Src/gpdma.o
LOAD ./Core/Src/gpio.o
LOAD ./Core/Src/i2c.o
LOAD ./Core/Src/main.o
LOAD ./Core/Src/stm32h5xx_hal_msp.o
LOAD ./Core/Src/stm32h5xx_it.o
LOAD ./Core/Src/syscalls.o
LOAD ./Core/Src/sysmem.o
LOAD ./Core/Src/system_stm32h5xx.o
LOAD ./Core/Src/tim.o
LOAD ./Core/Src/usb.o
LOAD ./Core/Startup/startup_stm32h523ccux.o
LOAD ./Custom/adxl_mgr.o
LOAD ./Custom/analog_mgr.o
LOAD ./Custom/can_conv_funcs.o
LOAD ./Custom/can_mgr.o
LOAD ./Custom/custom_main.o
LOAD ./Custom/gpio_mgr.o
LOAD ./Custom/lcd_mgr.o
LOAD ./Custom/usb_mgr.o
LOAD ./Drivers/STM32H5xx_HAL_Driver/Src/stm32h5xx_hal.o
LOAD ./Drivers/STM32H5xx_HAL_Driver/Src/stm32h5xx_hal_adc.o
LOAD ./Drivers/STM32H5xx_HAL_Driver/Src/stm32h5xx_hal_adc_ex.o
LOAD ./Drivers/STM32H5xx_HAL_Driver/Src/stm32h5xx_hal_cortex.o
LOAD ./Drivers/STM32H5xx_HAL_Driver/Src/stm32h5xx_hal_dma.o
LOAD ./Drivers/STM32H5xx_HAL_Driver/Src/stm32h5xx_hal_dma_ex.o
LOAD ./Drivers/STM32H5xx_HAL_Driver/Src/stm32h5xx_hal_exti.o
LOAD ./Drivers/STM32H5xx_HAL_Driver/Src/stm32h5xx_hal_fdcan.o
LOAD ./Drivers/STM32H5xx_HAL_Driver/Src/stm32h5xx_hal_flash.o
LOAD ./Drivers/STM32H5xx_HAL_Driver/Src/stm32h5xx_hal_flash_ex.o
LOAD ./Drivers/STM32H5xx_HAL_Driver/Src/stm32h5xx_hal_gpio.o
LOAD ./Drivers/STM32H5xx_HAL_Driver/Src/stm32h5xx_hal_i2c.o
LOAD ./Drivers/STM32H5xx_HAL_Driver/Src/stm32h5xx_hal_i2c_ex.o
LOAD ./Drivers/STM32H5xx_HAL_Driver/Src/stm32h5xx_hal_pcd.o
LOAD ./Drivers/STM32H5xx_HAL_Driver/Src/stm32h5xx_hal_pcd_ex.o
LOAD ./Drivers/STM32H5xx_HAL_Driver/Src/stm32h5xx_hal_pwr.o
LOAD ./Drivers/STM32H5xx_HAL_Driver/Src/stm32h5xx_hal_pwr_ex.o
LOAD ./Drivers/STM32H5xx_HAL_Driver/Src/stm32h5xx_hal_rcc.o
LOAD ./Drivers/STM32H5xx_HAL_Driver/Src/stm32h5xx_hal_rcc_ex.o
LOAD ./Drivers/STM32H5xx_HAL_Driver/Src/stm32h5xx_hal_tim.o
LOAD ./Drivers/STM32H5xx_HAL_Driver/Src/stm32h5xx_hal_tim_ex.o
LOAD ./Drivers/STM32H5xx_HAL_Driver/Src/stm32h5xx_ll_usb.o
LOAD ./USB_Device/App/usb_device.o
LOAD ./USB_Device/App/usbd_cdc.o
LOAD ./USB_Device/App/usbd_cdc_if.o
LOAD ./USB_Device/App/usbd_core.o
LOAD ./USB_Device/App/usbd_ctlreq.o
LOAD ./USB_Device/App/usbd_desc.o
LOAD ./USB_Device/App/usbd_ioreq.o
LOAD ./USB_Device/Target/usbd_conf.o
LOAD ./linked_files/lib_modbus.o
START GROUP
LOAD C:/ST/STM32CubeIDE_1.19.0/STM32CubeIDE/plugins/com.st.stm32cube.ide.mcu.externaltools.gnu-tools-for-stm32.13.3.rel1.win32_1.0.0.202411081344/tools/bin/../lib/gcc/arm-none-eabi/13.3.1/../../../../arm-none-eabi/lib/thumb/v8-m.main+fp/hard\libc_nano.a
LOAD C:/ST/STM32CubeIDE_1.19.0/STM32CubeIDE/plugins/com.st.stm32cube.ide.mcu.externaltools.gnu-tools-for-stm32.13.3.rel1.win32_1.0.0.202411081344/tools/bin/../lib/gcc/arm-none-eabi/13.3.1/../../../../arm-none-eabi/lib/thumb/v8-m.main+fp/hard\libm.a
END GROUP
START GROUP
LOAD C:/ST/STM32CubeIDE_1.19.0/STM32CubeIDE/plugins/com.st.stm32cube.ide.mcu.externaltools.gnu-tools-for-stm32.13.3.rel1.win32_1.0.0.202411081344/tools/bin/../lib/gcc/arm-none-eabi/13.3.1/thumb/v8-m.main+fp/hard\libgcc.a
LOAD C:/ST/STM32CubeIDE_1.19.0/STM32CubeIDE/plugins/com.st.stm32cube.ide.mcu.externaltools.gnu-tools-for-stm32.13.3.rel1.win32_1.0.0.202411081344/tools/bin/../lib/gcc/arm-none-eabi/13.3.1/../../../../arm-none-eabi/lib/thumb/v8-m.main+fp/hard\libc_nano.a
END GROUP
START GROUP
LOAD C:/ST/STM32CubeIDE_1.19.0/STM32CubeIDE/plugins/com.st.stm32cube.ide.mcu.externaltools.gnu-tools-for-stm32.13.3.rel1.win32_1.0.0.202411081344/tools/bin/../lib/gcc/arm-none-eabi/13.3.1/thumb/v8-m.main+fp/hard\libgcc.a
LOAD C:/ST/STM32CubeIDE_1.19.0/STM32CubeIDE/plugins/com.st.stm32cube.ide.mcu.externaltools.gnu-tools-for-stm32.13.3.rel1.win32_1.0.0.202411081344/tools/bin/../lib/gcc/arm-none-eabi/13.3.1/../../../../arm-none-eabi/lib/thumb/v8-m.main+fp/hard\libc_nano.a
LOAD C:/ST/STM32CubeIDE_1.19.0/STM32CubeIDE/plugins/com.st.stm32cube.ide.mcu.externaltools.gnu-tools-for-stm32.13.3.rel1.win32_1.0.0.202411081344/tools/bin/../lib/gcc/arm-none-eabi/13.3.1/../../../../arm-none-eabi/lib/thumb/v8-m.main+fp/hard\libnosys.a
END GROUP
START GROUP
LOAD C:/ST/STM32CubeIDE_1.19.0/STM32CubeIDE/plugins/com.st.stm32cube.ide.mcu.externaltools.gnu-tools-for-stm32.13.3.rel1.win32_1.0.0.202411081344/tools/bin/../lib/gcc/arm-none-eabi/13.3.1/thumb/v8-m.main+fp/hard\libgcc.a
LOAD C:/ST/STM32CubeIDE_1.19.0/STM32CubeIDE/plugins/com.st.stm32cube.ide.mcu.externaltools.gnu-tools-for-stm32.13.3.rel1.win32_1.0.0.202411081344/tools/bin/../lib/gcc/arm-none-eabi/13.3.1/../../../../arm-none-eabi/lib/thumb/v8-m.main+fp/hard\libc_nano.a
LOAD C:/ST/STM32CubeIDE_1.19.0/STM32CubeIDE/plugins/com.st.stm32cube.ide.mcu.externaltools.gnu-tools-for-stm32.13.3.rel1.win32_1.0.0.202411081344/tools/bin/../lib/gcc/arm-none-eabi/13.3.1/../../../../arm-none-eabi/lib/thumb/v8-m.main+fp/hard\libnosys.a
END GROUP
LOAD C:/ST/STM32CubeIDE_1.19.0/STM32CubeIDE/plugins/com.st.stm32cube.ide.mcu.externaltools.gnu-tools-for-stm32.13.3.rel1.win32_1.0.0.202411081344/tools/bin/../lib/gcc/arm-none-eabi/13.3.1/thumb/v8-m.main+fp/hard/crtend.o
LOAD C:/ST/STM32CubeIDE_1.19.0/STM32CubeIDE/plugins/com.st.stm32cube.ide.mcu.externaltools.gnu-tools-for-stm32.13.3.rel1.win32_1.0.0.202411081344/tools/bin/../lib/gcc/arm-none-eabi/13.3.1/thumb/v8-m.main+fp/hard/crtn.o
                0x20044000                        _estack = (ORIGIN (RAM) + LENGTH (RAM))
                0x00000200                        _Min_Heap_Size = 0x200
                0x00000400                        _Min_Stack_Size = 0x400

.isr_vector     0x08000000      0x254
                0x08000000                        . = ALIGN (0x4)
 *(.isr_vector)
 .isr_vector    0x08000000      0x254 ./Core/Startup/startup_stm32h523ccux.o
                0x08000000                g_pfnVectors
                0x08000254                        . = ALIGN (0x4)

.text           0x08000258     0xfac8
                0x08000258                        . = ALIGN (0x4)
 *(.text)
 .text          0x08000258       0x40 C:/ST/STM32CubeIDE_1.19.0/STM32CubeIDE/plugins/com.st.stm32cube.ide.mcu.externaltools.gnu-tools-for-stm32.13.3.rel1.win32_1.0.0.202411081344/tools/bin/../lib/gcc/arm-none-eabi/13.3.1/thumb/v8-m.main+fp/hard/crtbegin.o
 .text          0x08000298       0x10 C:/ST/STM32CubeIDE_1.19.0/STM32CubeIDE/plugins/com.st.stm32cube.ide.mcu.externaltools.gnu-tools-for-stm32.13.3.rel1.win32_1.0.0.202411081344/tools/bin/../lib/gcc/arm-none-eabi/13.3.1/../../../../arm-none-eabi/lib/thumb/v8-m.main+fp/hard\libc_nano.a(libc_a-strlen.o)
                0x08000298                strlen
 .text          0x080002a8      0x378 C:/ST/STM32CubeIDE_1.19.0/STM32CubeIDE/plugins/com.st.stm32cube.ide.mcu.externaltools.gnu-tools-for-stm32.13.3.rel1.win32_1.0.0.202411081344/tools/bin/../lib/gcc/arm-none-eabi/13.3.1/thumb/v8-m.main+fp/hard\libgcc.a(_arm_addsubdf3.o)
                0x080002a8                __aeabi_drsub
                0x080002b0                __aeabi_dsub
                0x080002b0                __subdf3
                0x080002b4                __aeabi_dadd
                0x080002b4                __adddf3
                0x0800052c                __floatunsidf
                0x0800052c                __aeabi_ui2d
                0x0800054c                __floatsidf
                0x0800054c                __aeabi_i2d
                0x08000570                __aeabi_f2d
                0x08000570                __extendsfdf2
                0x080005b4                __floatundidf
                0x080005b4                __aeabi_ul2d
                0x080005c4                __floatdidf
                0x080005c4                __aeabi_l2d
 .text          0x08000620      0x424 C:/ST/STM32CubeIDE_1.19.0/STM32CubeIDE/plugins/com.st.stm32cube.ide.mcu.externaltools.gnu-tools-for-stm32.13.3.rel1.win32_1.0.0.202411081344/tools/bin/../lib/gcc/arm-none-eabi/13.3.1/thumb/v8-m.main+fp/hard\libgcc.a(_arm_muldivdf3.o)
                0x08000620                __aeabi_dmul
                0x08000620                __muldf3
                0x08000874                __divdf3
                0x08000874                __aeabi_ddiv
 .text          0x08000a44      0x110 C:/ST/STM32CubeIDE_1.19.0/STM32CubeIDE/plugins/com.st.stm32cube.ide.mcu.externaltools.gnu-tools-for-stm32.13.3.rel1.win32_1.0.0.202411081344/tools/bin/../lib/gcc/arm-none-eabi/13.3.1/thumb/v8-m.main+fp/hard\libgcc.a(_arm_cmpdf2.o)
                0x08000a44                __gtdf2
                0x08000a44                __gedf2
                0x08000a4c                __ltdf2
                0x08000a4c                __ledf2
                0x08000a54                __nedf2
                0x08000a54                __eqdf2
                0x08000a54                __cmpdf2
                0x08000ad0                __aeabi_cdrcmple
                0x08000ae0                __aeabi_cdcmpeq
                0x08000ae0                __aeabi_cdcmple
                0x08000af0                __aeabi_dcmpeq
                0x08000b04                __aeabi_dcmplt
                0x08000b18                __aeabi_dcmple
                0x08000b2c                __aeabi_dcmpge
                0x08000b40                __aeabi_dcmpgt
 .text          0x08000b54       0x2c C:/ST/STM32CubeIDE_1.19.0/STM32CubeIDE/plugins/com.st.stm32cube.ide.mcu.externaltools.gnu-tools-for-stm32.13.3.rel1.win32_1.0.0.202411081344/tools/bin/../lib/gcc/arm-none-eabi/13.3.1/thumb/v8-m.main+fp/hard\libgcc.a(_arm_unorddf2.o)
                0x08000b54                __unorddf2
                0x08000b54                __aeabi_dcmpun
 .text          0x08000b80       0x50 C:/ST/STM32CubeIDE_1.19.0/STM32CubeIDE/plugins/com.st.stm32cube.ide.mcu.externaltools.gnu-tools-for-stm32.13.3.rel1.win32_1.0.0.202411081344/tools/bin/../lib/gcc/arm-none-eabi/13.3.1/thumb/v8-m.main+fp/hard\libgcc.a(_arm_fixdfsi.o)
                0x08000b80                __aeabi_d2iz
                0x08000b80                __fixdfsi
 .text          0x08000bd0       0x40 C:/ST/STM32CubeIDE_1.19.0/STM32CubeIDE/plugins/com.st.stm32cube.ide.mcu.externaltools.gnu-tools-for-stm32.13.3.rel1.win32_1.0.0.202411081344/tools/bin/../lib/gcc/arm-none-eabi/13.3.1/thumb/v8-m.main+fp/hard\libgcc.a(_arm_fixunsdfsi.o)
                0x08000bd0                __aeabi_d2uiz
                0x08000bd0                __fixunsdfsi
 .text          0x08000c10       0xa0 C:/ST/STM32CubeIDE_1.19.0/STM32CubeIDE/plugins/com.st.stm32cube.ide.mcu.externaltools.gnu-tools-for-stm32.13.3.rel1.win32_1.0.0.202411081344/tools/bin/../lib/gcc/arm-none-eabi/13.3.1/thumb/v8-m.main+fp/hard\libgcc.a(_arm_truncdfsf2.o)
                0x08000c10                __truncdfsf2
                0x08000c10                __aeabi_d2f
 .text          0x08000cb0       0x30 C:/ST/STM32CubeIDE_1.19.0/STM32CubeIDE/plugins/com.st.stm32cube.ide.mcu.externaltools.gnu-tools-for-stm32.13.3.rel1.win32_1.0.0.202411081344/tools/bin/../lib/gcc/arm-none-eabi/13.3.1/thumb/v8-m.main+fp/hard\libgcc.a(_fixdfdi.o)
                0x08000cb0                __fixdfdi
                0x08000cb0                __aeabi_d2lz
 .text          0x08000ce0       0x3c C:/ST/STM32CubeIDE_1.19.0/STM32CubeIDE/plugins/com.st.stm32cube.ide.mcu.externaltools.gnu-tools-for-stm32.13.3.rel1.win32_1.0.0.202411081344/tools/bin/../lib/gcc/arm-none-eabi/13.3.1/thumb/v8-m.main+fp/hard\libgcc.a(_fixunsdfdi.o)
                0x08000ce0                __fixunsdfdi
                0x08000ce0                __aeabi_d2ulz
 *(.text*)
 .text.MX_ADC1_Init
                0x08000d1c      0x108 ./Core/Src/adc.o
                0x08000d1c                MX_ADC1_Init
 *fill*         0x08000e24        0x4 
 .text.HAL_ADC_MspInit
                0x08000e28      0x184 ./Core/Src/adc.o
                0x08000e28                HAL_ADC_MspInit
 .text.MX_FDCAN1_Init
                0x08000fac       0x84 ./Core/Src/fdcan.o
                0x08000fac                MX_FDCAN1_Init
 .text.HAL_FDCAN_MspInit
                0x08001030       0xcc ./Core/Src/fdcan.o
                0x08001030                HAL_FDCAN_MspInit
 .text.MX_GPDMA1_Init
                0x080010fc       0x38 ./Core/Src/gpdma.o
                0x080010fc                MX_GPDMA1_Init
 .text.MX_GPIO_Init
                0x08001134       0xd8 ./Core/Src/gpio.o
                0x08001134                MX_GPIO_Init
 .text.MX_I2C2_Init
                0x0800120c       0x70 ./Core/Src/i2c.o
                0x0800120c                MX_I2C2_Init
 .text.MX_I2C3_Init
                0x0800127c       0x70 ./Core/Src/i2c.o
                0x0800127c                MX_I2C3_Init
 *fill*         0x080012ec        0x4 
 .text.HAL_I2C_MspInit
                0x080012f0      0x194 ./Core/Src/i2c.o
                0x080012f0                HAL_I2C_MspInit
 .text.SystemClock_Config
                0x08001484       0xb0 ./Core/Src/main.o
                0x08001484                SystemClock_Config
 .text.startup.main
                0x08001534       0x38 ./Core/Src/main.o
                0x08001534                main
 .text.Error_Handler
                0x0800156c        0x4 ./Core/Src/main.o
                0x0800156c                Error_Handler
 .text.HAL_MspInit
                0x08001570        0x4 ./Core/Src/stm32h5xx_hal_msp.o
                0x08001570                HAL_MspInit
 .text.NMI_Handler
                0x08001574        0x4 ./Core/Src/stm32h5xx_it.o
                0x08001574                NMI_Handler
 .text.HardFault_Handler
                0x08001578        0x4 ./Core/Src/stm32h5xx_it.o
                0x08001578                HardFault_Handler
 .text.MemManage_Handler
                0x0800157c        0x4 ./Core/Src/stm32h5xx_it.o
                0x0800157c                MemManage_Handler
 .text.BusFault_Handler
                0x08001580        0x4 ./Core/Src/stm32h5xx_it.o
                0x08001580                BusFault_Handler
 .text.UsageFault_Handler
                0x08001584        0x4 ./Core/Src/stm32h5xx_it.o
                0x08001584                UsageFault_Handler
 .text.SVC_Handler
                0x08001588        0x4 ./Core/Src/stm32h5xx_it.o
                0x08001588                SVC_Handler
 .text.DebugMon_Handler
                0x0800158c        0x4 ./Core/Src/stm32h5xx_it.o
                0x0800158c                DebugMon_Handler
 .text.PendSV_Handler
                0x08001590        0x4 ./Core/Src/stm32h5xx_it.o
                0x08001590                PendSV_Handler
 .text.SysTick_Handler
                0x08001594        0x4 ./Core/Src/stm32h5xx_it.o
                0x08001594                SysTick_Handler
 .text.GPDMA1_Channel0_IRQHandler
                0x08001598        0xc ./Core/Src/stm32h5xx_it.o
                0x08001598                GPDMA1_Channel0_IRQHandler
 .text.FDCAN1_IT0_IRQHandler
                0x080015a4        0xc ./Core/Src/stm32h5xx_it.o
                0x080015a4                FDCAN1_IT0_IRQHandler
 .text.TIM6_IRQHandler
                0x080015b0        0xc ./Core/Src/stm32h5xx_it.o
                0x080015b0                TIM6_IRQHandler
 .text.TIM7_IRQHandler
                0x080015bc       0x14 ./Core/Src/stm32h5xx_it.o
                0x080015bc                TIM7_IRQHandler
 .text.I2C2_EV_IRQHandler
                0x080015d0        0xc ./Core/Src/stm32h5xx_it.o
                0x080015d0                I2C2_EV_IRQHandler
 .text.I2C2_ER_IRQHandler
                0x080015dc        0xc ./Core/Src/stm32h5xx_it.o
                0x080015dc                I2C2_ER_IRQHandler
 .text.USB_DRD_FS_IRQHandler
                0x080015e8        0xc ./Core/Src/stm32h5xx_it.o
                0x080015e8                USB_DRD_FS_IRQHandler
 .text.I2C3_EV_IRQHandler
                0x080015f4        0xc ./Core/Src/stm32h5xx_it.o
                0x080015f4                I2C3_EV_IRQHandler
 .text.I2C3_ER_IRQHandler
                0x08001600        0xc ./Core/Src/stm32h5xx_it.o
                0x08001600                I2C3_ER_IRQHandler
 .text._getpid  0x0800160c        0x4 ./Core/Src/syscalls.o
                0x0800160c                _getpid
 .text._kill    0x08001610       0x14 ./Core/Src/syscalls.o
                0x08001610                _kill
 .text._exit    0x08001624        0xc ./Core/Src/syscalls.o
                0x08001624                _exit
 .text._read    0x08001630       0x1c ./Core/Src/syscalls.o
                0x08001630                _read
 .text._write   0x0800164c       0x1c ./Core/Src/syscalls.o
                0x0800164c                _write
 .text._close   0x08001668        0x8 ./Core/Src/syscalls.o
                0x08001668                _close
 .text._fstat   0x08001670        0xc ./Core/Src/syscalls.o
                0x08001670                _fstat
 .text._isatty  0x0800167c        0x4 ./Core/Src/syscalls.o
                0x0800167c                _isatty
 .text._lseek   0x08001680        0x4 ./Core/Src/syscalls.o
                0x08001680                _lseek
 .text._sbrk    0x08001684       0x48 ./Core/Src/sysmem.o
                0x08001684                _sbrk
 .text.SystemInit
                0x080016cc       0x9c ./Core/Src/system_stm32h5xx.o
                0x080016cc                SystemInit
 .text.MX_TIM6_Init
                0x08001768       0x54 ./Core/Src/tim.o
                0x08001768                MX_TIM6_Init
 .text.MX_TIM7_Init
                0x080017bc       0x54 ./Core/Src/tim.o
                0x080017bc                MX_TIM7_Init
 .text.HAL_TIM_Base_MspInit
                0x08001810       0x84 ./Core/Src/tim.o
                0x08001810                HAL_TIM_Base_MspInit
 .text.MX_USB_PCD_Init
                0x08001894       0x34 ./Core/Src/usb.o
                0x08001894                MX_USB_PCD_Init
 .text.Reset_Handler
                0x080018c8       0x50 ./Core/Startup/startup_stm32h523ccux.o
                0x080018c8                Reset_Handler
 .text.Default_Handler
                0x08001918        0x2 ./Core/Startup/startup_stm32h523ccux.o
                0x08001918                EXTI2_IRQHandler
                0x08001918                TIM8_TRG_COM_IRQHandler
                0x08001918                TIM8_CC_IRQHandler
                0x08001918                EXTI5_IRQHandler
                0x08001918                I3C1_ER_IRQHandler
                0x08001918                SPI4_IRQHandler
                0x08001918                GPDMA2_Channel1_IRQHandler
                0x08001918                FLASH_S_IRQHandler
                0x08001918                EXTI13_IRQHandler
                0x08001918                TIM1_CC_IRQHandler
                0x08001918                GPDMA2_Channel3_IRQHandler
                0x08001918                TAMP_IRQHandler
                0x08001918                EXTI12_IRQHandler
                0x08001918                EXTI3_IRQHandler
                0x08001918                GPDMA1_Channel5_IRQHandler
                0x08001918                EXTI8_IRQHandler
                0x08001918                GPDMA2_Channel5_IRQHandler
                0x08001918                LPTIM2_IRQHandler
                0x08001918                GPDMA2_Channel2_IRQHandler
                0x08001918                EXTI0_IRQHandler
                0x08001918                FPU_IRQHandler
                0x08001918                GPDMA1_Channel3_IRQHandler
                0x08001918                GPDMA1_Channel7_IRQHandler
                0x08001918                FDCAN1_IT1_IRQHandler
                0x08001918                RAMCFG_IRQHandler
                0x08001918                DCACHE1_IRQHandler
                0x08001918                SPI1_IRQHandler
                0x08001918                OCTOSPI1_IRQHandler
                0x08001918                GPDMA1_Channel2_IRQHandler
                0x08001918                TIM8_UP_IRQHandler
                0x08001918                RCC_S_IRQHandler
                0x08001918                ADC1_IRQHandler
                0x08001918                USART6_IRQHandler
                0x08001918                I3C2_ER_IRQHandler
                0x08001918                EXTI15_IRQHandler
                0x08001918                USART3_IRQHandler
                0x08001918                RTC_IRQHandler
                0x08001918                EXTI9_IRQHandler
                0x08001918                UART5_IRQHandler
                0x08001918                TIM4_IRQHandler
                0x08001918                I3C2_EV_IRQHandler
                0x08001918                I2C1_EV_IRQHandler
                0x08001918                GPDMA1_Channel1_IRQHandler
                0x08001918                UART4_IRQHandler
                0x08001918                SecureFault_Handler
                0x08001918                TIM3_IRQHandler
                0x08001918                RCC_IRQHandler
                0x08001918                TIM1_TRG_COM_IRQHandler
                0x08001918                Default_Handler
                0x08001918                CEC_IRQHandler
                0x08001918                GPDMA2_Channel4_IRQHandler
                0x08001918                TIM12_IRQHandler
                0x08001918                SDMMC1_IRQHandler
                0x08001918                TIM5_IRQHandler
                0x08001918                UCPD1_IRQHandler
                0x08001918                I3C1_EV_IRQHandler
                0x08001918                TIM15_IRQHandler
                0x08001918                PVD_AVD_IRQHandler
                0x08001918                ADC2_IRQHandler
                0x08001918                SPI2_IRQHandler
                0x08001918                EXTI14_IRQHandler
                0x08001918                EXTI11_IRQHandler
                0x08001918                CRS_IRQHandler
                0x08001918                EXTI4_IRQHandler
                0x08001918                GPDMA2_Channel0_IRQHandler
                0x08001918                RTC_S_IRQHandler
                0x08001918                RNG_IRQHandler
                0x08001918                FDCAN2_IT1_IRQHandler
                0x08001918                GPDMA2_Channel6_IRQHandler
                0x08001918                TIM1_UP_IRQHandler
                0x08001918                WWDG_IRQHandler
                0x08001918                FDCAN2_IT0_IRQHandler
                0x08001918                IWDG_IRQHandler
                0x08001918                LPUART1_IRQHandler
                0x08001918                TIM2_IRQHandler
                0x08001918                GPDMA1_Channel4_IRQHandler
                0x08001918                EXTI7_IRQHandler
                0x08001918                TIM1_BRK_IRQHandler
                0x08001918                EXTI1_IRQHandler
                0x08001918                DAC1_IRQHandler
                0x08001918                DTS_IRQHandler
                0x08001918                GTZC_IRQHandler
                0x08001918                USART2_IRQHandler
                0x08001918                GPDMA1_Channel6_IRQHandler
                0x08001918                GPDMA2_Channel7_IRQHandler
                0x08001918                TIM8_BRK_IRQHandler
                0x08001918                FLASH_IRQHandler
                0x08001918                USART1_IRQHandler
                0x08001918                EXTI10_IRQHandler
                0x08001918                SPI3_IRQHandler
                0x08001918                I2C1_ER_IRQHandler
                0x08001918                FMC_IRQHandler
                0x08001918                EXTI6_IRQHandler
                0x08001918                LPTIM1_IRQHandler
                0x08001918                DCMI_PSSI_IRQHandler
                0x08001918                ICACHE_IRQHandler
                0x08001918                HASH_IRQHandler
 *fill*         0x0800191a        0x6 
 .text.adxl_MemRxCpltCallback
                0x08001920      0x1b0 ./Custom/adxl_mgr.o
                0x08001920                adxl_MemRxCpltCallback
 .text.adxl_MemTxCpltCallback
                0x08001ad0       0x54 ./Custom/adxl_mgr.o
                0x08001ad0                adxl_MemTxCpltCallback
 .text.adxl_init
                0x08001b24       0x44 ./Custom/adxl_mgr.o
                0x08001b24                adxl_init
 .text.adxl_mainloop
                0x08001b68      0x15c ./Custom/adxl_mgr.o
                0x08001b68                adxl_mainloop
 .text.analog_init
                0x08001cc4       0x14 ./Custom/analog_mgr.o
                0x08001cc4                analog_init
 .text.HAL_ADC_ConvCpltCallback
                0x08001cd8       0x20 ./Custom/analog_mgr.o
                0x08001cd8                HAL_ADC_ConvCpltCallback
 .text.can_ConvPercent
                0x08001cf8       0x20 ./Custom/can_conv_funcs.o
                0x08001cf8                can_ConvPercent
 .text.can_ConvAbsoluteMAP
                0x08001d18        0x4 ./Custom/can_conv_funcs.o
                0x08001d18                can_ConvAbsoluteMAP
 .text.can_ConvVehicleSpeed
                0x08001d1c        0x4 ./Custom/can_conv_funcs.o
                0x08001d1c                can_ConvVehicleSpeed
 .text.can_ConvertRPM
                0x08001d20       0x14 ./Custom/can_conv_funcs.o
                0x08001d20                can_ConvertRPM
 .text.can_ConvTemp1
                0x08001d34       0x2c ./Custom/can_conv_funcs.o
                0x08001d34                can_ConvTemp1
 .text.can_ConvTemp2
                0x08001d60       0x28 ./Custom/can_conv_funcs.o
                0x08001d60                can_ConvTemp2
 .text.can_ConvFuelTrim
                0x08001d88       0x30 ./Custom/can_conv_funcs.o
                0x08001d88                can_ConvFuelTrim
 .text.can_ConvO2Group3
                0x08001db8       0x24 ./Custom/can_conv_funcs.o
                0x08001db8                can_ConvO2Group3
 .text.can_ConvTimingAdvance
                0x08001ddc       0x30 ./Custom/can_conv_funcs.o
                0x08001ddc                can_ConvTimingAdvance
 .text.can_ConvTargetAFR
                0x08001e0c       0x20 ./Custom/can_conv_funcs.o
                0x08001e0c                can_ConvTargetAFR
 .text.can_ConvMazdaOilTemp
                0x08001e2c       0x30 ./Custom/can_conv_funcs.o
                0x08001e2c                can_ConvMazdaOilTemp
 .text.can_ConvMazdaAtfTemp
                0x08001e5c       0x1c ./Custom/can_conv_funcs.o
                0x08001e5c                can_ConvMazdaAtfTemp
 .text.can_GetSlowTimeouts
                0x08001e78        0xc ./Custom/can_mgr.o
                0x08001e78                can_GetSlowTimeouts
 .text.can_GetFastTimeouts
                0x08001e84        0xc ./Custom/can_mgr.o
                0x08001e84                can_GetFastTimeouts
 .text.can_GetLoopTime
                0x08001e90        0xc ./Custom/can_mgr.o
                0x08001e90                can_GetLoopTime
 .text.can_GetIgnAdvMultiplier
                0x08001e9c        0xc ./Custom/can_mgr.o
                0x08001e9c                can_GetIgnAdvMultiplier
 .text.can_GetActualIgnAdv
                0x08001ea8        0xc ./Custom/can_mgr.o
                0x08001ea8                can_GetActualIgnAdv
 .text.can_GetAFRMultiplier
                0x08001eb4        0xc ./Custom/can_mgr.o
                0x08001eb4                can_GetAFRMultiplier
 .text.can_GetActualAFR
                0x08001ec0        0xc ./Custom/can_mgr.o
                0x08001ec0                can_GetActualAFR
 .text.can_GetAFRTGTMultiplier
                0x08001ecc        0xc ./Custom/can_mgr.o
                0x08001ecc                can_GetAFRTGTMultiplier
 .text.can_GetActualAFRTGT
                0x08001ed8        0xc ./Custom/can_mgr.o
                0x08001ed8                can_GetActualAFRTGT
 .text.can_GetCLTMultiplier
                0x08001ee4        0xc ./Custom/can_mgr.o
                0x08001ee4                can_GetCLTMultiplier
 .text.can_GetActualCLT
                0x08001ef0        0xc ./Custom/can_mgr.o
                0x08001ef0                can_GetActualCLT
 .text.can_GetIATMultiplier
                0x08001efc        0xc ./Custom/can_mgr.o
                0x08001efc                can_GetIATMultiplier
 .text.can_GetActualIAT
                0x08001f08        0xc ./Custom/can_mgr.o
                0x08001f08                can_GetActualIAT
 .text.can_GetOilTempMultiplier
                0x08001f14        0xc ./Custom/can_mgr.o
                0x08001f14                can_GetOilTempMultiplier
 .text.can_GetActualOilTemp
                0x08001f20        0xc ./Custom/can_mgr.o
                0x08001f20                can_GetActualOilTemp
 .text.can_GetAtfTempMultiplier
                0x08001f2c        0xc ./Custom/can_mgr.o
                0x08001f2c                can_GetAtfTempMultiplier
 .text.can_GetActualAtfTemp
                0x08001f38        0xc ./Custom/can_mgr.o
                0x08001f38                can_GetActualAtfTemp
 .text.HAL_FDCAN_RxFifo0Callback
                0x08001f44       0x6c ./Custom/can_mgr.o
                0x08001f44                HAL_FDCAN_RxFifo0Callback
 .text.can_sendRequest
                0x08001fb0       0x68 ./Custom/can_mgr.o
                0x08001fb0                can_sendRequest
 .text.can_onDataReceived
                0x08002018       0x9c ./Custom/can_mgr.o
                0x08002018                can_onDataReceived
 .text.can_Init
                0x080020b4       0x2c ./Custom/can_mgr.o
                0x080020b4                can_Init
 .text.can_timingloop
                0x080020e0        0x4 ./Custom/can_mgr.o
                0x080020e0                can_timingloop
 .text.can_1sloop
                0x080020e4        0x4 ./Custom/can_mgr.o
                0x080020e4                can_1sloop
 .text.can_mainloop
                0x080020e8      0x18c ./Custom/can_mgr.o
                0x080020e8                can_mainloop
 .text.Get10kTick
                0x08002274        0xc ./Custom/custom_main.o
                0x08002274                Get10kTick
 .text.timing_loop
                0x08002280       0x50 ./Custom/custom_main.o
                0x08002280                timing_loop
 .text.custom_init
                0x080022d0       0x30 ./Custom/custom_main.o
                0x080022d0                custom_init
 .text.mainloop
                0x08002300       0x5c ./Custom/custom_main.o
                0x08002300                mainloop
 .text.HAL_I2C_MemRxCpltCallback
                0x0800235c       0x20 ./Custom/custom_main.o
                0x0800235c                HAL_I2C_MemRxCpltCallback
 .text.HAL_I2C_MasterRxCpltCallback
                0x0800237c       0x20 ./Custom/custom_main.o
                0x0800237c                HAL_I2C_MasterRxCpltCallback
 .text.HAL_I2C_MemTxCpltCallback
                0x0800239c       0x14 ./Custom/custom_main.o
                0x0800239c                HAL_I2C_MemTxCpltCallback
 .text.HAL_I2C_MasterTxCpltCallback
                0x080023b0       0x14 ./Custom/custom_main.o
                0x080023b0                HAL_I2C_MasterTxCpltCallback
 .text.gpio_GetLcdMode
                0x080023c4        0xc ./Custom/gpio_mgr.o
                0x080023c4                gpio_GetLcdMode
 .text.gpio_mainloop
                0x080023d0       0x9c ./Custom/gpio_mgr.o
                0x080023d0                gpio_mainloop
 .text.lcd_GetLcdState
                0x0800246c        0xc ./Custom/lcd_mgr.o
                0x0800246c                lcd_GetLcdState
 .text.lcd_OnDataTransmit
                0x08002478       0x74 ./Custom/lcd_mgr.o
                0x08002478                lcd_OnDataTransmit
 .text.lcd_init
                0x080024ec       0x40 ./Custom/lcd_mgr.o
                0x080024ec                lcd_init
 .text.lcd_check_alive_rx
                0x0800252c        0xc ./Custom/lcd_mgr.o
                0x0800252c                lcd_check_alive_rx
 .text.lcd_queue_init_cmd
                0x08002538       0x80 ./Custom/lcd_mgr.o
                0x08002538                lcd_queue_init_cmd
 .text.lcd_mainloop
                0x080025b8      0xcd8 ./Custom/lcd_mgr.o
                0x080025b8                lcd_mainloop
 .text.usb_OnDataReceived.part.0
                0x08003290       0xe0 ./Custom/usb_mgr.o
 .text.USB_CDC_RxHandler
                0x08003370       0x28 ./Custom/usb_mgr.o
                0x08003370                USB_CDC_RxHandler
 .text.usb_mainloop
                0x08003398       0x44 ./Custom/usb_mgr.o
                0x08003398                usb_mainloop
 .text.HAL_InitTick
                0x080033dc       0xa0 ./Drivers/STM32H5xx_HAL_Driver/Src/stm32h5xx_hal.o
                0x080033dc                HAL_InitTick
 .text.HAL_Init
                0x0800347c       0x4c ./Drivers/STM32H5xx_HAL_Driver/Src/stm32h5xx_hal.o
                0x0800347c                HAL_Init
 .text.HAL_IncTick
                0x080034c8       0x18 ./Drivers/STM32H5xx_HAL_Driver/Src/stm32h5xx_hal.o
                0x080034c8                HAL_IncTick
 .text.HAL_GetTick
                0x080034e0        0xc ./Drivers/STM32H5xx_HAL_Driver/Src/stm32h5xx_hal.o
                0x080034e0                HAL_GetTick
 .text.HAL_ADC_Init
                0x080034ec      0x1bc ./Drivers/STM32H5xx_HAL_Driver/Src/stm32h5xx_hal_adc.o
                0x080034ec                HAL_ADC_Init
 .text.HAL_ADC_ConvHalfCpltCallback
                0x080036a8        0x4 ./Drivers/STM32H5xx_HAL_Driver/Src/stm32h5xx_hal_adc.o
                0x080036a8                HAL_ADC_ConvHalfCpltCallback
 .text.ADC_DMAHalfConvCplt
                0x080036ac        0xc ./Drivers/STM32H5xx_HAL_Driver/Src/stm32h5xx_hal_adc.o
                0x080036ac                ADC_DMAHalfConvCplt
 .text.HAL_ADC_ErrorCallback
                0x080036b8        0x4 ./Drivers/STM32H5xx_HAL_Driver/Src/stm32h5xx_hal_adc.o
                0x080036b8                HAL_ADC_ErrorCallback
 .text.ADC_DMAConvCplt
                0x080036bc       0x6c ./Drivers/STM32H5xx_HAL_Driver/Src/stm32h5xx_hal_adc.o
                0x080036bc                ADC_DMAConvCplt
 .text.ADC_DMAError
                0x08003728       0x1c ./Drivers/STM32H5xx_HAL_Driver/Src/stm32h5xx_hal_adc.o
                0x08003728                ADC_DMAError
 .text.HAL_ADC_ConfigChannel
                0x08003744      0x500 ./Drivers/STM32H5xx_HAL_Driver/Src/stm32h5xx_hal_adc.o
                0x08003744                HAL_ADC_ConfigChannel
 .text.ADC_Enable
                0x08003c44       0xc4 ./Drivers/STM32H5xx_HAL_Driver/Src/stm32h5xx_hal_adc.o
                0x08003c44                ADC_Enable
 .text.HAL_ADC_Start_DMA
                0x08003d08      0x140 ./Drivers/STM32H5xx_HAL_Driver/Src/stm32h5xx_hal_adc.o
                0x08003d08                HAL_ADC_Start_DMA
 .text.HAL_NVIC_SetPriorityGrouping
                0x08003e48       0x24 ./Drivers/STM32H5xx_HAL_Driver/Src/stm32h5xx_hal_cortex.o
                0x08003e48                HAL_NVIC_SetPriorityGrouping
 .text.HAL_NVIC_SetPriority
                0x08003e6c       0x78 ./Drivers/STM32H5xx_HAL_Driver/Src/stm32h5xx_hal_cortex.o
                0x08003e6c                HAL_NVIC_SetPriority
 .text.HAL_NVIC_EnableIRQ
                0x08003ee4       0x1c ./Drivers/STM32H5xx_HAL_Driver/Src/stm32h5xx_hal_cortex.o
                0x08003ee4                HAL_NVIC_EnableIRQ
 .text.HAL_SYSTICK_Config
                0x08003f00       0x20 ./Drivers/STM32H5xx_HAL_Driver/Src/stm32h5xx_hal_cortex.o
                0x08003f00                HAL_SYSTICK_Config
 .text.HAL_SYSTICK_CLKSourceConfig
                0x08003f20       0x7c ./Drivers/STM32H5xx_HAL_Driver/Src/stm32h5xx_hal_cortex.o
                0x08003f20                HAL_SYSTICK_CLKSourceConfig
 .text.HAL_SYSTICK_GetCLKSourceConfig
                0x08003f9c       0x34 ./Drivers/STM32H5xx_HAL_Driver/Src/stm32h5xx_hal_cortex.o
                0x08003f9c                HAL_SYSTICK_GetCLKSourceConfig
 .text.HAL_DMA_Start_IT
                0x08003fd0       0x88 ./Drivers/STM32H5xx_HAL_Driver/Src/stm32h5xx_hal_dma.o
                0x08003fd0                HAL_DMA_Start_IT
 .text.HAL_DMA_Abort_IT
                0x08004058       0x2c ./Drivers/STM32H5xx_HAL_Driver/Src/stm32h5xx_hal_dma.o
                0x08004058                HAL_DMA_Abort_IT
 .text.HAL_DMA_IRQHandler
                0x08004084      0x180 ./Drivers/STM32H5xx_HAL_Driver/Src/stm32h5xx_hal_dma.o
                0x08004084                HAL_DMA_IRQHandler
 .text.HAL_DMA_GetState
                0x08004204        0x8 ./Drivers/STM32H5xx_HAL_Driver/Src/stm32h5xx_hal_dma.o
                0x08004204                HAL_DMA_GetState
 .text.HAL_DMA_ConfigChannelAttributes
                0x0800420c       0x38 ./Drivers/STM32H5xx_HAL_Driver/Src/stm32h5xx_hal_dma.o
                0x0800420c                HAL_DMA_ConfigChannelAttributes
 .text.DMA_List_FindNode
                0x08004244       0xd4 ./Drivers/STM32H5xx_HAL_Driver/Src/stm32h5xx_hal_dma_ex.o
 .text.HAL_DMAEx_List_Init
                0x08004318      0x1e0 ./Drivers/STM32H5xx_HAL_Driver/Src/stm32h5xx_hal_dma_ex.o
                0x08004318                HAL_DMAEx_List_Init
 .text.HAL_DMAEx_List_Start_IT
                0x080044f8       0xc4 ./Drivers/STM32H5xx_HAL_Driver/Src/stm32h5xx_hal_dma_ex.o
                0x080044f8                HAL_DMAEx_List_Start_IT
 .text.HAL_DMAEx_List_BuildNode
                0x080045bc      0x144 ./Drivers/STM32H5xx_HAL_Driver/Src/stm32h5xx_hal_dma_ex.o
                0x080045bc                HAL_DMAEx_List_BuildNode
 .text.HAL_DMAEx_List_GetNodeConfig
                0x08004700       0xfc ./Drivers/STM32H5xx_HAL_Driver/Src/stm32h5xx_hal_dma_ex.o
                0x08004700                HAL_DMAEx_List_GetNodeConfig
 .text.HAL_DMAEx_List_InsertNode
                0x080047fc      0x134 ./Drivers/STM32H5xx_HAL_Driver/Src/stm32h5xx_hal_dma_ex.o
                0x080047fc                HAL_DMAEx_List_InsertNode
 .text.HAL_DMAEx_List_SetCircularMode
                0x08004930       0xa0 ./Drivers/STM32H5xx_HAL_Driver/Src/stm32h5xx_hal_dma_ex.o
                0x08004930                HAL_DMAEx_List_SetCircularMode
 .text.HAL_DMAEx_List_LinkQ
                0x080049d0       0xb8 ./Drivers/STM32H5xx_HAL_Driver/Src/stm32h5xx_hal_dma_ex.o
                0x080049d0                HAL_DMAEx_List_LinkQ
 .text.HAL_DMAEx_GetFifoLevel
                0x08004a88        0xc ./Drivers/STM32H5xx_HAL_Driver/Src/stm32h5xx_hal_dma_ex.o
                0x08004a88                HAL_DMAEx_GetFifoLevel
 *fill*         0x08004a94        0x4 
 .text.HAL_FDCAN_Init
                0x08004a98      0x270 ./Drivers/STM32H5xx_HAL_Driver/Src/stm32h5xx_hal_fdcan.o
                0x08004a98                HAL_FDCAN_Init
 .text.HAL_FDCAN_ConfigFilter
                0x08004d08       0x58 ./Drivers/STM32H5xx_HAL_Driver/Src/stm32h5xx_hal_fdcan.o
                0x08004d08                HAL_FDCAN_ConfigFilter
 .text.HAL_FDCAN_ConfigGlobalFilter
                0x08004d60       0x44 ./Drivers/STM32H5xx_HAL_Driver/Src/stm32h5xx_hal_fdcan.o
                0x08004d60                HAL_FDCAN_ConfigGlobalFilter
 .text.HAL_FDCAN_Start
                0x08004da4       0x34 ./Drivers/STM32H5xx_HAL_Driver/Src/stm32h5xx_hal_fdcan.o
                0x08004da4                HAL_FDCAN_Start
 .text.HAL_FDCAN_AddMessageToTxFifoQ
                0x08004dd8       0xc4 ./Drivers/STM32H5xx_HAL_Driver/Src/stm32h5xx_hal_fdcan.o
                0x08004dd8                HAL_FDCAN_AddMessageToTxFifoQ
 .text.HAL_FDCAN_GetRxMessage
                0x08004e9c      0x140 ./Drivers/STM32H5xx_HAL_Driver/Src/stm32h5xx_hal_fdcan.o
                0x08004e9c                HAL_FDCAN_GetRxMessage
 .text.HAL_FDCAN_ActivateNotification
                0x08004fdc       0xf8 ./Drivers/STM32H5xx_HAL_Driver/Src/stm32h5xx_hal_fdcan.o
                0x08004fdc                HAL_FDCAN_ActivateNotification
 .text.HAL_FDCAN_TxEventFifoCallback
                0x080050d4        0x4 ./Drivers/STM32H5xx_HAL_Driver/Src/stm32h5xx_hal_fdcan.o
                0x080050d4                HAL_FDCAN_TxEventFifoCallback
 .text.HAL_FDCAN_RxFifo1Callback
                0x080050d8        0x4 ./Drivers/STM32H5xx_HAL_Driver/Src/stm32h5xx_hal_fdcan.o
                0x080050d8                HAL_FDCAN_RxFifo1Callback
 .text.HAL_FDCAN_TxFifoEmptyCallback
                0x080050dc        0x4 ./Drivers/STM32H5xx_HAL_Driver/Src/stm32h5xx_hal_fdcan.o
                0x080050dc                HAL_FDCAN_TxFifoEmptyCallback
 .text.HAL_FDCAN_TxBufferCompleteCallback
                0x080050e0        0x4 ./Drivers/STM32H5xx_HAL_Driver/Src/stm32h5xx_hal_fdcan.o
                0x080050e0                HAL_FDCAN_TxBufferCompleteCallback
 .text.HAL_FDCAN_TxBufferAbortCallback
                0x080050e4        0x4 ./Drivers/STM32H5xx_HAL_Driver/Src/stm32h5xx_hal_fdcan.o
                0x080050e4                HAL_FDCAN_TxBufferAbortCallback
 .text.HAL_FDCAN_TimestampWraparoundCallback
                0x080050e8        0x4 ./Drivers/STM32H5xx_HAL_Driver/Src/stm32h5xx_hal_fdcan.o
                0x080050e8                HAL_FDCAN_TimestampWraparoundCallback
 .text.HAL_FDCAN_TimeoutOccurredCallback
                0x080050ec        0x4 ./Drivers/STM32H5xx_HAL_Driver/Src/stm32h5xx_hal_fdcan.o
                0x080050ec                HAL_FDCAN_TimeoutOccurredCallback
 .text.HAL_FDCAN_HighPriorityMessageCallback
                0x080050f0        0x4 ./Drivers/STM32H5xx_HAL_Driver/Src/stm32h5xx_hal_fdcan.o
                0x080050f0                HAL_FDCAN_HighPriorityMessageCallback
 .text.HAL_FDCAN_ErrorCallback
                0x080050f4        0x4 ./Drivers/STM32H5xx_HAL_Driver/Src/stm32h5xx_hal_fdcan.o
                0x080050f4                HAL_FDCAN_ErrorCallback
 .text.HAL_FDCAN_ErrorStatusCallback
                0x080050f8        0x4 ./Drivers/STM32H5xx_HAL_Driver/Src/stm32h5xx_hal_fdcan.o
                0x080050f8                HAL_FDCAN_ErrorStatusCallback
 .text.HAL_FDCAN_IRQHandler
                0x080050fc      0x18c ./Drivers/STM32H5xx_HAL_Driver/Src/stm32h5xx_hal_fdcan.o
                0x080050fc                HAL_FDCAN_IRQHandler
 .text.HAL_GPIO_Init
                0x08005288      0x188 ./Drivers/STM32H5xx_HAL_Driver/Src/stm32h5xx_hal_gpio.o
                0x08005288                HAL_GPIO_Init
 .text.HAL_GPIO_WritePin
                0x08005410        0xc ./Drivers/STM32H5xx_HAL_Driver/Src/stm32h5xx_hal_gpio.o
                0x08005410                HAL_GPIO_WritePin
 .text.HAL_GPIO_TogglePin
                0x0800541c       0x14 ./Drivers/STM32H5xx_HAL_Driver/Src/stm32h5xx_hal_gpio.o
                0x0800541c                HAL_GPIO_TogglePin
 .text.HAL_I2C_Init
                0x08005430       0xb4 ./Drivers/STM32H5xx_HAL_Driver/Src/stm32h5xx_hal_i2c.o
                0x08005430                HAL_I2C_Init
 .text.HAL_I2C_Master_Transmit_IT
                0x080054e4       0x98 ./Drivers/STM32H5xx_HAL_Driver/Src/stm32h5xx_hal_i2c.o
                0x080054e4                HAL_I2C_Master_Transmit_IT
 .text.HAL_I2C_Master_Receive_IT
                0x0800557c       0x98 ./Drivers/STM32H5xx_HAL_Driver/Src/stm32h5xx_hal_i2c.o
                0x0800557c                HAL_I2C_Master_Receive_IT
 .text.HAL_I2C_Mem_Write_IT
                0x08005614       0xcc ./Drivers/STM32H5xx_HAL_Driver/Src/stm32h5xx_hal_i2c.o
                0x08005614                HAL_I2C_Mem_Write_IT
 .text.HAL_I2C_Mem_Read_IT
                0x080056e0       0xc4 ./Drivers/STM32H5xx_HAL_Driver/Src/stm32h5xx_hal_i2c.o
                0x080056e0                HAL_I2C_Mem_Read_IT
 .text.HAL_I2C_EV_IRQHandler
                0x080057a4       0x10 ./Drivers/STM32H5xx_HAL_Driver/Src/stm32h5xx_hal_i2c.o
                0x080057a4                HAL_I2C_EV_IRQHandler
 .text.HAL_I2C_SlaveTxCpltCallback
                0x080057b4        0x4 ./Drivers/STM32H5xx_HAL_Driver/Src/stm32h5xx_hal_i2c.o
                0x080057b4                HAL_I2C_SlaveTxCpltCallback
 .text.HAL_I2C_SlaveRxCpltCallback
                0x080057b8        0x4 ./Drivers/STM32H5xx_HAL_Driver/Src/stm32h5xx_hal_i2c.o
                0x080057b8                HAL_I2C_SlaveRxCpltCallback
 .text.I2C_ITSlaveSeqCplt
                0x080057bc       0x9c ./Drivers/STM32H5xx_HAL_Driver/Src/stm32h5xx_hal_i2c.o
 .text.HAL_I2C_AddrCallback
                0x08005858        0x4 ./Drivers/STM32H5xx_HAL_Driver/Src/stm32h5xx_hal_i2c.o
                0x08005858                HAL_I2C_AddrCallback
 .text.I2C_ITAddrCplt.part.0.constprop.0
                0x0800585c       0x64 ./Drivers/STM32H5xx_HAL_Driver/Src/stm32h5xx_hal_i2c.o
 .text.HAL_I2C_ListenCpltCallback
                0x080058c0        0x4 ./Drivers/STM32H5xx_HAL_Driver/Src/stm32h5xx_hal_i2c.o
                0x080058c0                HAL_I2C_ListenCpltCallback
 .text.HAL_I2C_ErrorCallback
                0x080058c4        0x4 ./Drivers/STM32H5xx_HAL_Driver/Src/stm32h5xx_hal_i2c.o
                0x080058c4                HAL_I2C_ErrorCallback
 .text.HAL_I2C_AbortCpltCallback
                0x080058c8        0x4 ./Drivers/STM32H5xx_HAL_Driver/Src/stm32h5xx_hal_i2c.o
                0x080058c8                HAL_I2C_AbortCpltCallback
 .text.I2C_DMAAbort
                0x080058cc       0x40 ./Drivers/STM32H5xx_HAL_Driver/Src/stm32h5xx_hal_i2c.o
 .text.I2C_ITError
                0x0800590c      0x168 ./Drivers/STM32H5xx_HAL_Driver/Src/stm32h5xx_hal_i2c.o
 .text.I2C_ITMasterCplt
                0x08005a74      0x124 ./Drivers/STM32H5xx_HAL_Driver/Src/stm32h5xx_hal_i2c.o
 .text.I2C_Master_ISR_IT
                0x08005b98      0x1dc ./Drivers/STM32H5xx_HAL_Driver/Src/stm32h5xx_hal_i2c.o
 .text.I2C_Mem_ISR_IT
                0x08005d74      0x1d8 ./Drivers/STM32H5xx_HAL_Driver/Src/stm32h5xx_hal_i2c.o
 .text.HAL_I2C_ER_IRQHandler
                0x08005f4c       0x7c ./Drivers/STM32H5xx_HAL_Driver/Src/stm32h5xx_hal_i2c.o
                0x08005f4c                HAL_I2C_ER_IRQHandler
 .text.I2C_ITSlaveCplt.constprop.0
                0x08005fc8      0x254 ./Drivers/STM32H5xx_HAL_Driver/Src/stm32h5xx_hal_i2c.o
 .text.I2C_Slave_ISR_IT
                0x0800621c      0x1ac ./Drivers/STM32H5xx_HAL_Driver/Src/stm32h5xx_hal_i2c.o
 .text.HAL_I2CEx_ConfigAnalogFilter
                0x080063c8       0x54 ./Drivers/STM32H5xx_HAL_Driver/Src/stm32h5xx_hal_i2c_ex.o
                0x080063c8                HAL_I2CEx_ConfigAnalogFilter
 .text.HAL_I2CEx_ConfigDigitalFilter
                0x0800641c       0x58 ./Drivers/STM32H5xx_HAL_Driver/Src/stm32h5xx_hal_i2c_ex.o
                0x0800641c                HAL_I2CEx_ConfigDigitalFilter
 .text.HAL_PCD_Init
                0x08006474      0x20c ./Drivers/STM32H5xx_HAL_Driver/Src/stm32h5xx_hal_pcd.o
                0x08006474                HAL_PCD_Init
 .text.HAL_PCD_Start
                0x08006680       0x2c ./Drivers/STM32H5xx_HAL_Driver/Src/stm32h5xx_hal_pcd.o
                0x08006680                HAL_PCD_Start
 .text.HAL_PCD_IRQHandler
                0x080066ac      0xac8 ./Drivers/STM32H5xx_HAL_Driver/Src/stm32h5xx_hal_pcd.o
                0x080066ac                HAL_PCD_IRQHandler
 .text.HAL_PCD_SetAddress
                0x08007174       0x28 ./Drivers/STM32H5xx_HAL_Driver/Src/stm32h5xx_hal_pcd.o
                0x08007174                HAL_PCD_SetAddress
 .text.HAL_PCD_EP_Open
                0x0800719c       0x7c ./Drivers/STM32H5xx_HAL_Driver/Src/stm32h5xx_hal_pcd.o
                0x0800719c                HAL_PCD_EP_Open
 .text.HAL_PCD_EP_Close
                0x08007218       0x74 ./Drivers/STM32H5xx_HAL_Driver/Src/stm32h5xx_hal_pcd.o
                0x08007218                HAL_PCD_EP_Close
 .text.HAL_PCD_EP_Receive
                0x0800728c       0x34 ./Drivers/STM32H5xx_HAL_Driver/Src/stm32h5xx_hal_pcd.o
                0x0800728c                HAL_PCD_EP_Receive
 .text.HAL_PCD_EP_GetRxCount
                0x080072c0       0x14 ./Drivers/STM32H5xx_HAL_Driver/Src/stm32h5xx_hal_pcd.o
                0x080072c0                HAL_PCD_EP_GetRxCount
 .text.HAL_PCD_EP_Transmit
                0x080072d4       0x3c ./Drivers/STM32H5xx_HAL_Driver/Src/stm32h5xx_hal_pcd.o
                0x080072d4                HAL_PCD_EP_Transmit
 .text.HAL_PCD_EP_SetStall
                0x08007310       0x7c ./Drivers/STM32H5xx_HAL_Driver/Src/stm32h5xx_hal_pcd.o
                0x08007310                HAL_PCD_EP_SetStall
 .text.HAL_PCD_EP_ClrStall
                0x0800738c       0x80 ./Drivers/STM32H5xx_HAL_Driver/Src/stm32h5xx_hal_pcd.o
                0x0800738c                HAL_PCD_EP_ClrStall
 .text.HAL_PCDEx_PMAConfig
                0x0800740c       0x3c ./Drivers/STM32H5xx_HAL_Driver/Src/stm32h5xx_hal_pcd_ex.o
                0x0800740c                HAL_PCDEx_PMAConfig
 .text.HAL_PCDEx_ActivateLPM
                0x08007448       0x28 ./Drivers/STM32H5xx_HAL_Driver/Src/stm32h5xx_hal_pcd_ex.o
                0x08007448                HAL_PCDEx_ActivateLPM
 .text.HAL_PCDEx_LPM_Callback
                0x08007470        0x4 ./Drivers/STM32H5xx_HAL_Driver/Src/stm32h5xx_hal_pcd_ex.o
                0x08007470                HAL_PCDEx_LPM_Callback
 .text.HAL_PWREx_EnableVddUSB
                0x08007474       0x10 ./Drivers/STM32H5xx_HAL_Driver/Src/stm32h5xx_hal_pwr_ex.o
                0x08007474                HAL_PWREx_EnableVddUSB
 .text.HAL_PWREx_DisableUCPDDeadBattery
                0x08007484       0x10 ./Drivers/STM32H5xx_HAL_Driver/Src/stm32h5xx_hal_pwr_ex.o
                0x08007484                HAL_PWREx_DisableUCPDDeadBattery
 .text.HAL_RCC_GetSysClockFreq.part.0
                0x08007494      0x128 ./Drivers/STM32H5xx_HAL_Driver/Src/stm32h5xx_hal_rcc.o
 .text.HAL_RCC_OscConfig
                0x080075bc      0x6ac ./Drivers/STM32H5xx_HAL_Driver/Src/stm32h5xx_hal_rcc.o
                0x080075bc                HAL_RCC_OscConfig
 .text.HAL_RCC_ClockConfig
                0x08007c68      0x2ac ./Drivers/STM32H5xx_HAL_Driver/Src/stm32h5xx_hal_rcc.o
                0x08007c68                HAL_RCC_ClockConfig
 .text.HAL_RCC_GetSysClockFreq
                0x08007f14       0x5c ./Drivers/STM32H5xx_HAL_Driver/Src/stm32h5xx_hal_rcc.o
                0x08007f14                HAL_RCC_GetSysClockFreq
 .text.RCCEx_PLL2_Config
                0x08007f70       0xd4 ./Drivers/STM32H5xx_HAL_Driver/Src/stm32h5xx_hal_rcc_ex.o
 .text.RCCEx_PLL3_Config
                0x08008044       0xd4 ./Drivers/STM32H5xx_HAL_Driver/Src/stm32h5xx_hal_rcc_ex.o
 .text.HAL_RCCEx_PeriphCLKConfig
                0x08008118      0xb68 ./Drivers/STM32H5xx_HAL_Driver/Src/stm32h5xx_hal_rcc_ex.o
                0x08008118                HAL_RCCEx_PeriphCLKConfig
 .text.HAL_TIM_Base_Init
                0x08008c80      0x1d8 ./Drivers/STM32H5xx_HAL_Driver/Src/stm32h5xx_hal_tim.o
                0x08008c80                HAL_TIM_Base_Init
 .text.HAL_TIM_Base_Start_IT
                0x08008e58       0xc8 ./Drivers/STM32H5xx_HAL_Driver/Src/stm32h5xx_hal_tim.o
                0x08008e58                HAL_TIM_Base_Start_IT
 .text.HAL_TIM_PeriodElapsedCallback
                0x08008f20        0x4 ./Drivers/STM32H5xx_HAL_Driver/Src/stm32h5xx_hal_tim.o
                0x08008f20                HAL_TIM_PeriodElapsedCallback
 .text.HAL_TIM_OC_DelayElapsedCallback
                0x08008f24        0x4 ./Drivers/STM32H5xx_HAL_Driver/Src/stm32h5xx_hal_tim.o
                0x08008f24                HAL_TIM_OC_DelayElapsedCallback
 .text.HAL_TIM_IC_CaptureCallback
                0x08008f28        0x4 ./Drivers/STM32H5xx_HAL_Driver/Src/stm32h5xx_hal_tim.o
                0x08008f28                HAL_TIM_IC_CaptureCallback
 .text.HAL_TIM_PWM_PulseFinishedCallback
                0x08008f2c        0x4 ./Drivers/STM32H5xx_HAL_Driver/Src/stm32h5xx_hal_tim.o
                0x08008f2c                HAL_TIM_PWM_PulseFinishedCallback
 .text.HAL_TIM_TriggerCallback
                0x08008f30        0x4 ./Drivers/STM32H5xx_HAL_Driver/Src/stm32h5xx_hal_tim.o
                0x08008f30                HAL_TIM_TriggerCallback
 .text.HAL_TIM_IRQHandler
                0x08008f34      0x1c4 ./Drivers/STM32H5xx_HAL_Driver/Src/stm32h5xx_hal_tim.o
                0x08008f34                HAL_TIM_IRQHandler
 .text.HAL_TIMEx_MasterConfigSynchronization
                0x080090f8       0xe8 ./Drivers/STM32H5xx_HAL_Driver/Src/stm32h5xx_hal_tim_ex.o
                0x080090f8                HAL_TIMEx_MasterConfigSynchronization
 .text.HAL_TIMEx_CommutCallback
                0x080091e0        0x4 ./Drivers/STM32H5xx_HAL_Driver/Src/stm32h5xx_hal_tim_ex.o
                0x080091e0                HAL_TIMEx_CommutCallback
 .text.HAL_TIMEx_BreakCallback
                0x080091e4        0x4 ./Drivers/STM32H5xx_HAL_Driver/Src/stm32h5xx_hal_tim_ex.o
                0x080091e4                HAL_TIMEx_BreakCallback
 .text.HAL_TIMEx_Break2Callback
                0x080091e8        0x4 ./Drivers/STM32H5xx_HAL_Driver/Src/stm32h5xx_hal_tim_ex.o
                0x080091e8                HAL_TIMEx_Break2Callback
 .text.HAL_TIMEx_EncoderIndexCallback
                0x080091ec        0x4 ./Drivers/STM32H5xx_HAL_Driver/Src/stm32h5xx_hal_tim_ex.o
                0x080091ec                HAL_TIMEx_EncoderIndexCallback
 .text.HAL_TIMEx_DirectionChangeCallback
                0x080091f0        0x4 ./Drivers/STM32H5xx_HAL_Driver/Src/stm32h5xx_hal_tim_ex.o
                0x080091f0                HAL_TIMEx_DirectionChangeCallback
 .text.HAL_TIMEx_IndexErrorCallback
                0x080091f4        0x4 ./Drivers/STM32H5xx_HAL_Driver/Src/stm32h5xx_hal_tim_ex.o
                0x080091f4                HAL_TIMEx_IndexErrorCallback
 .text.HAL_TIMEx_TransitionErrorCallback
                0x080091f8        0x4 ./Drivers/STM32H5xx_HAL_Driver/Src/stm32h5xx_hal_tim_ex.o
                0x080091f8                HAL_TIMEx_TransitionErrorCallback
 .text.USB_CoreInit
                0x080091fc       0x30 ./Drivers/STM32H5xx_HAL_Driver/Src/stm32h5xx_ll_usb.o
                0x080091fc                USB_CoreInit
 .text.USB_EnableGlobalInt
                0x0800922c       0x10 ./Drivers/STM32H5xx_HAL_Driver/Src/stm32h5xx_ll_usb.o
                0x0800922c                USB_EnableGlobalInt
 .text.USB_DisableGlobalInt
                0x0800923c       0x14 ./Drivers/STM32H5xx_HAL_Driver/Src/stm32h5xx_ll_usb.o
                0x0800923c                USB_DisableGlobalInt
 .text.USB_SetCurrentMode
                0x08009250       0x24 ./Drivers/STM32H5xx_HAL_Driver/Src/stm32h5xx_ll_usb.o
                0x08009250                USB_SetCurrentMode
 .text.USB_DevInit
                0x08009274       0x2c ./Drivers/STM32H5xx_HAL_Driver/Src/stm32h5xx_ll_usb.o
                0x08009274                USB_DevInit
 .text.USB_ActivateEndpoint
                0x080092a0      0x3b4 ./Drivers/STM32H5xx_HAL_Driver/Src/stm32h5xx_ll_usb.o
                0x080092a0                USB_ActivateEndpoint
 .text.USB_DeactivateEndpoint
                0x08009654      0x164 ./Drivers/STM32H5xx_HAL_Driver/Src/stm32h5xx_ll_usb.o
                0x08009654                USB_DeactivateEndpoint
 .text.USB_EPStartXfer
                0x080097b8      0x558 ./Drivers/STM32H5xx_HAL_Driver/Src/stm32h5xx_ll_usb.o
                0x080097b8                USB_EPStartXfer
 .text.USB_EPSetStall
                0x08009d10       0x44 ./Drivers/STM32H5xx_HAL_Driver/Src/stm32h5xx_ll_usb.o
                0x08009d10                USB_EPSetStall
 .text.USB_EPClearStall
                0x08009d54       0x90 ./Drivers/STM32H5xx_HAL_Driver/Src/stm32h5xx_ll_usb.o
                0x08009d54                USB_EPClearStall
 .text.USB_SetDevAddress
                0x08009de4        0xc ./Drivers/STM32H5xx_HAL_Driver/Src/stm32h5xx_ll_usb.o
                0x08009de4                USB_SetDevAddress
 .text.USB_DevConnect
                0x08009df0       0x10 ./Drivers/STM32H5xx_HAL_Driver/Src/stm32h5xx_ll_usb.o
                0x08009df0                USB_DevConnect
 .text.USB_DevDisconnect
                0x08009e00       0x10 ./Drivers/STM32H5xx_HAL_Driver/Src/stm32h5xx_ll_usb.o
                0x08009e00                USB_DevDisconnect
 .text.USB_ReadInterrupts
                0x08009e10        0x4 ./Drivers/STM32H5xx_HAL_Driver/Src/stm32h5xx_ll_usb.o
                0x08009e10                USB_ReadInterrupts
 .text.USB_WritePMA
                0x08009e14       0x58 ./Drivers/STM32H5xx_HAL_Driver/Src/stm32h5xx_ll_usb.o
                0x08009e14                USB_WritePMA
 .text.USB_ReadPMA
                0x08009e6c       0x58 ./Drivers/STM32H5xx_HAL_Driver/Src/stm32h5xx_ll_usb.o
                0x08009e6c                USB_ReadPMA
 .text.MX_USB_Device_Init
                0x08009ec4       0x74 ./USB_Device/App/usb_device.o
                0x08009ec4                MX_USB_Device_Init
 .text.USBD_CDC_EP0_RxReady
                0x08009f38       0x38 ./USB_Device/App/usbd_cdc.o
 .text.USBD_CDC_GetDeviceQualifierDescriptor
                0x08009f70       0x10 ./USB_Device/App/usbd_cdc.o
                0x08009f70                USBD_CDC_GetDeviceQualifierDescriptor
 .text.USBD_CDC_GetFSCfgDesc
                0x08009f80       0x48 ./USB_Device/App/usbd_cdc.o
 .text.USBD_CDC_GetHSCfgDesc
                0x08009fc8       0x48 ./USB_Device/App/usbd_cdc.o
 .text.USBD_CDC_DataOut
                0x0800a010       0x38 ./USB_Device/App/usbd_cdc.o
 .text.USBD_CDC_DataIn
                0x0800a048       0x68 ./USB_Device/App/usbd_cdc.o
 .text.USBD_CDC_Setup
                0x0800a0b0       0xfc ./USB_Device/App/usbd_cdc.o
 .text.USBD_CDC_DeInit
                0x0800a1ac       0x60 ./USB_Device/App/usbd_cdc.o
 .text.USBD_CDC_Init
                0x0800a20c       0xd8 ./USB_Device/App/usbd_cdc.o
 .text.USBD_CDC_GetOtherSpeedCfgDesc
                0x0800a2e4       0x48 ./USB_Device/App/usbd_cdc.o
 .text.USBD_CDC_RegisterInterface
                0x0800a32c       0x18 ./USB_Device/App/usbd_cdc.o
                0x0800a32c                USBD_CDC_RegisterInterface
 .text.USBD_CDC_SetTxBuffer
                0x0800a344       0x1c ./USB_Device/App/usbd_cdc.o
                0x0800a344                USBD_CDC_SetTxBuffer
 .text.USBD_CDC_SetRxBuffer
                0x0800a360       0x18 ./USB_Device/App/usbd_cdc.o
                0x0800a360                USBD_CDC_SetRxBuffer
 .text.USBD_CDC_TransmitPacket
                0x0800a378       0x38 ./USB_Device/App/usbd_cdc.o
                0x0800a378                USBD_CDC_TransmitPacket
 .text.USBD_CDC_ReceivePacket
                0x0800a3b0       0x34 ./USB_Device/App/usbd_cdc.o
                0x0800a3b0                USBD_CDC_ReceivePacket
 .text.CDC_DeInit_FS
                0x0800a3e4        0x4 ./USB_Device/App/usbd_cdc_if.o
 .text.CDC_Control_FS
                0x0800a3e8        0x4 ./USB_Device/App/usbd_cdc_if.o
 .text.CDC_TransmitCplt_FS
                0x0800a3ec        0x4 ./USB_Device/App/usbd_cdc_if.o
 .text.CDC_Receive_FS
                0x0800a3f0       0x38 ./USB_Device/App/usbd_cdc_if.o
 .text.CDC_Init_FS
                0x0800a428       0x28 ./USB_Device/App/usbd_cdc_if.o
 .text.CDC_Transmit_FS
                0x0800a450       0x2c ./USB_Device/App/usbd_cdc_if.o
                0x0800a450                CDC_Transmit_FS
 .text.USBD_Init
                0x0800a47c       0x28 ./USB_Device/App/usbd_core.o
                0x0800a47c                USBD_Init
 .text.USBD_RegisterClass
                0x0800a4a4       0x38 ./USB_Device/App/usbd_core.o
                0x0800a4a4                USBD_RegisterClass
 .text.USBD_Start
                0x0800a4dc        0x4 ./USB_Device/App/usbd_core.o
                0x0800a4dc                USBD_Start
 .text.USBD_SetClassConfig
                0x0800a4e0       0x10 ./USB_Device/App/usbd_core.o
                0x0800a4e0                USBD_SetClassConfig
 .text.USBD_ClrClassConfig
                0x0800a4f0       0x14 ./USB_Device/App/usbd_core.o
                0x0800a4f0                USBD_ClrClassConfig
 .text.USBD_LL_SetupStage
                0x0800a504       0x60 ./USB_Device/App/usbd_core.o
                0x0800a504                USBD_LL_SetupStage
 .text.USBD_LL_DataOutStage
                0x0800a564       0x80 ./USB_Device/App/usbd_core.o
                0x0800a564                USBD_LL_DataOutStage
 .text.USBD_LL_DataInStage
                0x0800a5e4       0xc0 ./USB_Device/App/usbd_core.o
                0x0800a5e4                USBD_LL_DataInStage
 .text.USBD_LL_Reset
                0x0800a6a4       0x5c ./USB_Device/App/usbd_core.o
                0x0800a6a4                USBD_LL_Reset
 .text.USBD_LL_SetSpeed
                0x0800a700        0x8 ./USB_Device/App/usbd_core.o
                0x0800a700                USBD_LL_SetSpeed
 .text.USBD_LL_Suspend
                0x0800a708       0x20 ./USB_Device/App/usbd_core.o
                0x0800a708                USBD_LL_Suspend
 .text.USBD_LL_Resume
                0x0800a728       0x18 ./USB_Device/App/usbd_core.o
                0x0800a728                USBD_LL_Resume
 .text.USBD_LL_SOF
                0x0800a740       0x20 ./USB_Device/App/usbd_core.o
                0x0800a740                USBD_LL_SOF
 .text.USBD_CoreFindIF
                0x0800a760        0x4 ./USB_Device/App/usbd_core.o
                0x0800a760                USBD_CoreFindIF
 .text.USBD_CoreFindEP
                0x0800a764        0x4 ./USB_Device/App/usbd_core.o
                0x0800a764                USBD_CoreFindEP
 .text.USBD_GetEpDesc
                0x0800a768       0x38 ./USB_Device/App/usbd_core.o
                0x0800a768                USBD_GetEpDesc
 .text.USBD_StdDevReq
                0x0800a7a0      0x350 ./USB_Device/App/usbd_ctlreq.o
                0x0800a7a0                USBD_StdDevReq
 .text.USBD_StdItfReq
                0x0800aaf0       0x80 ./USB_Device/App/usbd_ctlreq.o
                0x0800aaf0                USBD_StdItfReq
 .text.USBD_StdEPReq
                0x0800ab70      0x164 ./USB_Device/App/usbd_ctlreq.o
                0x0800ab70                USBD_StdEPReq
 .text.USBD_ParseSetupRequest
                0x0800acd4       0x18 ./USB_Device/App/usbd_ctlreq.o
                0x0800acd4                USBD_ParseSetupRequest
 .text.USBD_CtlError
                0x0800acec       0x18 ./USB_Device/App/usbd_ctlreq.o
                0x0800acec                USBD_CtlError
 .text.USBD_GetString
                0x0800ad04       0x60 ./USB_Device/App/usbd_ctlreq.o
                0x0800ad04                USBD_GetString
 .text.USBD_CDC_DeviceDescriptor
                0x0800ad64        0xc ./USB_Device/App/usbd_desc.o
                0x0800ad64                USBD_CDC_DeviceDescriptor
 .text.USBD_CDC_LangIDStrDescriptor
                0x0800ad70        0xc ./USB_Device/App/usbd_desc.o
                0x0800ad70                USBD_CDC_LangIDStrDescriptor
 .text.USBD_CDC_ManufacturerStrDescriptor
                0x0800ad7c       0x1c ./USB_Device/App/usbd_desc.o
                0x0800ad7c                USBD_CDC_ManufacturerStrDescriptor
 .text.USBD_CDC_ProductStrDescriptor
                0x0800ad98       0x1c ./USB_Device/App/usbd_desc.o
                0x0800ad98                USBD_CDC_ProductStrDescriptor
 .text.USBD_CDC_ConfigStrDescriptor
                0x0800adb4       0x1c ./USB_Device/App/usbd_desc.o
                0x0800adb4                USBD_CDC_ConfigStrDescriptor
 .text.USBD_CDC_InterfaceStrDescriptor
                0x0800add0       0x1c ./USB_Device/App/usbd_desc.o
                0x0800add0                USBD_CDC_InterfaceStrDescriptor
 .text.USBD_CDC_SerialStrDescriptor
                0x0800adec      0x154 ./USB_Device/App/usbd_desc.o
                0x0800adec                USBD_CDC_SerialStrDescriptor
 .text.USBD_CtlSendData
                0x0800af40       0x20 ./USB_Device/App/usbd_ioreq.o
                0x0800af40                USBD_CtlSendData
 .text.USBD_CtlContinueSendData
                0x0800af60       0x14 ./USB_Device/App/usbd_ioreq.o
                0x0800af60                USBD_CtlContinueSendData
 .text.USBD_CtlPrepareRx
                0x0800af74       0x20 ./USB_Device/App/usbd_ioreq.o
                0x0800af74                USBD_CtlPrepareRx
 .text.USBD_CtlContinueRx
                0x0800af94       0x14 ./USB_Device/App/usbd_ioreq.o
                0x0800af94                USBD_CtlContinueRx
 .text.USBD_CtlSendStatus
                0x0800afa8       0x18 ./USB_Device/App/usbd_ioreq.o
                0x0800afa8                USBD_CtlSendStatus
 .text.USBD_CtlReceiveStatus
                0x0800afc0       0x18 ./USB_Device/App/usbd_ioreq.o
                0x0800afc0                USBD_CtlReceiveStatus
 .text.HAL_PCD_MspInit
                0x0800afd8       0x78 ./USB_Device/Target/usbd_conf.o
                0x0800afd8                HAL_PCD_MspInit
 .text.HAL_PCD_SetupStageCallback
                0x0800b050       0x10 ./USB_Device/Target/usbd_conf.o
                0x0800b050                HAL_PCD_SetupStageCallback
 .text.HAL_PCD_DataOutStageCallback
                0x0800b060       0x14 ./USB_Device/Target/usbd_conf.o
                0x0800b060                HAL_PCD_DataOutStageCallback
 .text.HAL_PCD_DataInStageCallback
                0x0800b074       0x14 ./USB_Device/Target/usbd_conf.o
                0x0800b074                HAL_PCD_DataInStageCallback
 .text.HAL_PCD_SOFCallback
                0x0800b088        0x8 ./USB_Device/Target/usbd_conf.o
                0x0800b088                HAL_PCD_SOFCallback
 .text.HAL_PCD_ResetCallback
                0x0800b090       0x24 ./USB_Device/Target/usbd_conf.o
                0x0800b090                HAL_PCD_ResetCallback
 .text.HAL_PCD_SuspendCallback
                0x0800b0b4       0x38 ./USB_Device/Target/usbd_conf.o
                0x0800b0b4                HAL_PCD_SuspendCallback
 .text.HAL_PCD_ResumeCallback
                0x0800b0ec       0x1c ./USB_Device/Target/usbd_conf.o
                0x0800b0ec                HAL_PCD_ResumeCallback
 .text.USBD_LL_Init
                0x0800b108       0x80 ./USB_Device/Target/usbd_conf.o
                0x0800b108                USBD_LL_Init
 .text.USBD_LL_Start
                0x0800b188       0x18 ./USB_Device/Target/usbd_conf.o
                0x0800b188                USBD_LL_Start
 .text.USBD_LL_OpenEP
                0x0800b1a0       0x1c ./USB_Device/Target/usbd_conf.o
                0x0800b1a0                USBD_LL_OpenEP
 .text.USBD_LL_CloseEP
                0x0800b1bc       0x18 ./USB_Device/Target/usbd_conf.o
                0x0800b1bc                USBD_LL_CloseEP
 .text.USBD_LL_StallEP
                0x0800b1d4       0x18 ./USB_Device/Target/usbd_conf.o
                0x0800b1d4                USBD_LL_StallEP
 .text.USBD_LL_ClearStallEP
                0x0800b1ec       0x18 ./USB_Device/Target/usbd_conf.o
                0x0800b1ec                USBD_LL_ClearStallEP
 .text.USBD_LL_IsStallEP
                0x0800b204       0x28 ./USB_Device/Target/usbd_conf.o
                0x0800b204                USBD_LL_IsStallEP
 .text.USBD_LL_SetUSBAddress
                0x0800b22c       0x18 ./USB_Device/Target/usbd_conf.o
                0x0800b22c                USBD_LL_SetUSBAddress
 .text.USBD_LL_Transmit
                0x0800b244       0x18 ./USB_Device/Target/usbd_conf.o
                0x0800b244                USBD_LL_Transmit
 .text.USBD_LL_PrepareReceive
                0x0800b25c       0x18 ./USB_Device/Target/usbd_conf.o
                0x0800b25c                USBD_LL_PrepareReceive
 .text.USBD_LL_GetRxDataSize
                0x0800b274        0x8 ./USB_Device/Target/usbd_conf.o
                0x0800b274                USBD_LL_GetRxDataSize
 .text.USBD_static_malloc
                0x0800b27c        0x8 ./USB_Device/Target/usbd_conf.o
                0x0800b27c                USBD_static_malloc
 .text.USBD_static_free
                0x0800b284        0x4 ./USB_Device/Target/usbd_conf.o
                0x0800b284                USBD_static_free
 .text.crc_modbus
                0x0800b288       0xfc ./linked_files/lib_modbus.o
                0x0800b288                crc_modbus
 .text.modbus_read
                0x0800b384       0x2c ./linked_files/lib_modbus.o
                0x0800b384                modbus_read
 .text.modbus_write
                0x0800b3b0       0x40 ./linked_files/lib_modbus.o
                0x0800b3b0                modbus_write
 .text.__cvt    0x0800b3f0       0xca C:/ST/STM32CubeIDE_1.19.0/STM32CubeIDE/plugins/com.st.stm32cube.ide.mcu.externaltools.gnu-tools-for-stm32.13.3.rel1.win32_1.0.0.202411081344/tools/bin/../lib/gcc/arm-none-eabi/13.3.1/../../../../arm-none-eabi/lib/thumb/v8-m.main+fp/hard\libc_nano.a(libc_a-nano-vfprintf_float.o)
                0x0800b3f0                __cvt
 .text.__exponent
                0x0800b4ba       0x72 C:/ST/STM32CubeIDE_1.19.0/STM32CubeIDE/plugins/com.st.stm32cube.ide.mcu.externaltools.gnu-tools-for-stm32.13.3.rel1.win32_1.0.0.202411081344/tools/bin/../lib/gcc/arm-none-eabi/13.3.1/../../../../arm-none-eabi/lib/thumb/v8-m.main+fp/hard\libc_nano.a(libc_a-nano-vfprintf_float.o)
                0x0800b4ba                __exponent
 .text._printf_float
                0x0800b52c      0x454 C:/ST/STM32CubeIDE_1.19.0/STM32CubeIDE/plugins/com.st.stm32cube.ide.mcu.externaltools.gnu-tools-for-stm32.13.3.rel1.win32_1.0.0.202411081344/tools/bin/../lib/gcc/arm-none-eabi/13.3.1/../../../../arm-none-eabi/lib/thumb/v8-m.main+fp/hard\libc_nano.a(libc_a-nano-vfprintf_float.o)
                0x0800b52c                _printf_float
 .text._printf_common
                0x0800b980       0xe4 C:/ST/STM32CubeIDE_1.19.0/STM32CubeIDE/plugins/com.st.stm32cube.ide.mcu.externaltools.gnu-tools-for-stm32.13.3.rel1.win32_1.0.0.202411081344/tools/bin/../lib/gcc/arm-none-eabi/13.3.1/../../../../arm-none-eabi/lib/thumb/v8-m.main+fp/hard\libc_nano.a(libc_a-nano-vfprintf_i.o)
                0x0800b980                _printf_common
 .text._printf_i
                0x0800ba64      0x23c C:/ST/STM32CubeIDE_1.19.0/STM32CubeIDE/plugins/com.st.stm32cube.ide.mcu.externaltools.gnu-tools-for-stm32.13.3.rel1.win32_1.0.0.202411081344/tools/bin/../lib/gcc/arm-none-eabi/13.3.1/../../../../arm-none-eabi/lib/thumb/v8-m.main+fp/hard\libc_nano.a(libc_a-nano-vfprintf_i.o)
                0x0800ba64                _printf_i
 .text._scanf_float
                0x0800bca0      0x41c C:/ST/STM32CubeIDE_1.19.0/STM32CubeIDE/plugins/com.st.stm32cube.ide.mcu.externaltools.gnu-tools-for-stm32.13.3.rel1.win32_1.0.0.202411081344/tools/bin/../lib/gcc/arm-none-eabi/13.3.1/../../../../arm-none-eabi/lib/thumb/v8-m.main+fp/hard\libc_nano.a(libc_a-nano-vfscanf_float.o)
                0x0800bca0                _scanf_float
 .text.std      0x0800c0bc       0x6c C:/ST/STM32CubeIDE_1.19.0/STM32CubeIDE/plugins/com.st.stm32cube.ide.mcu.externaltools.gnu-tools-for-stm32.13.3.rel1.win32_1.0.0.202411081344/tools/bin/../lib/gcc/arm-none-eabi/13.3.1/../../../../arm-none-eabi/lib/thumb/v8-m.main+fp/hard\libc_nano.a(libc_a-findfp.o)
 .text.stdio_exit_handler
                0x0800c128       0x18 C:/ST/STM32CubeIDE_1.19.0/STM32CubeIDE/plugins/com.st.stm32cube.ide.mcu.externaltools.gnu-tools-for-stm32.13.3.rel1.win32_1.0.0.202411081344/tools/bin/../lib/gcc/arm-none-eabi/13.3.1/../../../../arm-none-eabi/lib/thumb/v8-m.main+fp/hard\libc_nano.a(libc_a-findfp.o)
 .text.cleanup_stdio
                0x0800c140       0x40 C:/ST/STM32CubeIDE_1.19.0/STM32CubeIDE/plugins/com.st.stm32cube.ide.mcu.externaltools.gnu-tools-for-stm32.13.3.rel1.win32_1.0.0.202411081344/tools/bin/../lib/gcc/arm-none-eabi/13.3.1/../../../../arm-none-eabi/lib/thumb/v8-m.main+fp/hard\libc_nano.a(libc_a-findfp.o)
 .text.global_stdio_init.part.0
                0x0800c180       0x3c C:/ST/STM32CubeIDE_1.19.0/STM32CubeIDE/plugins/com.st.stm32cube.ide.mcu.externaltools.gnu-tools-for-stm32.13.3.rel1.win32_1.0.0.202411081344/tools/bin/../lib/gcc/arm-none-eabi/13.3.1/../../../../arm-none-eabi/lib/thumb/v8-m.main+fp/hard\libc_nano.a(libc_a-findfp.o)
 .text.__sfp_lock_acquire
                0x0800c1bc        0xc C:/ST/STM32CubeIDE_1.19.0/STM32CubeIDE/plugins/com.st.stm32cube.ide.mcu.externaltools.gnu-tools-for-stm32.13.3.rel1.win32_1.0.0.202411081344/tools/bin/../lib/gcc/arm-none-eabi/13.3.1/../../../../arm-none-eabi/lib/thumb/v8-m.main+fp/hard\libc_nano.a(libc_a-findfp.o)
                0x0800c1bc                __sfp_lock_acquire
 .text.__sfp_lock_release
                0x0800c1c8        0xc C:/ST/STM32CubeIDE_1.19.0/STM32CubeIDE/plugins/com.st.stm32cube.ide.mcu.externaltools.gnu-tools-for-stm32.13.3.rel1.win32_1.0.0.202411081344/tools/bin/../lib/gcc/arm-none-eabi/13.3.1/../../../../arm-none-eabi/lib/thumb/v8-m.main+fp/hard\libc_nano.a(libc_a-findfp.o)
                0x0800c1c8                __sfp_lock_release
 .text.__sinit  0x0800c1d4       0x30 C:/ST/STM32CubeIDE_1.19.0/STM32CubeIDE/plugins/com.st.stm32cube.ide.mcu.externaltools.gnu-tools-for-stm32.13.3.rel1.win32_1.0.0.202411081344/tools/bin/../lib/gcc/arm-none-eabi/13.3.1/../../../../arm-none-eabi/lib/thumb/v8-m.main+fp/hard\libc_nano.a(libc_a-findfp.o)
                0x0800c1d4                __sinit
 .text._fwalk_sglue
                0x0800c204       0x3c C:/ST/STM32CubeIDE_1.19.0/STM32CubeIDE/plugins/com.st.stm32cube.ide.mcu.externaltools.gnu-tools-for-stm32.13.3.rel1.win32_1.0.0.202411081344/tools/bin/../lib/gcc/arm-none-eabi/13.3.1/../../../../arm-none-eabi/lib/thumb/v8-m.main+fp/hard\libc_nano.a(libc_a-fwalk.o)
                0x0800c204                _fwalk_sglue
 .text.sprintf  0x0800c240       0x44 C:/ST/STM32CubeIDE_1.19.0/STM32CubeIDE/plugins/com.st.stm32cube.ide.mcu.externaltools.gnu-tools-for-stm32.13.3.rel1.win32_1.0.0.202411081344/tools/bin/../lib/gcc/arm-none-eabi/13.3.1/../../../../arm-none-eabi/lib/thumb/v8-m.main+fp/hard\libc_nano.a(libc_a-sprintf.o)
                0x0800c240                siprintf
                0x0800c240                sprintf
 .text.__sread  0x0800c284       0x22 C:/ST/STM32CubeIDE_1.19.0/STM32CubeIDE/plugins/com.st.stm32cube.ide.mcu.externaltools.gnu-tools-for-stm32.13.3.rel1.win32_1.0.0.202411081344/tools/bin/../lib/gcc/arm-none-eabi/13.3.1/../../../../arm-none-eabi/lib/thumb/v8-m.main+fp/hard\libc_nano.a(libc_a-stdio.o)
                0x0800c284                __sread
 .text.__swrite
                0x0800c2a6       0x38 C:/ST/STM32CubeIDE_1.19.0/STM32CubeIDE/plugins/com.st.stm32cube.ide.mcu.externaltools.gnu-tools-for-stm32.13.3.rel1.win32_1.0.0.202411081344/tools/bin/../lib/gcc/arm-none-eabi/13.3.1/../../../../arm-none-eabi/lib/thumb/v8-m.main+fp/hard\libc_nano.a(libc_a-stdio.o)
                0x0800c2a6                __swrite
 .text.__sseek  0x0800c2de       0x24 C:/ST/STM32CubeIDE_1.19.0/STM32CubeIDE/plugins/com.st.stm32cube.ide.mcu.externaltools.gnu-tools-for-stm32.13.3.rel1.win32_1.0.0.202411081344/tools/bin/../lib/gcc/arm-none-eabi/13.3.1/../../../../arm-none-eabi/lib/thumb/v8-m.main+fp/hard\libc_nano.a(libc_a-stdio.o)
                0x0800c2de                __sseek
 .text.__sclose
                0x0800c302        0x8 C:/ST/STM32CubeIDE_1.19.0/STM32CubeIDE/plugins/com.st.stm32cube.ide.mcu.externaltools.gnu-tools-for-stm32.13.3.rel1.win32_1.0.0.202411081344/tools/bin/../lib/gcc/arm-none-eabi/13.3.1/../../../../arm-none-eabi/lib/thumb/v8-m.main+fp/hard\libc_nano.a(libc_a-stdio.o)
                0x0800c302                __sclose
 .text.memmove  0x0800c30a       0x34 C:/ST/STM32CubeIDE_1.19.0/STM32CubeIDE/plugins/com.st.stm32cube.ide.mcu.externaltools.gnu-tools-for-stm32.13.3.rel1.win32_1.0.0.202411081344/tools/bin/../lib/gcc/arm-none-eabi/13.3.1/../../../../arm-none-eabi/lib/thumb/v8-m.main+fp/hard\libc_nano.a(libc_a-memmove.o)
                0x0800c30a                memmove
 .text.memset   0x0800c33e       0x10 C:/ST/STM32CubeIDE_1.19.0/STM32CubeIDE/plugins/com.st.stm32cube.ide.mcu.externaltools.gnu-tools-for-stm32.13.3.rel1.win32_1.0.0.202411081344/tools/bin/../lib/gcc/arm-none-eabi/13.3.1/../../../../arm-none-eabi/lib/thumb/v8-m.main+fp/hard\libc_nano.a(libc_a-memset.o)
                0x0800c33e                memset
 *fill*         0x0800c34e        0x2 
 .text._localeconv_r
                0x0800c350        0x8 C:/ST/STM32CubeIDE_1.19.0/STM32CubeIDE/plugins/com.st.stm32cube.ide.mcu.externaltools.gnu-tools-for-stm32.13.3.rel1.win32_1.0.0.202411081344/tools/bin/../lib/gcc/arm-none-eabi/13.3.1/../../../../arm-none-eabi/lib/thumb/v8-m.main+fp/hard\libc_nano.a(libc_a-localeconv.o)
                0x0800c350                _localeconv_r
 .text._close_r
                0x0800c358       0x20 C:/ST/STM32CubeIDE_1.19.0/STM32CubeIDE/plugins/com.st.stm32cube.ide.mcu.externaltools.gnu-tools-for-stm32.13.3.rel1.win32_1.0.0.202411081344/tools/bin/../lib/gcc/arm-none-eabi/13.3.1/../../../../arm-none-eabi/lib/thumb/v8-m.main+fp/hard\libc_nano.a(libc_a-closer.o)
                0x0800c358                _close_r
 .text._lseek_r
                0x0800c378       0x24 C:/ST/STM32CubeIDE_1.19.0/STM32CubeIDE/plugins/com.st.stm32cube.ide.mcu.externaltools.gnu-tools-for-stm32.13.3.rel1.win32_1.0.0.202411081344/tools/bin/../lib/gcc/arm-none-eabi/13.3.1/../../../../arm-none-eabi/lib/thumb/v8-m.main+fp/hard\libc_nano.a(libc_a-lseekr.o)
                0x0800c378                _lseek_r
 .text._read_r  0x0800c39c       0x24 C:/ST/STM32CubeIDE_1.19.0/STM32CubeIDE/plugins/com.st.stm32cube.ide.mcu.externaltools.gnu-tools-for-stm32.13.3.rel1.win32_1.0.0.202411081344/tools/bin/../lib/gcc/arm-none-eabi/13.3.1/../../../../arm-none-eabi/lib/thumb/v8-m.main+fp/hard\libc_nano.a(libc_a-readr.o)
                0x0800c39c                _read_r
 .text._write_r
                0x0800c3c0       0x24 C:/ST/STM32CubeIDE_1.19.0/STM32CubeIDE/plugins/com.st.stm32cube.ide.mcu.externaltools.gnu-tools-for-stm32.13.3.rel1.win32_1.0.0.202411081344/tools/bin/../lib/gcc/arm-none-eabi/13.3.1/../../../../arm-none-eabi/lib/thumb/v8-m.main+fp/hard\libc_nano.a(libc_a-writer.o)
                0x0800c3c0                _write_r
 .text.__errno  0x0800c3e4        0xc C:/ST/STM32CubeIDE_1.19.0/STM32CubeIDE/plugins/com.st.stm32cube.ide.mcu.externaltools.gnu-tools-for-stm32.13.3.rel1.win32_1.0.0.202411081344/tools/bin/../lib/gcc/arm-none-eabi/13.3.1/../../../../arm-none-eabi/lib/thumb/v8-m.main+fp/hard\libc_nano.a(libc_a-errno.o)
                0x0800c3e4                __errno
 .text.__libc_init_array
                0x0800c3f0       0x48 C:/ST/STM32CubeIDE_1.19.0/STM32CubeIDE/plugins/com.st.stm32cube.ide.mcu.externaltools.gnu-tools-for-stm32.13.3.rel1.win32_1.0.0.202411081344/tools/bin/../lib/gcc/arm-none-eabi/13.3.1/../../../../arm-none-eabi/lib/thumb/v8-m.main+fp/hard\libc_nano.a(libc_a-init.o)
                0x0800c3f0                __libc_init_array
 .text.__retarget_lock_init_recursive
                0x0800c438        0x2 C:/ST/STM32CubeIDE_1.19.0/STM32CubeIDE/plugins/com.st.stm32cube.ide.mcu.externaltools.gnu-tools-for-stm32.13.3.rel1.win32_1.0.0.202411081344/tools/bin/../lib/gcc/arm-none-eabi/13.3.1/../../../../arm-none-eabi/lib/thumb/v8-m.main+fp/hard\libc_nano.a(libc_a-lock.o)
                0x0800c438                __retarget_lock_init_recursive
 .text.__retarget_lock_acquire_recursive
                0x0800c43a        0x2 C:/ST/STM32CubeIDE_1.19.0/STM32CubeIDE/plugins/com.st.stm32cube.ide.mcu.externaltools.gnu-tools-for-stm32.13.3.rel1.win32_1.0.0.202411081344/tools/bin/../lib/gcc/arm-none-eabi/13.3.1/../../../../arm-none-eabi/lib/thumb/v8-m.main+fp/hard\libc_nano.a(libc_a-lock.o)
                0x0800c43a                __retarget_lock_acquire_recursive
 .text.__retarget_lock_release_recursive
                0x0800c43c        0x2 C:/ST/STM32CubeIDE_1.19.0/STM32CubeIDE/plugins/com.st.stm32cube.ide.mcu.externaltools.gnu-tools-for-stm32.13.3.rel1.win32_1.0.0.202411081344/tools/bin/../lib/gcc/arm-none-eabi/13.3.1/../../../../arm-none-eabi/lib/thumb/v8-m.main+fp/hard\libc_nano.a(libc_a-lock.o)
                0x0800c43c                __retarget_lock_release_recursive
 .text.memchr   0x0800c43e       0x1c C:/ST/STM32CubeIDE_1.19.0/STM32CubeIDE/plugins/com.st.stm32cube.ide.mcu.externaltools.gnu-tools-for-stm32.13.3.rel1.win32_1.0.0.202411081344/tools/bin/../lib/gcc/arm-none-eabi/13.3.1/../../../../arm-none-eabi/lib/thumb/v8-m.main+fp/hard\libc_nano.a(libc_a-memchr-stub.o)
                0x0800c43e                memchr
 .text.memcpy   0x0800c45a       0x1a C:/ST/STM32CubeIDE_1.19.0/STM32CubeIDE/plugins/com.st.stm32cube.ide.mcu.externaltools.gnu-tools-for-stm32.13.3.rel1.win32_1.0.0.202411081344/tools/bin/../lib/gcc/arm-none-eabi/13.3.1/../../../../arm-none-eabi/lib/thumb/v8-m.main+fp/hard\libc_nano.a(libc_a-memcpy-stub.o)
                0x0800c45a                memcpy
 .text.nanf     0x0800c474        0xc C:/ST/STM32CubeIDE_1.19.0/STM32CubeIDE/plugins/com.st.stm32cube.ide.mcu.externaltools.gnu-tools-for-stm32.13.3.rel1.win32_1.0.0.202411081344/tools/bin/../lib/gcc/arm-none-eabi/13.3.1/../../../../arm-none-eabi/lib/thumb/v8-m.main+fp/hard\libc_nano.a(libm_a-sf_nan.o)
                0x0800c474                nanf
 .text.quorem   0x0800c480      0x11a C:/ST/STM32CubeIDE_1.19.0/STM32CubeIDE/plugins/com.st.stm32cube.ide.mcu.externaltools.gnu-tools-for-stm32.13.3.rel1.win32_1.0.0.202411081344/tools/bin/../lib/gcc/arm-none-eabi/13.3.1/../../../../arm-none-eabi/lib/thumb/v8-m.main+fp/hard\libc_nano.a(libc_a-dtoa.o)
 *fill*         0x0800c59a        0x6 
 .text._dtoa_r  0x0800c5a0      0xba4 C:/ST/STM32CubeIDE_1.19.0/STM32CubeIDE/plugins/com.st.stm32cube.ide.mcu.externaltools.gnu-tools-for-stm32.13.3.rel1.win32_1.0.0.202411081344/tools/bin/../lib/gcc/arm-none-eabi/13.3.1/../../../../arm-none-eabi/lib/thumb/v8-m.main+fp/hard\libc_nano.a(libc_a-dtoa.o)
                0x0800c5a0                _dtoa_r
 .text._free_r  0x0800d144       0x94 C:/ST/STM32CubeIDE_1.19.0/STM32CubeIDE/plugins/com.st.stm32cube.ide.mcu.externaltools.gnu-tools-for-stm32.13.3.rel1.win32_1.0.0.202411081344/tools/bin/../lib/gcc/arm-none-eabi/13.3.1/../../../../arm-none-eabi/lib/thumb/v8-m.main+fp/hard\libc_nano.a(libc_a-freer.o)
                0x0800d144                _free_r
 .text.malloc   0x0800d1d8       0x10 C:/ST/STM32CubeIDE_1.19.0/STM32CubeIDE/plugins/com.st.stm32cube.ide.mcu.externaltools.gnu-tools-for-stm32.13.3.rel1.win32_1.0.0.202411081344/tools/bin/../lib/gcc/arm-none-eabi/13.3.1/../../../../arm-none-eabi/lib/thumb/v8-m.main+fp/hard\libc_nano.a(libc_a-malloc.o)
                0x0800d1d8                malloc
 .text.sbrk_aligned
                0x0800d1e8       0x44 C:/ST/STM32CubeIDE_1.19.0/STM32CubeIDE/plugins/com.st.stm32cube.ide.mcu.externaltools.gnu-tools-for-stm32.13.3.rel1.win32_1.0.0.202411081344/tools/bin/../lib/gcc/arm-none-eabi/13.3.1/../../../../arm-none-eabi/lib/thumb/v8-m.main+fp/hard\libc_nano.a(libc_a-mallocr.o)
 .text._malloc_r
                0x0800d22c      0x100 C:/ST/STM32CubeIDE_1.19.0/STM32CubeIDE/plugins/com.st.stm32cube.ide.mcu.externaltools.gnu-tools-for-stm32.13.3.rel1.win32_1.0.0.202411081344/tools/bin/../lib/gcc/arm-none-eabi/13.3.1/../../../../arm-none-eabi/lib/thumb/v8-m.main+fp/hard\libc_nano.a(libc_a-mallocr.o)
                0x0800d22c                _malloc_r
 .text.__malloc_lock
                0x0800d32c        0xc C:/ST/STM32CubeIDE_1.19.0/STM32CubeIDE/plugins/com.st.stm32cube.ide.mcu.externaltools.gnu-tools-for-stm32.13.3.rel1.win32_1.0.0.202411081344/tools/bin/../lib/gcc/arm-none-eabi/13.3.1/../../../../arm-none-eabi/lib/thumb/v8-m.main+fp/hard\libc_nano.a(libc_a-mlock.o)
                0x0800d32c                __malloc_lock
 .text.__malloc_unlock
                0x0800d338        0xc C:/ST/STM32CubeIDE_1.19.0/STM32CubeIDE/plugins/com.st.stm32cube.ide.mcu.externaltools.gnu-tools-for-stm32.13.3.rel1.win32_1.0.0.202411081344/tools/bin/../lib/gcc/arm-none-eabi/13.3.1/../../../../arm-none-eabi/lib/thumb/v8-m.main+fp/hard\libc_nano.a(libc_a-mlock.o)
                0x0800d338                __malloc_unlock
 .text._Balloc  0x0800d344       0x80 C:/ST/STM32CubeIDE_1.19.0/STM32CubeIDE/plugins/com.st.stm32cube.ide.mcu.externaltools.gnu-tools-for-stm32.13.3.rel1.win32_1.0.0.202411081344/tools/bin/../lib/gcc/arm-none-eabi/13.3.1/../../../../arm-none-eabi/lib/thumb/v8-m.main+fp/hard\libc_nano.a(libc_a-mprec.o)
                0x0800d344                _Balloc
 .text._Bfree   0x0800d3c4       0x44 C:/ST/STM32CubeIDE_1.19.0/STM32CubeIDE/plugins/com.st.stm32cube.ide.mcu.externaltools.gnu-tools-for-stm32.13.3.rel1.win32_1.0.0.202411081344/tools/bin/../lib/gcc/arm-none-eabi/13.3.1/../../../../arm-none-eabi/lib/thumb/v8-m.main+fp/hard\libc_nano.a(libc_a-mprec.o)
                0x0800d3c4                _Bfree
 .text.__multadd
                0x0800d408       0x90 C:/ST/STM32CubeIDE_1.19.0/STM32CubeIDE/plugins/com.st.stm32cube.ide.mcu.externaltools.gnu-tools-for-stm32.13.3.rel1.win32_1.0.0.202411081344/tools/bin/../lib/gcc/arm-none-eabi/13.3.1/../../../../arm-none-eabi/lib/thumb/v8-m.main+fp/hard\libc_nano.a(libc_a-mprec.o)
                0x0800d408                __multadd
 .text.__s2b    0x0800d498       0x94 C:/ST/STM32CubeIDE_1.19.0/STM32CubeIDE/plugins/com.st.stm32cube.ide.mcu.externaltools.gnu-tools-for-stm32.13.3.rel1.win32_1.0.0.202411081344/tools/bin/../lib/gcc/arm-none-eabi/13.3.1/../../../../arm-none-eabi/lib/thumb/v8-m.main+fp/hard\libc_nano.a(libc_a-mprec.o)
                0x0800d498                __s2b
 .text.__hi0bits
                0x0800d52c       0x3e C:/ST/STM32CubeIDE_1.19.0/STM32CubeIDE/plugins/com.st.stm32cube.ide.mcu.externaltools.gnu-tools-for-stm32.13.3.rel1.win32_1.0.0.202411081344/tools/bin/../lib/gcc/arm-none-eabi/13.3.1/../../../../arm-none-eabi/lib/thumb/v8-m.main+fp/hard\libc_nano.a(libc_a-mprec.o)
                0x0800d52c                __hi0bits
 .text.__lo0bits
                0x0800d56a       0x5a C:/ST/STM32CubeIDE_1.19.0/STM32CubeIDE/plugins/com.st.stm32cube.ide.mcu.externaltools.gnu-tools-for-stm32.13.3.rel1.win32_1.0.0.202411081344/tools/bin/../lib/gcc/arm-none-eabi/13.3.1/../../../../arm-none-eabi/lib/thumb/v8-m.main+fp/hard\libc_nano.a(libc_a-mprec.o)
                0x0800d56a                __lo0bits
 .text.__i2b    0x0800d5c4       0x2c C:/ST/STM32CubeIDE_1.19.0/STM32CubeIDE/plugins/com.st.stm32cube.ide.mcu.externaltools.gnu-tools-for-stm32.13.3.rel1.win32_1.0.0.202411081344/tools/bin/../lib/gcc/arm-none-eabi/13.3.1/../../../../arm-none-eabi/lib/thumb/v8-m.main+fp/hard\libc_nano.a(libc_a-mprec.o)
                0x0800d5c4                __i2b
 .text.__multiply
                0x0800d5f0      0x148 C:/ST/STM32CubeIDE_1.19.0/STM32CubeIDE/plugins/com.st.stm32cube.ide.mcu.externaltools.gnu-tools-for-stm32.13.3.rel1.win32_1.0.0.202411081344/tools/bin/../lib/gcc/arm-none-eabi/13.3.1/../../../../arm-none-eabi/lib/thumb/v8-m.main+fp/hard\libc_nano.a(libc_a-mprec.o)
                0x0800d5f0                __multiply
 .text.__pow5mult
                0x0800d738       0xb4 C:/ST/STM32CubeIDE_1.19.0/STM32CubeIDE/plugins/com.st.stm32cube.ide.mcu.externaltools.gnu-tools-for-stm32.13.3.rel1.win32_1.0.0.202411081344/tools/bin/../lib/gcc/arm-none-eabi/13.3.1/../../../../arm-none-eabi/lib/thumb/v8-m.main+fp/hard\libc_nano.a(libc_a-mprec.o)
                0x0800d738                __pow5mult
 .text.__lshift
                0x0800d7ec       0xd8 C:/ST/STM32CubeIDE_1.19.0/STM32CubeIDE/plugins/com.st.stm32cube.ide.mcu.externaltools.gnu-tools-for-stm32.13.3.rel1.win32_1.0.0.202411081344/tools/bin/../lib/gcc/arm-none-eabi/13.3.1/../../../../arm-none-eabi/lib/thumb/v8-m.main+fp/hard\libc_nano.a(libc_a-mprec.o)
                0x0800d7ec                __lshift
 .text.__mcmp   0x0800d8c4       0x36 C:/ST/STM32CubeIDE_1.19.0/STM32CubeIDE/plugins/com.st.stm32cube.ide.mcu.externaltools.gnu-tools-for-stm32.13.3.rel1.win32_1.0.0.202411081344/tools/bin/../lib/gcc/arm-none-eabi/13.3.1/../../../../arm-none-eabi/lib/thumb/v8-m.main+fp/hard\libc_nano.a(libc_a-mprec.o)
                0x0800d8c4                __mcmp
 *fill*         0x0800d8fa        0x2 
 .text.__mdiff  0x0800d8fc      0x130 C:/ST/STM32CubeIDE_1.19.0/STM32CubeIDE/plugins/com.st.stm32cube.ide.mcu.externaltools.gnu-tools-for-stm32.13.3.rel1.win32_1.0.0.202411081344/tools/bin/../lib/gcc/arm-none-eabi/13.3.1/../../../../arm-none-eabi/lib/thumb/v8-m.main+fp/hard\libc_nano.a(libc_a-mprec.o)
                0x0800d8fc                __mdiff
 .text.__ulp    0x0800da2c       0x4c C:/ST/STM32CubeIDE_1.19.0/STM32CubeIDE/plugins/com.st.stm32cube.ide.mcu.externaltools.gnu-tools-for-stm32.13.3.rel1.win32_1.0.0.202411081344/tools/bin/../lib/gcc/arm-none-eabi/13.3.1/../../../../arm-none-eabi/lib/thumb/v8-m.main+fp/hard\libc_nano.a(libc_a-mprec.o)
                0x0800da2c                __ulp
 .text.__b2d    0x0800da78       0x9c C:/ST/STM32CubeIDE_1.19.0/STM32CubeIDE/plugins/com.st.stm32cube.ide.mcu.externaltools.gnu-tools-for-stm32.13.3.rel1.win32_1.0.0.202411081344/tools/bin/../lib/gcc/arm-none-eabi/13.3.1/../../../../arm-none-eabi/lib/thumb/v8-m.main+fp/hard\libc_nano.a(libc_a-mprec.o)
                0x0800da78                __b2d
 .text.__d2b    0x0800db14       0xb0 C:/ST/STM32CubeIDE_1.19.0/STM32CubeIDE/plugins/com.st.stm32cube.ide.mcu.externaltools.gnu-tools-for-stm32.13.3.rel1.win32_1.0.0.202411081344/tools/bin/../lib/gcc/arm-none-eabi/13.3.1/../../../../arm-none-eabi/lib/thumb/v8-m.main+fp/hard\libc_nano.a(libc_a-mprec.o)
                0x0800db14                __d2b
 .text.__ratio  0x0800dbc4       0x64 C:/ST/STM32CubeIDE_1.19.0/STM32CubeIDE/plugins/com.st.stm32cube.ide.mcu.externaltools.gnu-tools-for-stm32.13.3.rel1.win32_1.0.0.202411081344/tools/bin/../lib/gcc/arm-none-eabi/13.3.1/../../../../arm-none-eabi/lib/thumb/v8-m.main+fp/hard\libc_nano.a(libc_a-mprec.o)
                0x0800dbc4                __ratio
 .text.__copybits
                0x0800dc28       0x46 C:/ST/STM32CubeIDE_1.19.0/STM32CubeIDE/plugins/com.st.stm32cube.ide.mcu.externaltools.gnu-tools-for-stm32.13.3.rel1.win32_1.0.0.202411081344/tools/bin/../lib/gcc/arm-none-eabi/13.3.1/../../../../arm-none-eabi/lib/thumb/v8-m.main+fp/hard\libc_nano.a(libc_a-mprec.o)
                0x0800dc28                __copybits
 .text.__any_on
                0x0800dc6e       0x42 C:/ST/STM32CubeIDE_1.19.0/STM32CubeIDE/plugins/com.st.stm32cube.ide.mcu.externaltools.gnu-tools-for-stm32.13.3.rel1.win32_1.0.0.202411081344/tools/bin/../lib/gcc/arm-none-eabi/13.3.1/../../../../arm-none-eabi/lib/thumb/v8-m.main+fp/hard\libc_nano.a(libc_a-mprec.o)
                0x0800dc6e                __any_on
 .text.sulp     0x0800dcb0       0x3c C:/ST/STM32CubeIDE_1.19.0/STM32CubeIDE/plugins/com.st.stm32cube.ide.mcu.externaltools.gnu-tools-for-stm32.13.3.rel1.win32_1.0.0.202411081344/tools/bin/../lib/gcc/arm-none-eabi/13.3.1/../../../../arm-none-eabi/lib/thumb/v8-m.main+fp/hard\libc_nano.a(libc_a-strtod.o)
 *fill*         0x0800dcec        0x4 
 .text._strtod_l
                0x0800dcf0      0xbc8 C:/ST/STM32CubeIDE_1.19.0/STM32CubeIDE/plugins/com.st.stm32cube.ide.mcu.externaltools.gnu-tools-for-stm32.13.3.rel1.win32_1.0.0.202411081344/tools/bin/../lib/gcc/arm-none-eabi/13.3.1/../../../../arm-none-eabi/lib/thumb/v8-m.main+fp/hard\libc_nano.a(libc_a-strtod.o)
                0x0800dcf0                _strtod_l
 .text._strtod_r
                0x0800e8b8        0xc C:/ST/STM32CubeIDE_1.19.0/STM32CubeIDE/plugins/com.st.stm32cube.ide.mcu.externaltools.gnu-tools-for-stm32.13.3.rel1.win32_1.0.0.202411081344/tools/bin/../lib/gcc/arm-none-eabi/13.3.1/../../../../arm-none-eabi/lib/thumb/v8-m.main+fp/hard\libc_nano.a(libc_a-strtod.o)
                0x0800e8b8                _strtod_r
 .text._strtol_l.isra.0
                0x0800e8c4       0xf4 C:/ST/STM32CubeIDE_1.19.0/STM32CubeIDE/plugins/com.st.stm32cube.ide.mcu.externaltools.gnu-tools-for-stm32.13.3.rel1.win32_1.0.0.202411081344/tools/bin/../lib/gcc/arm-none-eabi/13.3.1/../../../../arm-none-eabi/lib/thumb/v8-m.main+fp/hard\libc_nano.a(libc_a-strtol.o)
 .text._strtol_r
                0x0800e9b8        0x4 C:/ST/STM32CubeIDE_1.19.0/STM32CubeIDE/plugins/com.st.stm32cube.ide.mcu.externaltools.gnu-tools-for-stm32.13.3.rel1.win32_1.0.0.202411081344/tools/bin/../lib/gcc/arm-none-eabi/13.3.1/../../../../arm-none-eabi/lib/thumb/v8-m.main+fp/hard\libc_nano.a(libc_a-strtol.o)
                0x0800e9b8                _strtol_r
 .text.__ssputs_r
                0x0800e9bc       0xb6 C:/ST/STM32CubeIDE_1.19.0/STM32CubeIDE/plugins/com.st.stm32cube.ide.mcu.externaltools.gnu-tools-for-stm32.13.3.rel1.win32_1.0.0.202411081344/tools/bin/../lib/gcc/arm-none-eabi/13.3.1/../../../../arm-none-eabi/lib/thumb/v8-m.main+fp/hard\libc_nano.a(libc_a-nano-svfprintf.o)
                0x0800e9bc                __ssputs_r
 *fill*         0x0800ea72        0x2 
 .text._svfprintf_r
                0x0800ea74      0x1f8 C:/ST/STM32CubeIDE_1.19.0/STM32CubeIDE/plugins/com.st.stm32cube.ide.mcu.externaltools.gnu-tools-for-stm32.13.3.rel1.win32_1.0.0.202411081344/tools/bin/../lib/gcc/arm-none-eabi/13.3.1/../../../../arm-none-eabi/lib/thumb/v8-m.main+fp/hard\libc_nano.a(libc_a-nano-svfprintf.o)
                0x0800ea74                _svfiprintf_r
                0x0800ea74                _svfprintf_r
 .text.__sflush_r
                0x0800ec6c      0x108 C:/ST/STM32CubeIDE_1.19.0/STM32CubeIDE/plugins/com.st.stm32cube.ide.mcu.externaltools.gnu-tools-for-stm32.13.3.rel1.win32_1.0.0.202411081344/tools/bin/../lib/gcc/arm-none-eabi/13.3.1/../../../../arm-none-eabi/lib/thumb/v8-m.main+fp/hard\libc_nano.a(libc_a-fflush.o)
                0x0800ec6c                __sflush_r
 .text._fflush_r
                0x0800ed74       0x50 C:/ST/STM32CubeIDE_1.19.0/STM32CubeIDE/plugins/com.st.stm32cube.ide.mcu.externaltools.gnu-tools-for-stm32.13.3.rel1.win32_1.0.0.202411081344/tools/bin/../lib/gcc/arm-none-eabi/13.3.1/../../../../arm-none-eabi/lib/thumb/v8-m.main+fp/hard\libc_nano.a(libc_a-fflush.o)